{
    "bowtie2": {
        "content": [
            187,
            {
                "BAMTOOLS_FILTER": {
                    "bamtools": "2.5.2",
                    "samtools": "1.15.1"
                },
                "BAM_REMOVE_ORPHANS": {
                    "samtools": "1.15.1"
                },
                "BEDTOOLS_GENOMECOV": {
                    "bedtools": "2.31.1"
                },
                "BOWTIE2_ALIGN": {
                    "bowtie2": "2.5.2",
                    "pigz": 2.6,
                    "samtools": 1.18
                },
                "BOWTIE2_BUILD": {
                    "bowtie2": "2.5.2"
                },
                "CUSTOM_GETCHROMSIZES": {
                    "getchromsizes": 1.2
                },
                "DEEPTOOLS_COMPUTEMATRIX": {
                    "deeptools": "3.5.5"
                },
                "DEEPTOOLS_PLOTHEATMAP": {
                    "deeptools": "3.5.5"
                },
                "DEEPTOOLS_PLOTPROFILE": {
                    "deeptools": "3.5.5"
                },
                "FASTQC": {
                    "fastqc": "0.12.1"
                },
                "GENOME_BLACKLIST_REGIONS": {
                    "bedtools": "2.30.0"
                },
                "GTF2BED": {
                    "perl": "5.26.2"
                },
                "IGV": {
                    "python": "3.8.3"
                },
                "PHANTOMPEAKQUALTOOLS": {
                    "phantompeakqualtools": "1.2.2"
                },
                "PICARD_COLLECTMULTIPLEMETRICS": {
                    "picard": "3.2.0-1-g3948afb6b"
                },
                "PICARD_MARKDUPLICATES": {
                    "picard": "3.2.0-1-g3948afb6b"
                },
                "PICARD_MERGESAMFILES": {
                    "picard": "3.2.0-1-g3948afb6b"
                },
                "SAMTOOLS_FLAGSTAT": {
                    "samtools": "1.22.1"
                },
                "SAMTOOLS_IDXSTATS": {
                    "samtools": 1.2
                },
                "SAMTOOLS_INDEX": {
                    "samtools": 1.2
                },
                "SAMTOOLS_SORT": {
                    "samtools": 1.2
                },
                "SAMTOOLS_STATS": {
                    "samtools": 1.2
                },
                "TRIMGALORE": {
                    "cutadapt": 3.4,
                    "trimgalore": "0.6.7"
                },
                "UCSC_BEDGRAPHTOBIGWIG": {
                    "ucsc": 445
                },
                "Workflow": {
                    "nf-core/chipseq": "v2.2.0dev"
                }
            },
            [
                "bowtie2",
                "bowtie2/merged_library",
                "bowtie2/merged_library/SPT5_INPUT_rep1.mLb.clN.sorted.bam",
                "bowtie2/merged_library/SPT5_INPUT_rep1.mLb.clN.sorted.bam.bai",
                "bowtie2/merged_library/SPT5_INPUT_rep2.mLb.clN.sorted.bam",
                "bowtie2/merged_library/SPT5_INPUT_rep2.mLb.clN.sorted.bam.bai",
                "bowtie2/merged_library/SPT5_T0_rep1.mLb.clN.sorted.bam",
                "bowtie2/merged_library/SPT5_T0_rep1.mLb.clN.sorted.bam.bai",
                "bowtie2/merged_library/SPT5_T0_rep2.mLb.clN.sorted.bam",
                "bowtie2/merged_library/SPT5_T0_rep2.mLb.clN.sorted.bam.bai",
                "bowtie2/merged_library/SPT5_T15_rep1.mLb.clN.sorted.bam",
                "bowtie2/merged_library/SPT5_T15_rep1.mLb.clN.sorted.bam.bai",
                "bowtie2/merged_library/SPT5_T15_rep2.mLb.clN.sorted.bam",
                "bowtie2/merged_library/SPT5_T15_rep2.mLb.clN.sorted.bam.bai",
                "bowtie2/merged_library/bigwig",
                "bowtie2/merged_library/bigwig/SPT5_INPUT_rep1.mLB.clN.bedGraph",
                "bowtie2/merged_library/bigwig/SPT5_INPUT_rep1.mLb.clN.bigWig",
                "bowtie2/merged_library/bigwig/SPT5_INPUT_rep2.mLB.clN.bedGraph",
                "bowtie2/merged_library/bigwig/SPT5_INPUT_rep2.mLb.clN.bigWig",
                "bowtie2/merged_library/bigwig/SPT5_T0_rep1.mLB.clN.bedGraph",
                "bowtie2/merged_library/bigwig/SPT5_T0_rep1.mLb.clN.bigWig",
                "bowtie2/merged_library/bigwig/SPT5_T0_rep2.mLB.clN.bedGraph",
                "bowtie2/merged_library/bigwig/SPT5_T0_rep2.mLb.clN.bigWig",
                "bowtie2/merged_library/bigwig/SPT5_T15_rep1.mLB.clN.bedGraph",
                "bowtie2/merged_library/bigwig/SPT5_T15_rep1.mLb.clN.bigWig",
                "bowtie2/merged_library/bigwig/SPT5_T15_rep2.mLB.clN.bedGraph",
                "bowtie2/merged_library/bigwig/SPT5_T15_rep2.mLb.clN.bigWig",
                "bowtie2/merged_library/deepTools",
                "bowtie2/merged_library/deepTools/plotProfile",
                "bowtie2/merged_library/deepTools/plotProfile/SPT5_INPUT_rep1.mLb.clN.computeMatrix.mat.gz",
                "bowtie2/merged_library/deepTools/plotProfile/SPT5_INPUT_rep1.mLb.clN.computeMatrix.vals.mat.tab",
                "bowtie2/merged_library/deepTools/plotProfile/SPT5_INPUT_rep1.mLb.clN.plotHeatmap.mat.tab",
                "bowtie2/merged_library/deepTools/plotProfile/SPT5_INPUT_rep1.mLb.clN.plotHeatmap.pdf",
                "bowtie2/merged_library/deepTools/plotProfile/SPT5_INPUT_rep1.mLb.clN.plotProfile.pdf",
                "bowtie2/merged_library/deepTools/plotProfile/SPT5_INPUT_rep1.mLb.clN.plotProfile.tab",
                "bowtie2/merged_library/deepTools/plotProfile/SPT5_INPUT_rep2.mLb.clN.computeMatrix.mat.gz",
                "bowtie2/merged_library/deepTools/plotProfile/SPT5_INPUT_rep2.mLb.clN.computeMatrix.vals.mat.tab",
                "bowtie2/merged_library/deepTools/plotProfile/SPT5_INPUT_rep2.mLb.clN.plotHeatmap.mat.tab",
                "bowtie2/merged_library/deepTools/plotProfile/SPT5_INPUT_rep2.mLb.clN.plotHeatmap.pdf",
                "bowtie2/merged_library/deepTools/plotProfile/SPT5_INPUT_rep2.mLb.clN.plotProfile.pdf",
                "bowtie2/merged_library/deepTools/plotProfile/SPT5_INPUT_rep2.mLb.clN.plotProfile.tab",
                "bowtie2/merged_library/deepTools/plotProfile/SPT5_T0_rep1.mLb.clN.computeMatrix.mat.gz",
                "bowtie2/merged_library/deepTools/plotProfile/SPT5_T0_rep1.mLb.clN.computeMatrix.vals.mat.tab",
                "bowtie2/merged_library/deepTools/plotProfile/SPT5_T0_rep1.mLb.clN.plotHeatmap.mat.tab",
                "bowtie2/merged_library/deepTools/plotProfile/SPT5_T0_rep1.mLb.clN.plotHeatmap.pdf",
                "bowtie2/merged_library/deepTools/plotProfile/SPT5_T0_rep1.mLb.clN.plotProfile.pdf",
                "bowtie2/merged_library/deepTools/plotProfile/SPT5_T0_rep1.mLb.clN.plotProfile.tab",
                "bowtie2/merged_library/deepTools/plotProfile/SPT5_T0_rep2.mLb.clN.computeMatrix.mat.gz",
                "bowtie2/merged_library/deepTools/plotProfile/SPT5_T0_rep2.mLb.clN.computeMatrix.vals.mat.tab",
                "bowtie2/merged_library/deepTools/plotProfile/SPT5_T0_rep2.mLb.clN.plotHeatmap.mat.tab",
                "bowtie2/merged_library/deepTools/plotProfile/SPT5_T0_rep2.mLb.clN.plotHeatmap.pdf",
                "bowtie2/merged_library/deepTools/plotProfile/SPT5_T0_rep2.mLb.clN.plotProfile.pdf",
                "bowtie2/merged_library/deepTools/plotProfile/SPT5_T0_rep2.mLb.clN.plotProfile.tab",
                "bowtie2/merged_library/deepTools/plotProfile/SPT5_T15_rep1.mLb.clN.computeMatrix.mat.gz",
                "bowtie2/merged_library/deepTools/plotProfile/SPT5_T15_rep1.mLb.clN.computeMatrix.vals.mat.tab",
                "bowtie2/merged_library/deepTools/plotProfile/SPT5_T15_rep1.mLb.clN.plotHeatmap.mat.tab",
                "bowtie2/merged_library/deepTools/plotProfile/SPT5_T15_rep1.mLb.clN.plotHeatmap.pdf",
                "bowtie2/merged_library/deepTools/plotProfile/SPT5_T15_rep1.mLb.clN.plotProfile.pdf",
                "bowtie2/merged_library/deepTools/plotProfile/SPT5_T15_rep1.mLb.clN.plotProfile.tab",
                "bowtie2/merged_library/deepTools/plotProfile/SPT5_T15_rep2.mLb.clN.computeMatrix.mat.gz",
                "bowtie2/merged_library/deepTools/plotProfile/SPT5_T15_rep2.mLb.clN.computeMatrix.vals.mat.tab",
                "bowtie2/merged_library/deepTools/plotProfile/SPT5_T15_rep2.mLb.clN.plotHeatmap.mat.tab",
                "bowtie2/merged_library/deepTools/plotProfile/SPT5_T15_rep2.mLb.clN.plotHeatmap.pdf",
                "bowtie2/merged_library/deepTools/plotProfile/SPT5_T15_rep2.mLb.clN.plotProfile.pdf",
                "bowtie2/merged_library/deepTools/plotProfile/SPT5_T15_rep2.mLb.clN.plotProfile.tab",
                "bowtie2/merged_library/phantompeakqualtools",
                "bowtie2/merged_library/phantompeakqualtools/SPT5_INPUT_rep1.spp.out",
                "bowtie2/merged_library/phantompeakqualtools/SPT5_INPUT_rep1.spp.pdf",
                "bowtie2/merged_library/phantompeakqualtools/SPT5_INPUT_rep1.spp_correlation_mqc.tsv",
                "bowtie2/merged_library/phantompeakqualtools/SPT5_INPUT_rep1.spp_nsc_mqc.tsv",
                "bowtie2/merged_library/phantompeakqualtools/SPT5_INPUT_rep1.spp_rsc_mqc.tsv",
                "bowtie2/merged_library/phantompeakqualtools/SPT5_INPUT_rep2.spp.out",
                "bowtie2/merged_library/phantompeakqualtools/SPT5_INPUT_rep2.spp.pdf",
                "bowtie2/merged_library/phantompeakqualtools/SPT5_INPUT_rep2.spp_correlation_mqc.tsv",
                "bowtie2/merged_library/phantompeakqualtools/SPT5_INPUT_rep2.spp_nsc_mqc.tsv",
                "bowtie2/merged_library/phantompeakqualtools/SPT5_INPUT_rep2.spp_rsc_mqc.tsv",
                "bowtie2/merged_library/phantompeakqualtools/SPT5_T0_rep1.spp.out",
                "bowtie2/merged_library/phantompeakqualtools/SPT5_T0_rep1.spp.pdf",
                "bowtie2/merged_library/phantompeakqualtools/SPT5_T0_rep1.spp_correlation_mqc.tsv",
                "bowtie2/merged_library/phantompeakqualtools/SPT5_T0_rep1.spp_nsc_mqc.tsv",
                "bowtie2/merged_library/phantompeakqualtools/SPT5_T0_rep1.spp_rsc_mqc.tsv",
                "bowtie2/merged_library/phantompeakqualtools/SPT5_T0_rep2.spp.out",
                "bowtie2/merged_library/phantompeakqualtools/SPT5_T0_rep2.spp.pdf",
                "bowtie2/merged_library/phantompeakqualtools/SPT5_T0_rep2.spp_correlation_mqc.tsv",
                "bowtie2/merged_library/phantompeakqualtools/SPT5_T0_rep2.spp_nsc_mqc.tsv",
                "bowtie2/merged_library/phantompeakqualtools/SPT5_T0_rep2.spp_rsc_mqc.tsv",
                "bowtie2/merged_library/phantompeakqualtools/SPT5_T15_rep1.spp.out",
                "bowtie2/merged_library/phantompeakqualtools/SPT5_T15_rep1.spp.pdf",
                "bowtie2/merged_library/phantompeakqualtools/SPT5_T15_rep1.spp_correlation_mqc.tsv",
                "bowtie2/merged_library/phantompeakqualtools/SPT5_T15_rep1.spp_nsc_mqc.tsv",
                "bowtie2/merged_library/phantompeakqualtools/SPT5_T15_rep1.spp_rsc_mqc.tsv",
                "bowtie2/merged_library/phantompeakqualtools/SPT5_T15_rep2.spp.out",
                "bowtie2/merged_library/phantompeakqualtools/SPT5_T15_rep2.spp.pdf",
                "bowtie2/merged_library/phantompeakqualtools/SPT5_T15_rep2.spp_correlation_mqc.tsv",
                "bowtie2/merged_library/phantompeakqualtools/SPT5_T15_rep2.spp_nsc_mqc.tsv",
                "bowtie2/merged_library/phantompeakqualtools/SPT5_T15_rep2.spp_rsc_mqc.tsv",
                "bowtie2/merged_library/picard_metrics",
                "bowtie2/merged_library/picard_metrics/SPT5_INPUT_rep1.mLb.clN.sorted.CollectMultipleMetrics.alignment_summary_metrics",
                "bowtie2/merged_library/picard_metrics/SPT5_INPUT_rep1.mLb.clN.sorted.CollectMultipleMetrics.base_distribution_by_cycle_metrics",
                "bowtie2/merged_library/picard_metrics/SPT5_INPUT_rep1.mLb.clN.sorted.CollectMultipleMetrics.insert_size_metrics",
                "bowtie2/merged_library/picard_metrics/SPT5_INPUT_rep1.mLb.clN.sorted.CollectMultipleMetrics.quality_by_cycle_metrics",
                "bowtie2/merged_library/picard_metrics/SPT5_INPUT_rep1.mLb.clN.sorted.CollectMultipleMetrics.quality_distribution_metrics",
                "bowtie2/merged_library/picard_metrics/SPT5_INPUT_rep1.mLb.mkD.sorted.MarkDuplicates.metrics.txt",
                "bowtie2/merged_library/picard_metrics/SPT5_INPUT_rep2.mLb.clN.sorted.CollectMultipleMetrics.alignment_summary_metrics",
                "bowtie2/merged_library/picard_metrics/SPT5_INPUT_rep2.mLb.clN.sorted.CollectMultipleMetrics.base_distribution_by_cycle_metrics",
                "bowtie2/merged_library/picard_metrics/SPT5_INPUT_rep2.mLb.clN.sorted.CollectMultipleMetrics.insert_size_metrics",
                "bowtie2/merged_library/picard_metrics/SPT5_INPUT_rep2.mLb.clN.sorted.CollectMultipleMetrics.quality_by_cycle_metrics",
                "bowtie2/merged_library/picard_metrics/SPT5_INPUT_rep2.mLb.clN.sorted.CollectMultipleMetrics.quality_distribution_metrics",
                "bowtie2/merged_library/picard_metrics/SPT5_INPUT_rep2.mLb.mkD.sorted.MarkDuplicates.metrics.txt",
                "bowtie2/merged_library/picard_metrics/SPT5_T0_rep1.mLb.clN.sorted.CollectMultipleMetrics.alignment_summary_metrics",
                "bowtie2/merged_library/picard_metrics/SPT5_T0_rep1.mLb.clN.sorted.CollectMultipleMetrics.base_distribution_by_cycle_metrics",
                "bowtie2/merged_library/picard_metrics/SPT5_T0_rep1.mLb.clN.sorted.CollectMultipleMetrics.insert_size_metrics",
                "bowtie2/merged_library/picard_metrics/SPT5_T0_rep1.mLb.clN.sorted.CollectMultipleMetrics.quality_by_cycle_metrics",
                "bowtie2/merged_library/picard_metrics/SPT5_T0_rep1.mLb.clN.sorted.CollectMultipleMetrics.quality_distribution_metrics",
                "bowtie2/merged_library/picard_metrics/SPT5_T0_rep1.mLb.mkD.sorted.MarkDuplicates.metrics.txt",
                "bowtie2/merged_library/picard_metrics/SPT5_T0_rep2.mLb.clN.sorted.CollectMultipleMetrics.alignment_summary_metrics",
                "bowtie2/merged_library/picard_metrics/SPT5_T0_rep2.mLb.clN.sorted.CollectMultipleMetrics.base_distribution_by_cycle_metrics",
                "bowtie2/merged_library/picard_metrics/SPT5_T0_rep2.mLb.clN.sorted.CollectMultipleMetrics.insert_size_metrics",
                "bowtie2/merged_library/picard_metrics/SPT5_T0_rep2.mLb.clN.sorted.CollectMultipleMetrics.quality_by_cycle_metrics",
                "bowtie2/merged_library/picard_metrics/SPT5_T0_rep2.mLb.clN.sorted.CollectMultipleMetrics.quality_distribution_metrics",
                "bowtie2/merged_library/picard_metrics/SPT5_T0_rep2.mLb.mkD.sorted.MarkDuplicates.metrics.txt",
                "bowtie2/merged_library/picard_metrics/SPT5_T15_rep1.mLb.clN.sorted.CollectMultipleMetrics.alignment_summary_metrics",
                "bowtie2/merged_library/picard_metrics/SPT5_T15_rep1.mLb.clN.sorted.CollectMultipleMetrics.base_distribution_by_cycle_metrics",
                "bowtie2/merged_library/picard_metrics/SPT5_T15_rep1.mLb.clN.sorted.CollectMultipleMetrics.insert_size_metrics",
                "bowtie2/merged_library/picard_metrics/SPT5_T15_rep1.mLb.clN.sorted.CollectMultipleMetrics.quality_by_cycle_metrics",
                "bowtie2/merged_library/picard_metrics/SPT5_T15_rep1.mLb.clN.sorted.CollectMultipleMetrics.quality_distribution_metrics",
                "bowtie2/merged_library/picard_metrics/SPT5_T15_rep1.mLb.mkD.sorted.MarkDuplicates.metrics.txt",
                "bowtie2/merged_library/picard_metrics/SPT5_T15_rep2.mLb.clN.sorted.CollectMultipleMetrics.alignment_summary_metrics",
                "bowtie2/merged_library/picard_metrics/SPT5_T15_rep2.mLb.clN.sorted.CollectMultipleMetrics.base_distribution_by_cycle_metrics",
                "bowtie2/merged_library/picard_metrics/SPT5_T15_rep2.mLb.clN.sorted.CollectMultipleMetrics.insert_size_metrics",
                "bowtie2/merged_library/picard_metrics/SPT5_T15_rep2.mLb.clN.sorted.CollectMultipleMetrics.quality_by_cycle_metrics",
                "bowtie2/merged_library/picard_metrics/SPT5_T15_rep2.mLb.clN.sorted.CollectMultipleMetrics.quality_distribution_metrics",
                "bowtie2/merged_library/picard_metrics/SPT5_T15_rep2.mLb.mkD.sorted.MarkDuplicates.metrics.txt",
                "bowtie2/merged_library/picard_metrics/pdf",
                "bowtie2/merged_library/picard_metrics/pdf/SPT5_INPUT_rep1.mLb.clN.sorted.CollectMultipleMetrics.base_distribution_by_cycle.pdf",
                "bowtie2/merged_library/picard_metrics/pdf/SPT5_INPUT_rep1.mLb.clN.sorted.CollectMultipleMetrics.insert_size_histogram.pdf",
                "bowtie2/merged_library/picard_metrics/pdf/SPT5_INPUT_rep1.mLb.clN.sorted.CollectMultipleMetrics.quality_by_cycle.pdf",
                "bowtie2/merged_library/picard_metrics/pdf/SPT5_INPUT_rep1.mLb.clN.sorted.CollectMultipleMetrics.quality_distribution.pdf",
                "bowtie2/merged_library/picard_metrics/pdf/SPT5_INPUT_rep1.mLb.clN.sorted.CollectMultipleMetrics.read_length_histogram.pdf",
                "bowtie2/merged_library/picard_metrics/pdf/SPT5_INPUT_rep2.mLb.clN.sorted.CollectMultipleMetrics.base_distribution_by_cycle.pdf",
                "bowtie2/merged_library/picard_metrics/pdf/SPT5_INPUT_rep2.mLb.clN.sorted.CollectMultipleMetrics.insert_size_histogram.pdf",
                "bowtie2/merged_library/picard_metrics/pdf/SPT5_INPUT_rep2.mLb.clN.sorted.CollectMultipleMetrics.quality_by_cycle.pdf",
                "bowtie2/merged_library/picard_metrics/pdf/SPT5_INPUT_rep2.mLb.clN.sorted.CollectMultipleMetrics.quality_distribution.pdf",
                "bowtie2/merged_library/picard_metrics/pdf/SPT5_INPUT_rep2.mLb.clN.sorted.CollectMultipleMetrics.read_length_histogram.pdf",
                "bowtie2/merged_library/picard_metrics/pdf/SPT5_T0_rep1.mLb.clN.sorted.CollectMultipleMetrics.base_distribution_by_cycle.pdf",
                "bowtie2/merged_library/picard_metrics/pdf/SPT5_T0_rep1.mLb.clN.sorted.CollectMultipleMetrics.insert_size_histogram.pdf",
                "bowtie2/merged_library/picard_metrics/pdf/SPT5_T0_rep1.mLb.clN.sorted.CollectMultipleMetrics.quality_by_cycle.pdf",
                "bowtie2/merged_library/picard_metrics/pdf/SPT5_T0_rep1.mLb.clN.sorted.CollectMultipleMetrics.quality_distribution.pdf",
                "bowtie2/merged_library/picard_metrics/pdf/SPT5_T0_rep1.mLb.clN.sorted.CollectMultipleMetrics.read_length_histogram.pdf",
                "bowtie2/merged_library/picard_metrics/pdf/SPT5_T0_rep2.mLb.clN.sorted.CollectMultipleMetrics.base_distribution_by_cycle.pdf",
                "bowtie2/merged_library/picard_metrics/pdf/SPT5_T0_rep2.mLb.clN.sorted.CollectMultipleMetrics.insert_size_histogram.pdf",
                "bowtie2/merged_library/picard_metrics/pdf/SPT5_T0_rep2.mLb.clN.sorted.CollectMultipleMetrics.quality_by_cycle.pdf",
                "bowtie2/merged_library/picard_metrics/pdf/SPT5_T0_rep2.mLb.clN.sorted.CollectMultipleMetrics.quality_distribution.pdf",
                "bowtie2/merged_library/picard_metrics/pdf/SPT5_T0_rep2.mLb.clN.sorted.CollectMultipleMetrics.read_length_histogram.pdf",
                "bowtie2/merged_library/picard_metrics/pdf/SPT5_T15_rep1.mLb.clN.sorted.CollectMultipleMetrics.base_distribution_by_cycle.pdf",
                "bowtie2/merged_library/picard_metrics/pdf/SPT5_T15_rep1.mLb.clN.sorted.CollectMultipleMetrics.insert_size_histogram.pdf",
                "bowtie2/merged_library/picard_metrics/pdf/SPT5_T15_rep1.mLb.clN.sorted.CollectMultipleMetrics.quality_by_cycle.pdf",
                "bowtie2/merged_library/picard_metrics/pdf/SPT5_T15_rep1.mLb.clN.sorted.CollectMultipleMetrics.quality_distribution.pdf",
                "bowtie2/merged_library/picard_metrics/pdf/SPT5_T15_rep1.mLb.clN.sorted.CollectMultipleMetrics.read_length_histogram.pdf",
                "bowtie2/merged_library/picard_metrics/pdf/SPT5_T15_rep2.mLb.clN.sorted.CollectMultipleMetrics.base_distribution_by_cycle.pdf",
                "bowtie2/merged_library/picard_metrics/pdf/SPT5_T15_rep2.mLb.clN.sorted.CollectMultipleMetrics.insert_size_histogram.pdf",
                "bowtie2/merged_library/picard_metrics/pdf/SPT5_T15_rep2.mLb.clN.sorted.CollectMultipleMetrics.quality_by_cycle.pdf",
                "bowtie2/merged_library/picard_metrics/pdf/SPT5_T15_rep2.mLb.clN.sorted.CollectMultipleMetrics.quality_distribution.pdf",
                "bowtie2/merged_library/picard_metrics/pdf/SPT5_T15_rep2.mLb.clN.sorted.CollectMultipleMetrics.read_length_histogram.pdf",
                "bowtie2/merged_library/samtools_stats",
                "bowtie2/merged_library/samtools_stats/SPT5_INPUT_rep1.mLb.clN.sorted.bam.flagstat",
                "bowtie2/merged_library/samtools_stats/SPT5_INPUT_rep1.mLb.clN.sorted.bam.idxstats",
                "bowtie2/merged_library/samtools_stats/SPT5_INPUT_rep1.mLb.clN.sorted.bam.stats",
                "bowtie2/merged_library/samtools_stats/SPT5_INPUT_rep2.mLb.clN.sorted.bam.flagstat",
                "bowtie2/merged_library/samtools_stats/SPT5_INPUT_rep2.mLb.clN.sorted.bam.idxstats",
                "bowtie2/merged_library/samtools_stats/SPT5_INPUT_rep2.mLb.clN.sorted.bam.stats",
                "bowtie2/merged_library/samtools_stats/SPT5_T0_rep1.mLb.clN.sorted.bam.flagstat",
                "bowtie2/merged_library/samtools_stats/SPT5_T0_rep1.mLb.clN.sorted.bam.idxstats",
                "bowtie2/merged_library/samtools_stats/SPT5_T0_rep1.mLb.clN.sorted.bam.stats",
                "bowtie2/merged_library/samtools_stats/SPT5_T0_rep2.mLb.clN.sorted.bam.flagstat",
                "bowtie2/merged_library/samtools_stats/SPT5_T0_rep2.mLb.clN.sorted.bam.idxstats",
                "bowtie2/merged_library/samtools_stats/SPT5_T0_rep2.mLb.clN.sorted.bam.stats",
                "bowtie2/merged_library/samtools_stats/SPT5_T15_rep1.mLb.clN.sorted.bam.flagstat",
                "bowtie2/merged_library/samtools_stats/SPT5_T15_rep1.mLb.clN.sorted.bam.idxstats",
                "bowtie2/merged_library/samtools_stats/SPT5_T15_rep1.mLb.clN.sorted.bam.stats",
                "bowtie2/merged_library/samtools_stats/SPT5_T15_rep2.mLb.clN.sorted.bam.flagstat",
                "bowtie2/merged_library/samtools_stats/SPT5_T15_rep2.mLb.clN.sorted.bam.idxstats",
                "bowtie2/merged_library/samtools_stats/SPT5_T15_rep2.mLb.clN.sorted.bam.stats",
                "fastqc",
                "fastqc/SPT5_INPUT_rep1_1_fastqc.html",
                "fastqc/SPT5_INPUT_rep1_2_fastqc.html",
                "fastqc/SPT5_INPUT_rep2_1_fastqc.html",
                "fastqc/SPT5_INPUT_rep2_2_fastqc.html",
                "fastqc/SPT5_T0_rep1_1_fastqc.html",
                "fastqc/SPT5_T0_rep1_2_fastqc.html",
                "fastqc/SPT5_T0_rep2_1_fastqc.html",
                "fastqc/SPT5_T0_rep2_2_fastqc.html",
                "fastqc/SPT5_T15_rep1_1_fastqc.html",
                "fastqc/SPT5_T15_rep1_2_fastqc.html",
                "fastqc/SPT5_T15_rep2_1_fastqc.html",
                "fastqc/SPT5_T15_rep2_2_fastqc.html",
                "fastqc/zips",
                "fastqc/zips/SPT5_INPUT_rep1_1_fastqc.zip",
                "fastqc/zips/SPT5_INPUT_rep1_2_fastqc.zip",
                "fastqc/zips/SPT5_INPUT_rep2_1_fastqc.zip",
                "fastqc/zips/SPT5_INPUT_rep2_2_fastqc.zip",
                "fastqc/zips/SPT5_T0_rep1_1_fastqc.zip",
                "fastqc/zips/SPT5_T0_rep1_2_fastqc.zip",
                "fastqc/zips/SPT5_T0_rep2_1_fastqc.zip",
                "fastqc/zips/SPT5_T0_rep2_2_fastqc.zip",
                "fastqc/zips/SPT5_T15_rep1_1_fastqc.zip",
                "fastqc/zips/SPT5_T15_rep1_2_fastqc.zip",
                "fastqc/zips/SPT5_T15_rep2_1_fastqc.zip",
                "fastqc/zips/SPT5_T15_rep2_2_fastqc.zip",
                "genome",
                "genome/genome.fa",
                "genome/genome.fa.fai",
                "genome/genome.fa.sizes",
                "igv",
                "igv/broad_peak",
                "igv/broad_peak/igv_files.txt",
                "igv/broad_peak/igv_session.xml",
                "multiqc",
                "multiqc/broad_peak",
                "multiqc/broad_peak/multiqc_data",
                "multiqc/broad_peak/multiqc_data/cutadapt_filtered_reads_plot.yaml",
                "multiqc/broad_peak/multiqc_data/cutadapt_trimmed_sequences_plot_3_Counts.yaml",
                "multiqc/broad_peak/multiqc_data/cutadapt_trimmed_sequences_plot_3_Obs_Exp.yaml",
                "multiqc/broad_peak/multiqc_data/deeptools_plot_profile_mlib_deeptools.yaml",
                "multiqc/broad_peak/multiqc_data/fastqc-1-status-check-heatmap.yaml",
                "multiqc/broad_peak/multiqc_data/fastqc-1_per_base_n_content_plot.yaml",
                "multiqc/broad_peak/multiqc_data/fastqc-1_per_base_sequence_quality_plot.yaml",
                "multiqc/broad_peak/multiqc_data/fastqc-1_per_sequence_gc_content_plot_Counts.yaml",
                "multiqc/broad_peak/multiqc_data/fastqc-1_per_sequence_gc_content_plot_Percentages.yaml",
                "multiqc/broad_peak/multiqc_data/fastqc-1_per_sequence_quality_scores_plot.yaml",
                "multiqc/broad_peak/multiqc_data/fastqc-1_sequence_counts_plot.yaml",
                "multiqc/broad_peak/multiqc_data/fastqc-1_sequence_duplication_levels_plot.yaml",
                "multiqc/broad_peak/multiqc_data/fastqc-1_top_overrepresented_sequences_table.yaml",
                "multiqc/broad_peak/multiqc_data/fastqc-status-check-heatmap.yaml",
                "multiqc/broad_peak/multiqc_data/fastqc_adapter_content_plot.yaml",
                "multiqc/broad_peak/multiqc_data/fastqc_per_base_n_content_plot.yaml",
                "multiqc/broad_peak/multiqc_data/fastqc_per_base_sequence_quality_plot.yaml",
                "multiqc/broad_peak/multiqc_data/fastqc_per_sequence_gc_content_plot_Counts.yaml",
                "multiqc/broad_peak/multiqc_data/fastqc_per_sequence_gc_content_plot_Percentages.yaml",
                "multiqc/broad_peak/multiqc_data/fastqc_per_sequence_quality_scores_plot.yaml",
                "multiqc/broad_peak/multiqc_data/fastqc_sequence_counts_plot.yaml",
                "multiqc/broad_peak/multiqc_data/fastqc_sequence_duplication_levels_plot.yaml",
                "multiqc/broad_peak/multiqc_data/fastqc_sequence_length_distribution_plot.yaml",
                "multiqc/broad_peak/multiqc_data/fastqc_top_overrepresented_sequences_table.yaml",
                "multiqc/broad_peak/multiqc_data/multiqc.log",
                "multiqc/broad_peak/multiqc_data/multiqc_citations.yaml",
                "multiqc/broad_peak/multiqc_data/multiqc_cutadapt.yaml",
                "multiqc/broad_peak/multiqc_data/multiqc_data.json",
                "multiqc/broad_peak/multiqc_data/multiqc_fastqc.yaml",
                "multiqc/broad_peak/multiqc_data/multiqc_fastqc_1.yaml",
                "multiqc/broad_peak/multiqc_data/multiqc_nsc_coefficient.yaml",
                "multiqc/broad_peak/multiqc_data/multiqc_phantompeakqualtools.yaml",
                "multiqc/broad_peak/multiqc_data/multiqc_picard-1_AlignmentSummaryMetrics.yaml",
                "multiqc/broad_peak/multiqc_data/multiqc_picard-1_insertSize.yaml",
                "multiqc/broad_peak/multiqc_data/multiqc_picard-1_quality_by_cycle.yaml",
                "multiqc/broad_peak/multiqc_data/multiqc_picard-1_quality_score_distribution.yaml",
                "multiqc/broad_peak/multiqc_data/multiqc_picard_baseContent.yaml",
                "multiqc/broad_peak/multiqc_data/multiqc_picard_dups.yaml",
                "multiqc/broad_peak/multiqc_data/multiqc_rsc_coefficient.yaml",
                "multiqc/broad_peak/multiqc_data/multiqc_samtools_flagstat.yaml",
                "multiqc/broad_peak/multiqc_data/multiqc_samtools_flagstat_1.yaml",
                "multiqc/broad_peak/multiqc_data/multiqc_samtools_flagstat_2.yaml",
                "multiqc/broad_peak/multiqc_data/multiqc_samtools_idxstats.yaml",
                "multiqc/broad_peak/multiqc_data/multiqc_samtools_idxstats_1.yaml",
                "multiqc/broad_peak/multiqc_data/multiqc_samtools_idxstats_2.yaml",
                "multiqc/broad_peak/multiqc_data/multiqc_samtools_stats.yaml",
                "multiqc/broad_peak/multiqc_data/multiqc_samtools_stats_1.yaml",
                "multiqc/broad_peak/multiqc_data/multiqc_samtools_stats_2.yaml",
                "multiqc/broad_peak/multiqc_data/multiqc_software_versions.yaml",
                "multiqc/broad_peak/multiqc_data/multiqc_sources.yaml",
                "multiqc/broad_peak/multiqc_data/multiqc_strand_shift_correlation.yaml",
                "multiqc/broad_peak/multiqc_data/picard-1_alignment_readlength_plot.yaml",
                "multiqc/broad_peak/multiqc_data/picard-1_alignment_summary_Aligned_Bases.yaml",
                "multiqc/broad_peak/multiqc_data/picard-1_alignment_summary_Aligned_Reads.yaml",
                "multiqc/broad_peak/multiqc_data/picard-1_histogram.yaml",
                "multiqc/broad_peak/multiqc_data/picard-1_histogram_1.yaml",
                "multiqc/broad_peak/multiqc_data/picard-1_histogram_2.yaml",
                "multiqc/broad_peak/multiqc_data/picard-1_insert_size_Counts.yaml",
                "multiqc/broad_peak/multiqc_data/picard-1_insert_size_Percentages.yaml",
                "multiqc/broad_peak/multiqc_data/picard-1_quality_by_cycle.yaml",
                "multiqc/broad_peak/multiqc_data/picard-1_quality_score_distribution.yaml",
                "multiqc/broad_peak/multiqc_data/picard_base_distribution_by_cycle__Adenine.yaml",
                "multiqc/broad_peak/multiqc_data/picard_base_distribution_by_cycle__Cytosine.yaml",
                "multiqc/broad_peak/multiqc_data/picard_base_distribution_by_cycle__Guanine.yaml",
                "multiqc/broad_peak/multiqc_data/picard_base_distribution_by_cycle__Thymine.yaml",
                "multiqc/broad_peak/multiqc_data/picard_base_distribution_by_cycle__Undetermined.yaml",
                "multiqc/broad_peak/multiqc_data/picard_deduplication.yaml",
                "multiqc/broad_peak/multiqc_data/picard_histogram.yaml",
                "multiqc/broad_peak/multiqc_data/picard_histogram_1.yaml",
                "multiqc/broad_peak/multiqc_data/picard_histogram_2.yaml",
                "multiqc/broad_peak/multiqc_data/read_distribution_profile.yaml",
                "multiqc/broad_peak/multiqc_data/samtools-flagstat-dp_Percentage_of_total-1.yaml",
                "multiqc/broad_peak/multiqc_data/samtools-flagstat-dp_Percentage_of_total-2.yaml",
                "multiqc/broad_peak/multiqc_data/samtools-flagstat-dp_Percentage_of_total.yaml",
                "multiqc/broad_peak/multiqc_data/samtools-flagstat-dp_Read_counts-1.yaml",
                "multiqc/broad_peak/multiqc_data/samtools-flagstat-dp_Read_counts-2.yaml",
                "multiqc/broad_peak/multiqc_data/samtools-flagstat-dp_Read_counts.yaml",
                "multiqc/broad_peak/multiqc_data/samtools-idxstats-mapped-reads-plot_Normalised_Counts-1.yaml",
                "multiqc/broad_peak/multiqc_data/samtools-idxstats-mapped-reads-plot_Normalised_Counts-2.yaml",
                "multiqc/broad_peak/multiqc_data/samtools-idxstats-mapped-reads-plot_Normalised_Counts.yaml",
                "multiqc/broad_peak/multiqc_data/samtools-idxstats-mapped-reads-plot_Observed_over_Expected_Counts-1.yaml",
                "multiqc/broad_peak/multiqc_data/samtools-idxstats-mapped-reads-plot_Observed_over_Expected_Counts-2.yaml",
                "multiqc/broad_peak/multiqc_data/samtools-idxstats-mapped-reads-plot_Observed_over_Expected_Counts.yaml",
                "multiqc/broad_peak/multiqc_data/samtools-idxstats-mapped-reads-plot_Raw_Counts-1.yaml",
                "multiqc/broad_peak/multiqc_data/samtools-idxstats-mapped-reads-plot_Raw_Counts-2.yaml",
                "multiqc/broad_peak/multiqc_data/samtools-idxstats-mapped-reads-plot_Raw_Counts.yaml",
                "multiqc/broad_peak/multiqc_data/samtools-stats-dp.yaml",
                "multiqc/broad_peak/multiqc_data/samtools_alignment_plot.yaml",
                "multiqc/broad_peak/multiqc_plots",
                "multiqc/broad_peak/multiqc_plots/pdf",
                "multiqc/broad_peak/multiqc_plots/pdf/cutadapt_filtered_reads_plot-cnt.pdf",
                "multiqc/broad_peak/multiqc_plots/pdf/cutadapt_filtered_reads_plot-pct.pdf",
                "multiqc/broad_peak/multiqc_plots/pdf/cutadapt_trimmed_sequences_plot_3_Counts.pdf",
                "multiqc/broad_peak/multiqc_plots/pdf/cutadapt_trimmed_sequences_plot_3_Obs_Exp.pdf",
                "multiqc/broad_peak/multiqc_plots/pdf/fastqc-1-status-check-heatmap.pdf",
                "multiqc/broad_peak/multiqc_plots/pdf/fastqc-1_per_base_n_content_plot.pdf",
                "multiqc/broad_peak/multiqc_plots/pdf/fastqc-1_per_base_sequence_quality_plot.pdf",
                "multiqc/broad_peak/multiqc_plots/pdf/fastqc-1_per_sequence_gc_content_plot_Counts.pdf",
                "multiqc/broad_peak/multiqc_plots/pdf/fastqc-1_per_sequence_gc_content_plot_Percentages.pdf",
                "multiqc/broad_peak/multiqc_plots/pdf/fastqc-1_per_sequence_quality_scores_plot.pdf",
                "multiqc/broad_peak/multiqc_plots/pdf/fastqc-1_sequence_counts_plot-cnt.pdf",
                "multiqc/broad_peak/multiqc_plots/pdf/fastqc-1_sequence_counts_plot-pct.pdf",
                "multiqc/broad_peak/multiqc_plots/pdf/fastqc-1_sequence_duplication_levels_plot.pdf",
                "multiqc/broad_peak/multiqc_plots/pdf/fastqc-1_top_overrepresented_sequences_table.pdf",
                "multiqc/broad_peak/multiqc_plots/pdf/fastqc-status-check-heatmap.pdf",
                "multiqc/broad_peak/multiqc_plots/pdf/fastqc_adapter_content_plot.pdf",
                "multiqc/broad_peak/multiqc_plots/pdf/fastqc_per_base_n_content_plot.pdf",
                "multiqc/broad_peak/multiqc_plots/pdf/fastqc_per_base_sequence_quality_plot.pdf",
                "multiqc/broad_peak/multiqc_plots/pdf/fastqc_per_sequence_gc_content_plot_Counts.pdf",
                "multiqc/broad_peak/multiqc_plots/pdf/fastqc_per_sequence_gc_content_plot_Percentages.pdf",
                "multiqc/broad_peak/multiqc_plots/pdf/fastqc_per_sequence_quality_scores_plot.pdf",
                "multiqc/broad_peak/multiqc_plots/pdf/fastqc_sequence_counts_plot-cnt.pdf",
                "multiqc/broad_peak/multiqc_plots/pdf/fastqc_sequence_counts_plot-pct.pdf",
                "multiqc/broad_peak/multiqc_plots/pdf/fastqc_sequence_duplication_levels_plot.pdf",
                "multiqc/broad_peak/multiqc_plots/pdf/fastqc_sequence_length_distribution_plot.pdf",
                "multiqc/broad_peak/multiqc_plots/pdf/fastqc_top_overrepresented_sequences_table.pdf",
                "multiqc/broad_peak/multiqc_plots/pdf/nsc_coefficient-cnt.pdf",
                "multiqc/broad_peak/multiqc_plots/pdf/nsc_coefficient-pct.pdf",
                "multiqc/broad_peak/multiqc_plots/pdf/picard-1_alignment_readlength_plot.pdf",
                "multiqc/broad_peak/multiqc_plots/pdf/picard-1_alignment_summary_Aligned_Bases-cnt.pdf",
                "multiqc/broad_peak/multiqc_plots/pdf/picard-1_alignment_summary_Aligned_Bases-pct.pdf",
                "multiqc/broad_peak/multiqc_plots/pdf/picard-1_alignment_summary_Aligned_Reads-cnt.pdf",
                "multiqc/broad_peak/multiqc_plots/pdf/picard-1_alignment_summary_Aligned_Reads-pct.pdf",
                "multiqc/broad_peak/multiqc_plots/pdf/picard-1_insert_size_Counts.pdf",
                "multiqc/broad_peak/multiqc_plots/pdf/picard-1_insert_size_Percentages.pdf",
                "multiqc/broad_peak/multiqc_plots/pdf/picard-1_quality_by_cycle.pdf",
                "multiqc/broad_peak/multiqc_plots/pdf/picard-1_quality_score_distribution.pdf",
                "multiqc/broad_peak/multiqc_plots/pdf/picard_base_distribution_by_cycle__Adenine.pdf",
                "multiqc/broad_peak/multiqc_plots/pdf/picard_base_distribution_by_cycle__Cytosine.pdf",
                "multiqc/broad_peak/multiqc_plots/pdf/picard_base_distribution_by_cycle__Guanine.pdf",
                "multiqc/broad_peak/multiqc_plots/pdf/picard_base_distribution_by_cycle__Thymine.pdf",
                "multiqc/broad_peak/multiqc_plots/pdf/picard_base_distribution_by_cycle__Undetermined.pdf",
                "multiqc/broad_peak/multiqc_plots/pdf/picard_deduplication-cnt.pdf",
                "multiqc/broad_peak/multiqc_plots/pdf/picard_deduplication-pct.pdf",
                "multiqc/broad_peak/multiqc_plots/pdf/read_distribution_profile.pdf",
                "multiqc/broad_peak/multiqc_plots/pdf/rsc_coefficient-cnt.pdf",
                "multiqc/broad_peak/multiqc_plots/pdf/rsc_coefficient-pct.pdf",
                "multiqc/broad_peak/multiqc_plots/pdf/samtools-flagstat-dp_Percentage_of_total-1.pdf",
                "multiqc/broad_peak/multiqc_plots/pdf/samtools-flagstat-dp_Percentage_of_total-2.pdf",
                "multiqc/broad_peak/multiqc_plots/pdf/samtools-flagstat-dp_Percentage_of_total.pdf",
                "multiqc/broad_peak/multiqc_plots/pdf/samtools-flagstat-dp_Read_counts-1.pdf",
                "multiqc/broad_peak/multiqc_plots/pdf/samtools-flagstat-dp_Read_counts-2.pdf",
                "multiqc/broad_peak/multiqc_plots/pdf/samtools-flagstat-dp_Read_counts.pdf",
                "multiqc/broad_peak/multiqc_plots/pdf/samtools-idxstats-mapped-reads-plot_Normalised_Counts-1-cnt.pdf",
                "multiqc/broad_peak/multiqc_plots/pdf/samtools-idxstats-mapped-reads-plot_Normalised_Counts-1-log.pdf",
                "multiqc/broad_peak/multiqc_plots/pdf/samtools-idxstats-mapped-reads-plot_Normalised_Counts-2-cnt.pdf",
                "multiqc/broad_peak/multiqc_plots/pdf/samtools-idxstats-mapped-reads-plot_Normalised_Counts-2-log.pdf",
                "multiqc/broad_peak/multiqc_plots/pdf/samtools-idxstats-mapped-reads-plot_Normalised_Counts-cnt.pdf",
                "multiqc/broad_peak/multiqc_plots/pdf/samtools-idxstats-mapped-reads-plot_Normalised_Counts-log.pdf",
                "multiqc/broad_peak/multiqc_plots/pdf/samtools-idxstats-mapped-reads-plot_Observed_over_Expected_Counts-1-cnt.pdf",
                "multiqc/broad_peak/multiqc_plots/pdf/samtools-idxstats-mapped-reads-plot_Observed_over_Expected_Counts-1-log.pdf",
                "multiqc/broad_peak/multiqc_plots/pdf/samtools-idxstats-mapped-reads-plot_Observed_over_Expected_Counts-2-cnt.pdf",
                "multiqc/broad_peak/multiqc_plots/pdf/samtools-idxstats-mapped-reads-plot_Observed_over_Expected_Counts-2-log.pdf",
                "multiqc/broad_peak/multiqc_plots/pdf/samtools-idxstats-mapped-reads-plot_Observed_over_Expected_Counts-cnt.pdf",
                "multiqc/broad_peak/multiqc_plots/pdf/samtools-idxstats-mapped-reads-plot_Observed_over_Expected_Counts-log.pdf",
                "multiqc/broad_peak/multiqc_plots/pdf/samtools-idxstats-mapped-reads-plot_Raw_Counts-1-cnt.pdf",
                "multiqc/broad_peak/multiqc_plots/pdf/samtools-idxstats-mapped-reads-plot_Raw_Counts-1-log.pdf",
                "multiqc/broad_peak/multiqc_plots/pdf/samtools-idxstats-mapped-reads-plot_Raw_Counts-2-cnt.pdf",
                "multiqc/broad_peak/multiqc_plots/pdf/samtools-idxstats-mapped-reads-plot_Raw_Counts-2-log.pdf",
                "multiqc/broad_peak/multiqc_plots/pdf/samtools-idxstats-mapped-reads-plot_Raw_Counts-cnt.pdf",
                "multiqc/broad_peak/multiqc_plots/pdf/samtools-idxstats-mapped-reads-plot_Raw_Counts-log.pdf",
                "multiqc/broad_peak/multiqc_plots/pdf/samtools-stats-dp.pdf",
                "multiqc/broad_peak/multiqc_plots/pdf/samtools_alignment_plot-cnt.pdf",
                "multiqc/broad_peak/multiqc_plots/pdf/samtools_alignment_plot-pct.pdf",
                "multiqc/broad_peak/multiqc_plots/pdf/strand_shift_correlation.pdf",
                "multiqc/broad_peak/multiqc_plots/png",
                "multiqc/broad_peak/multiqc_plots/png/cutadapt_filtered_reads_plot-cnt.png",
                "multiqc/broad_peak/multiqc_plots/png/cutadapt_filtered_reads_plot-pct.png",
                "multiqc/broad_peak/multiqc_plots/png/cutadapt_trimmed_sequences_plot_3_Counts.png",
                "multiqc/broad_peak/multiqc_plots/png/cutadapt_trimmed_sequences_plot_3_Obs_Exp.png",
                "multiqc/broad_peak/multiqc_plots/png/fastqc-1-status-check-heatmap.png",
                "multiqc/broad_peak/multiqc_plots/png/fastqc-1_per_base_n_content_plot.png",
                "multiqc/broad_peak/multiqc_plots/png/fastqc-1_per_base_sequence_quality_plot.png",
                "multiqc/broad_peak/multiqc_plots/png/fastqc-1_per_sequence_gc_content_plot_Counts.png",
                "multiqc/broad_peak/multiqc_plots/png/fastqc-1_per_sequence_gc_content_plot_Percentages.png",
                "multiqc/broad_peak/multiqc_plots/png/fastqc-1_per_sequence_quality_scores_plot.png",
                "multiqc/broad_peak/multiqc_plots/png/fastqc-1_sequence_counts_plot-cnt.png",
                "multiqc/broad_peak/multiqc_plots/png/fastqc-1_sequence_counts_plot-pct.png",
                "multiqc/broad_peak/multiqc_plots/png/fastqc-1_sequence_duplication_levels_plot.png",
                "multiqc/broad_peak/multiqc_plots/png/fastqc-1_top_overrepresented_sequences_table.png",
                "multiqc/broad_peak/multiqc_plots/png/fastqc-status-check-heatmap.png",
                "multiqc/broad_peak/multiqc_plots/png/fastqc_adapter_content_plot.png",
                "multiqc/broad_peak/multiqc_plots/png/fastqc_per_base_n_content_plot.png",
                "multiqc/broad_peak/multiqc_plots/png/fastqc_per_base_sequence_quality_plot.png",
                "multiqc/broad_peak/multiqc_plots/png/fastqc_per_sequence_gc_content_plot_Counts.png",
                "multiqc/broad_peak/multiqc_plots/png/fastqc_per_sequence_gc_content_plot_Percentages.png",
                "multiqc/broad_peak/multiqc_plots/png/fastqc_per_sequence_quality_scores_plot.png",
                "multiqc/broad_peak/multiqc_plots/png/fastqc_sequence_counts_plot-cnt.png",
                "multiqc/broad_peak/multiqc_plots/png/fastqc_sequence_counts_plot-pct.png",
                "multiqc/broad_peak/multiqc_plots/png/fastqc_sequence_duplication_levels_plot.png",
                "multiqc/broad_peak/multiqc_plots/png/fastqc_sequence_length_distribution_plot.png",
                "multiqc/broad_peak/multiqc_plots/png/fastqc_top_overrepresented_sequences_table.png",
                "multiqc/broad_peak/multiqc_plots/png/nsc_coefficient-cnt.png",
                "multiqc/broad_peak/multiqc_plots/png/nsc_coefficient-pct.png",
                "multiqc/broad_peak/multiqc_plots/png/picard-1_alignment_readlength_plot.png",
                "multiqc/broad_peak/multiqc_plots/png/picard-1_alignment_summary_Aligned_Bases-cnt.png",
                "multiqc/broad_peak/multiqc_plots/png/picard-1_alignment_summary_Aligned_Bases-pct.png",
                "multiqc/broad_peak/multiqc_plots/png/picard-1_alignment_summary_Aligned_Reads-cnt.png",
                "multiqc/broad_peak/multiqc_plots/png/picard-1_alignment_summary_Aligned_Reads-pct.png",
                "multiqc/broad_peak/multiqc_plots/png/picard-1_insert_size_Counts.png",
                "multiqc/broad_peak/multiqc_plots/png/picard-1_insert_size_Percentages.png",
                "multiqc/broad_peak/multiqc_plots/png/picard-1_quality_by_cycle.png",
                "multiqc/broad_peak/multiqc_plots/png/picard-1_quality_score_distribution.png",
                "multiqc/broad_peak/multiqc_plots/png/picard_base_distribution_by_cycle__Adenine.png",
                "multiqc/broad_peak/multiqc_plots/png/picard_base_distribution_by_cycle__Cytosine.png",
                "multiqc/broad_peak/multiqc_plots/png/picard_base_distribution_by_cycle__Guanine.png",
                "multiqc/broad_peak/multiqc_plots/png/picard_base_distribution_by_cycle__Thymine.png",
                "multiqc/broad_peak/multiqc_plots/png/picard_base_distribution_by_cycle__Undetermined.png",
                "multiqc/broad_peak/multiqc_plots/png/picard_deduplication-cnt.png",
                "multiqc/broad_peak/multiqc_plots/png/picard_deduplication-pct.png",
                "multiqc/broad_peak/multiqc_plots/png/read_distribution_profile.png",
                "multiqc/broad_peak/multiqc_plots/png/rsc_coefficient-cnt.png",
                "multiqc/broad_peak/multiqc_plots/png/rsc_coefficient-pct.png",
                "multiqc/broad_peak/multiqc_plots/png/samtools-flagstat-dp_Percentage_of_total-1.png",
                "multiqc/broad_peak/multiqc_plots/png/samtools-flagstat-dp_Percentage_of_total-2.png",
                "multiqc/broad_peak/multiqc_plots/png/samtools-flagstat-dp_Percentage_of_total.png",
                "multiqc/broad_peak/multiqc_plots/png/samtools-flagstat-dp_Read_counts-1.png",
                "multiqc/broad_peak/multiqc_plots/png/samtools-flagstat-dp_Read_counts-2.png",
                "multiqc/broad_peak/multiqc_plots/png/samtools-flagstat-dp_Read_counts.png",
                "multiqc/broad_peak/multiqc_plots/png/samtools-idxstats-mapped-reads-plot_Normalised_Counts-1-cnt.png",
                "multiqc/broad_peak/multiqc_plots/png/samtools-idxstats-mapped-reads-plot_Normalised_Counts-1-log.png",
                "multiqc/broad_peak/multiqc_plots/png/samtools-idxstats-mapped-reads-plot_Normalised_Counts-2-cnt.png",
                "multiqc/broad_peak/multiqc_plots/png/samtools-idxstats-mapped-reads-plot_Normalised_Counts-2-log.png",
                "multiqc/broad_peak/multiqc_plots/png/samtools-idxstats-mapped-reads-plot_Normalised_Counts-cnt.png",
                "multiqc/broad_peak/multiqc_plots/png/samtools-idxstats-mapped-reads-plot_Normalised_Counts-log.png",
                "multiqc/broad_peak/multiqc_plots/png/samtools-idxstats-mapped-reads-plot_Observed_over_Expected_Counts-1-cnt.png",
                "multiqc/broad_peak/multiqc_plots/png/samtools-idxstats-mapped-reads-plot_Observed_over_Expected_Counts-1-log.png",
                "multiqc/broad_peak/multiqc_plots/png/samtools-idxstats-mapped-reads-plot_Observed_over_Expected_Counts-2-cnt.png",
                "multiqc/broad_peak/multiqc_plots/png/samtools-idxstats-mapped-reads-plot_Observed_over_Expected_Counts-2-log.png",
                "multiqc/broad_peak/multiqc_plots/png/samtools-idxstats-mapped-reads-plot_Observed_over_Expected_Counts-cnt.png",
                "multiqc/broad_peak/multiqc_plots/png/samtools-idxstats-mapped-reads-plot_Observed_over_Expected_Counts-log.png",
                "multiqc/broad_peak/multiqc_plots/png/samtools-idxstats-mapped-reads-plot_Raw_Counts-1-cnt.png",
                "multiqc/broad_peak/multiqc_plots/png/samtools-idxstats-mapped-reads-plot_Raw_Counts-1-log.png",
                "multiqc/broad_peak/multiqc_plots/png/samtools-idxstats-mapped-reads-plot_Raw_Counts-2-cnt.png",
                "multiqc/broad_peak/multiqc_plots/png/samtools-idxstats-mapped-reads-plot_Raw_Counts-2-log.png",
                "multiqc/broad_peak/multiqc_plots/png/samtools-idxstats-mapped-reads-plot_Raw_Counts-cnt.png",
                "multiqc/broad_peak/multiqc_plots/png/samtools-idxstats-mapped-reads-plot_Raw_Counts-log.png",
                "multiqc/broad_peak/multiqc_plots/png/samtools-stats-dp.png",
                "multiqc/broad_peak/multiqc_plots/png/samtools_alignment_plot-cnt.png",
                "multiqc/broad_peak/multiqc_plots/png/samtools_alignment_plot-pct.png",
                "multiqc/broad_peak/multiqc_plots/png/strand_shift_correlation.png",
                "multiqc/broad_peak/multiqc_plots/svg",
                "multiqc/broad_peak/multiqc_plots/svg/cutadapt_filtered_reads_plot-cnt.svg",
                "multiqc/broad_peak/multiqc_plots/svg/cutadapt_filtered_reads_plot-pct.svg",
                "multiqc/broad_peak/multiqc_plots/svg/cutadapt_trimmed_sequences_plot_3_Counts.svg",
                "multiqc/broad_peak/multiqc_plots/svg/cutadapt_trimmed_sequences_plot_3_Obs_Exp.svg",
                "multiqc/broad_peak/multiqc_plots/svg/fastqc-1-status-check-heatmap.svg",
                "multiqc/broad_peak/multiqc_plots/svg/fastqc-1_per_base_n_content_plot.svg",
                "multiqc/broad_peak/multiqc_plots/svg/fastqc-1_per_base_sequence_quality_plot.svg",
                "multiqc/broad_peak/multiqc_plots/svg/fastqc-1_per_sequence_gc_content_plot_Counts.svg",
                "multiqc/broad_peak/multiqc_plots/svg/fastqc-1_per_sequence_gc_content_plot_Percentages.svg",
                "multiqc/broad_peak/multiqc_plots/svg/fastqc-1_per_sequence_quality_scores_plot.svg",
                "multiqc/broad_peak/multiqc_plots/svg/fastqc-1_sequence_counts_plot-cnt.svg",
                "multiqc/broad_peak/multiqc_plots/svg/fastqc-1_sequence_counts_plot-pct.svg",
                "multiqc/broad_peak/multiqc_plots/svg/fastqc-1_sequence_duplication_levels_plot.svg",
                "multiqc/broad_peak/multiqc_plots/svg/fastqc-1_top_overrepresented_sequences_table.svg",
                "multiqc/broad_peak/multiqc_plots/svg/fastqc-status-check-heatmap.svg",
                "multiqc/broad_peak/multiqc_plots/svg/fastqc_adapter_content_plot.svg",
                "multiqc/broad_peak/multiqc_plots/svg/fastqc_per_base_n_content_plot.svg",
                "multiqc/broad_peak/multiqc_plots/svg/fastqc_per_base_sequence_quality_plot.svg",
                "multiqc/broad_peak/multiqc_plots/svg/fastqc_per_sequence_gc_content_plot_Counts.svg",
                "multiqc/broad_peak/multiqc_plots/svg/fastqc_per_sequence_gc_content_plot_Percentages.svg",
                "multiqc/broad_peak/multiqc_plots/svg/fastqc_per_sequence_quality_scores_plot.svg",
                "multiqc/broad_peak/multiqc_plots/svg/fastqc_sequence_counts_plot-cnt.svg",
                "multiqc/broad_peak/multiqc_plots/svg/fastqc_sequence_counts_plot-pct.svg",
                "multiqc/broad_peak/multiqc_plots/svg/fastqc_sequence_duplication_levels_plot.svg",
                "multiqc/broad_peak/multiqc_plots/svg/fastqc_sequence_length_distribution_plot.svg",
                "multiqc/broad_peak/multiqc_plots/svg/fastqc_top_overrepresented_sequences_table.svg",
                "multiqc/broad_peak/multiqc_plots/svg/nsc_coefficient-cnt.svg",
                "multiqc/broad_peak/multiqc_plots/svg/nsc_coefficient-pct.svg",
                "multiqc/broad_peak/multiqc_plots/svg/picard-1_alignment_readlength_plot.svg",
                "multiqc/broad_peak/multiqc_plots/svg/picard-1_alignment_summary_Aligned_Bases-cnt.svg",
                "multiqc/broad_peak/multiqc_plots/svg/picard-1_alignment_summary_Aligned_Bases-pct.svg",
                "multiqc/broad_peak/multiqc_plots/svg/picard-1_alignment_summary_Aligned_Reads-cnt.svg",
                "multiqc/broad_peak/multiqc_plots/svg/picard-1_alignment_summary_Aligned_Reads-pct.svg",
                "multiqc/broad_peak/multiqc_plots/svg/picard-1_insert_size_Counts.svg",
                "multiqc/broad_peak/multiqc_plots/svg/picard-1_insert_size_Percentages.svg",
                "multiqc/broad_peak/multiqc_plots/svg/picard-1_quality_by_cycle.svg",
                "multiqc/broad_peak/multiqc_plots/svg/picard-1_quality_score_distribution.svg",
                "multiqc/broad_peak/multiqc_plots/svg/picard_base_distribution_by_cycle__Adenine.svg",
                "multiqc/broad_peak/multiqc_plots/svg/picard_base_distribution_by_cycle__Cytosine.svg",
                "multiqc/broad_peak/multiqc_plots/svg/picard_base_distribution_by_cycle__Guanine.svg",
                "multiqc/broad_peak/multiqc_plots/svg/picard_base_distribution_by_cycle__Thymine.svg",
                "multiqc/broad_peak/multiqc_plots/svg/picard_base_distribution_by_cycle__Undetermined.svg",
                "multiqc/broad_peak/multiqc_plots/svg/picard_deduplication-cnt.svg",
                "multiqc/broad_peak/multiqc_plots/svg/picard_deduplication-pct.svg",
                "multiqc/broad_peak/multiqc_plots/svg/read_distribution_profile.svg",
                "multiqc/broad_peak/multiqc_plots/svg/rsc_coefficient-cnt.svg",
                "multiqc/broad_peak/multiqc_plots/svg/rsc_coefficient-pct.svg",
                "multiqc/broad_peak/multiqc_plots/svg/samtools-flagstat-dp_Percentage_of_total-1.svg",
                "multiqc/broad_peak/multiqc_plots/svg/samtools-flagstat-dp_Percentage_of_total-2.svg",
                "multiqc/broad_peak/multiqc_plots/svg/samtools-flagstat-dp_Percentage_of_total.svg",
                "multiqc/broad_peak/multiqc_plots/svg/samtools-flagstat-dp_Read_counts-1.svg",
                "multiqc/broad_peak/multiqc_plots/svg/samtools-flagstat-dp_Read_counts-2.svg",
                "multiqc/broad_peak/multiqc_plots/svg/samtools-flagstat-dp_Read_counts.svg",
                "multiqc/broad_peak/multiqc_plots/svg/samtools-idxstats-mapped-reads-plot_Normalised_Counts-1-cnt.svg",
                "multiqc/broad_peak/multiqc_plots/svg/samtools-idxstats-mapped-reads-plot_Normalised_Counts-1-log.svg",
                "multiqc/broad_peak/multiqc_plots/svg/samtools-idxstats-mapped-reads-plot_Normalised_Counts-2-cnt.svg",
                "multiqc/broad_peak/multiqc_plots/svg/samtools-idxstats-mapped-reads-plot_Normalised_Counts-2-log.svg",
                "multiqc/broad_peak/multiqc_plots/svg/samtools-idxstats-mapped-reads-plot_Normalised_Counts-cnt.svg",
                "multiqc/broad_peak/multiqc_plots/svg/samtools-idxstats-mapped-reads-plot_Normalised_Counts-log.svg",
                "multiqc/broad_peak/multiqc_plots/svg/samtools-idxstats-mapped-reads-plot_Observed_over_Expected_Counts-1-cnt.svg",
                "multiqc/broad_peak/multiqc_plots/svg/samtools-idxstats-mapped-reads-plot_Observed_over_Expected_Counts-1-log.svg",
                "multiqc/broad_peak/multiqc_plots/svg/samtools-idxstats-mapped-reads-plot_Observed_over_Expected_Counts-2-cnt.svg",
                "multiqc/broad_peak/multiqc_plots/svg/samtools-idxstats-mapped-reads-plot_Observed_over_Expected_Counts-2-log.svg",
                "multiqc/broad_peak/multiqc_plots/svg/samtools-idxstats-mapped-reads-plot_Observed_over_Expected_Counts-cnt.svg",
                "multiqc/broad_peak/multiqc_plots/svg/samtools-idxstats-mapped-reads-plot_Observed_over_Expected_Counts-log.svg",
                "multiqc/broad_peak/multiqc_plots/svg/samtools-idxstats-mapped-reads-plot_Raw_Counts-1-cnt.svg",
                "multiqc/broad_peak/multiqc_plots/svg/samtools-idxstats-mapped-reads-plot_Raw_Counts-1-log.svg",
                "multiqc/broad_peak/multiqc_plots/svg/samtools-idxstats-mapped-reads-plot_Raw_Counts-2-cnt.svg",
                "multiqc/broad_peak/multiqc_plots/svg/samtools-idxstats-mapped-reads-plot_Raw_Counts-2-log.svg",
                "multiqc/broad_peak/multiqc_plots/svg/samtools-idxstats-mapped-reads-plot_Raw_Counts-cnt.svg",
                "multiqc/broad_peak/multiqc_plots/svg/samtools-idxstats-mapped-reads-plot_Raw_Counts-log.svg",
                "multiqc/broad_peak/multiqc_plots/svg/samtools-stats-dp.svg",
                "multiqc/broad_peak/multiqc_plots/svg/samtools_alignment_plot-cnt.svg",
                "multiqc/broad_peak/multiqc_plots/svg/samtools_alignment_plot-pct.svg",
                "multiqc/broad_peak/multiqc_plots/svg/strand_shift_correlation.svg",
                "multiqc/broad_peak/multiqc_report.html",
                "pipeline_info",
                "pipeline_info/nf_core_chipseq_software_mqc_versions.yml",
                "trimgalore",
                "trimgalore/fastqc",
                "trimgalore/fastqc/SPT5_INPUT_rep1_1_val_1_fastqc.html",
                "trimgalore/fastqc/SPT5_INPUT_rep1_2_val_2_fastqc.html",
                "trimgalore/fastqc/SPT5_INPUT_rep2_1_val_1_fastqc.html",
                "trimgalore/fastqc/SPT5_INPUT_rep2_2_val_2_fastqc.html",
                "trimgalore/fastqc/SPT5_T0_rep1_1_val_1_fastqc.html",
                "trimgalore/fastqc/SPT5_T0_rep1_2_val_2_fastqc.html",
                "trimgalore/fastqc/SPT5_T0_rep2_1_val_1_fastqc.html",
                "trimgalore/fastqc/SPT5_T0_rep2_2_val_2_fastqc.html",
                "trimgalore/fastqc/SPT5_T15_rep1_1_val_1_fastqc.html",
                "trimgalore/fastqc/SPT5_T15_rep1_2_val_2_fastqc.html",
                "trimgalore/fastqc/SPT5_T15_rep2_1_val_1_fastqc.html",
                "trimgalore/fastqc/SPT5_T15_rep2_2_val_2_fastqc.html",
                "trimgalore/fastqc/zips",
                "trimgalore/fastqc/zips/SPT5_INPUT_rep1_1_val_1_fastqc.zip",
                "trimgalore/fastqc/zips/SPT5_INPUT_rep1_2_val_2_fastqc.zip",
                "trimgalore/fastqc/zips/SPT5_INPUT_rep2_1_val_1_fastqc.zip",
                "trimgalore/fastqc/zips/SPT5_INPUT_rep2_2_val_2_fastqc.zip",
                "trimgalore/fastqc/zips/SPT5_T0_rep1_1_val_1_fastqc.zip",
                "trimgalore/fastqc/zips/SPT5_T0_rep1_2_val_2_fastqc.zip",
                "trimgalore/fastqc/zips/SPT5_T0_rep2_1_val_1_fastqc.zip",
                "trimgalore/fastqc/zips/SPT5_T0_rep2_2_val_2_fastqc.zip",
                "trimgalore/fastqc/zips/SPT5_T15_rep1_1_val_1_fastqc.zip",
                "trimgalore/fastqc/zips/SPT5_T15_rep1_2_val_2_fastqc.zip",
                "trimgalore/fastqc/zips/SPT5_T15_rep2_1_val_1_fastqc.zip",
                "trimgalore/fastqc/zips/SPT5_T15_rep2_2_val_2_fastqc.zip",
                "trimgalore/logs",
                "trimgalore/logs/SPT5_INPUT_rep1_1.fastq.gz_trimming_report.txt",
                "trimgalore/logs/SPT5_INPUT_rep1_2.fastq.gz_trimming_report.txt",
                "trimgalore/logs/SPT5_INPUT_rep2_1.fastq.gz_trimming_report.txt",
                "trimgalore/logs/SPT5_INPUT_rep2_2.fastq.gz_trimming_report.txt",
                "trimgalore/logs/SPT5_T0_rep1_1.fastq.gz_trimming_report.txt",
                "trimgalore/logs/SPT5_T0_rep1_2.fastq.gz_trimming_report.txt",
                "trimgalore/logs/SPT5_T0_rep2_1.fastq.gz_trimming_report.txt",
                "trimgalore/logs/SPT5_T0_rep2_2.fastq.gz_trimming_report.txt",
                "trimgalore/logs/SPT5_T15_rep1_1.fastq.gz_trimming_report.txt",
                "trimgalore/logs/SPT5_T15_rep1_2.fastq.gz_trimming_report.txt",
                "trimgalore/logs/SPT5_T15_rep2_1.fastq.gz_trimming_report.txt",
                "trimgalore/logs/SPT5_T15_rep2_2.fastq.gz_trimming_report.txt"
            ],
            [
                "SPT5_INPUT_rep1.mLB.clN.bedGraph:md5,3185527dd339a8dbcca453f97ecc0860",
                "SPT5_INPUT_rep2.mLB.clN.bedGraph:md5,bdc6ce913840caa034fe12f11dc3f821",
                "SPT5_T0_rep1.mLB.clN.bedGraph:md5,d50a212ac1477362e6266ebb3aa6c857",
                "SPT5_T0_rep2.mLB.clN.bedGraph:md5,ac8049a66f664f4f52e55738bb1b8482",
                "SPT5_T15_rep1.mLB.clN.bedGraph:md5,4dd8e393d018debbb6da34bf8a9b9c65",
                "SPT5_T15_rep2.mLB.clN.bedGraph:md5,2b646aa9a12ee41987726118058a7e21",
                "SPT5_INPUT_rep1.mLb.clN.sorted.bam.flagstat:md5,5789960a9102d6f53433dcdbb9b63940",
                "SPT5_INPUT_rep1.mLb.clN.sorted.bam.idxstats:md5,20a4ac025979cc12c3e0e6cb0bd9c839",
                "SPT5_INPUT_rep1.mLb.clN.sorted.bam.stats:md5,e5930624df039887697fe66388948435",
                "SPT5_INPUT_rep2.mLb.clN.sorted.bam.flagstat:md5,56fe278c68a4f836efbe239f66b3635e",
                "SPT5_INPUT_rep2.mLb.clN.sorted.bam.idxstats:md5,f887cfebeaf5ed7d6ce9e140ef25d14d",
                "SPT5_INPUT_rep2.mLb.clN.sorted.bam.stats:md5,8d021d3e67739eecfef2da8a9b0b0e4c",
                "SPT5_T0_rep1.mLb.clN.sorted.bam.flagstat:md5,e48ad478b51b1eb0958c6888335a5b3b",
                "SPT5_T0_rep1.mLb.clN.sorted.bam.idxstats:md5,2db8beecdf01eea6bceec07f280b7591",
                "SPT5_T0_rep1.mLb.clN.sorted.bam.stats:md5,82b5cfa7d8c16cc3dd60e8f38cd94fd3",
                "SPT5_T0_rep2.mLb.clN.sorted.bam.flagstat:md5,ee0ff6d897ed617d54ef35bc499baebb",
                "SPT5_T0_rep2.mLb.clN.sorted.bam.idxstats:md5,71093ea767abc746e484b6f68948406d",
                "SPT5_T0_rep2.mLb.clN.sorted.bam.stats:md5,f51a61fc1aa6d622b430e991e4210661",
                "SPT5_T15_rep1.mLb.clN.sorted.bam.flagstat:md5,748ae9991a2ea3164782bc1fd9ec0383",
                "SPT5_T15_rep1.mLb.clN.sorted.bam.idxstats:md5,62d3d5ba9a5e43a60cbf5848ee983a1a",
                "SPT5_T15_rep1.mLb.clN.sorted.bam.stats:md5,e81c23f963042f6e744c9ffab0856eef",
                "SPT5_T15_rep2.mLb.clN.sorted.bam.flagstat:md5,3b2bc62b2b78909b246e93c82087e917",
                "SPT5_T15_rep2.mLb.clN.sorted.bam.idxstats:md5,b0817cf18f52ab9a0fca71b5bd57ced6",
                "SPT5_T15_rep2.mLb.clN.sorted.bam.stats:md5,a75ca0df5af9926dc1b3a8a96354e9b9",
                "genome.fa:md5,4bad9f4b18056156a81f7f952abbe125",
                "genome.fa.fai:md5,6f4c0ce5258e6948135ad006e1f9ee1b",
                "genome.fa.sizes:md5,e122f8021a5ef14104c32785cb9b7adc",
                "cutadapt_filtered_reads_plot.yaml:md5,24c0a200a4991abc43722098cba7335a",
                "cutadapt_trimmed_sequences_plot_3_Counts.yaml:md5,c6f663d172854225a9c1af031226c8cb",
                "cutadapt_trimmed_sequences_plot_3_Obs_Exp.yaml:md5,b857fa57f904c409e3905c1d6164b4b3",
                "fastqc-1-status-check-heatmap.yaml:md5,3a38d0c81ae568e07636ec6f096162a7",
                "fastqc-1_per_base_n_content_plot.yaml:md5,f31fc6b24e1b7ae160b473e1a78c9a46",
                "fastqc-1_per_base_sequence_quality_plot.yaml:md5,2ad33cd260d8bffd2fe4461309f820f6",
                "fastqc-1_per_sequence_gc_content_plot_Counts.yaml:md5,bb21417822a7ad985de5a9161add71a8",
                "fastqc-1_per_sequence_gc_content_plot_Percentages.yaml:md5,19c5949c8155af2175273502d5eca04f",
                "fastqc-1_per_sequence_quality_scores_plot.yaml:md5,d957f7e3b09f5112a3253574bf518cb9",
                "fastqc-1_sequence_counts_plot.yaml:md5,aaa331185f9bd6a1f1e2ac662ff93a7b",
                "fastqc-1_sequence_duplication_levels_plot.yaml:md5,41dbd8beda9d06067e0ff0bad35a52f7",
                "fastqc-1_top_overrepresented_sequences_table.yaml:md5,8a80554c91d9fca8acb82f023de02f11",
                "fastqc-status-check-heatmap.yaml:md5,735618bef1e56ee95417ad4aa05983ce",
                "fastqc_adapter_content_plot.yaml:md5,bcbd28c1aa6bc4c446d8ab7ff3344356",
                "fastqc_per_base_n_content_plot.yaml:md5,435ffbb377c0729249c316c35aa5a08f",
                "fastqc_per_base_sequence_quality_plot.yaml:md5,eea9f7351dd013df7712fd00d0ac2241",
                "fastqc_per_sequence_gc_content_plot_Counts.yaml:md5,5f1ab6f624e5660428725804a2edc75c",
                "fastqc_per_sequence_gc_content_plot_Percentages.yaml:md5,7adfd2616e1098e58bab86ceed7434bf",
                "fastqc_per_sequence_quality_scores_plot.yaml:md5,d6183307cf87d4a09281960c7ba8607a",
                "fastqc_sequence_counts_plot.yaml:md5,3543abf15a4c45007e7560eb020aacc8",
                "fastqc_sequence_duplication_levels_plot.yaml:md5,2cb3fb1353d1de2bf5def6c2f7faa356",
                "fastqc_sequence_length_distribution_plot.yaml:md5,e0814db7689c1782b253702b1109ce9e",
                "fastqc_top_overrepresented_sequences_table.yaml:md5,443e161371f73cebf63c14f7a9f3580d",
                "multiqc_citations.yaml:md5,c4cdebc20cfc52eb2eee741a36323b3e",
                "multiqc_cutadapt.yaml:md5,74b42e87a78ac23b716acec17b3f97b6",
                "multiqc_fastqc.yaml:md5,33eb21cad7eafc05b0646954fdeb3e99",
                "multiqc_fastqc_1.yaml:md5,7cd54ec9c1c4f5974bd7c3289971a9d5",
                "multiqc_nsc_coefficient.yaml:md5,9c95673dcd8580c448141a20cc728453",
                "multiqc_phantompeakqualtools.yaml:md5,9da19ff263aa845ca66568815cc0ed18",
                "multiqc_picard-1_AlignmentSummaryMetrics.yaml:md5,48b38e029b5eaadbc3d08ba897a6c7a9",
                "multiqc_picard-1_insertSize.yaml:md5,f5cfe3581c78753943bf42545a68dbe0",
                "multiqc_picard-1_quality_by_cycle.yaml:md5,35c3a3c3ef6ee7994c9f9369333dec90",
                "multiqc_picard-1_quality_score_distribution.yaml:md5,25c8c34010db7ad2021270d3c93cd199",
                "multiqc_picard_baseContent.yaml:md5,66f5e6ca93670f5cb99de8743e48b732",
                "multiqc_picard_dups.yaml:md5,9735671bfd1932256b2e027d01189773",
                "multiqc_rsc_coefficient.yaml:md5,4b6e9f16043d36e7452db3546ccd673f",
                "multiqc_samtools_flagstat.yaml:md5,f817d8d87848a49159e95ca882a6d573",
                "multiqc_samtools_flagstat_1.yaml:md5,68ee2c814745f5df3b8cd85a598989d4",
                "multiqc_samtools_flagstat_2.yaml:md5,a06647792974b524d0e6d98dca338e7b",
                "multiqc_samtools_idxstats.yaml:md5,13b7747b9ffb417f4d65a28169fa6723",
                "multiqc_samtools_idxstats_1.yaml:md5,13b7747b9ffb417f4d65a28169fa6723",
                "multiqc_samtools_idxstats_2.yaml:md5,3d6b7af675d81084de7d64d5e0608f69",
                "multiqc_samtools_stats.yaml:md5,4ebe54e103dc7df15005417dadefc009",
                "multiqc_samtools_stats_1.yaml:md5,04e2acba705ad0fcd6846c6daf119aec",
                "multiqc_samtools_stats_2.yaml:md5,fdedfe3725427d54edeab16dd9ffb127",
                "multiqc_strand_shift_correlation.yaml:md5,5fb944ecf420574f65b5607a56817e74",
                "picard-1_alignment_readlength_plot.yaml:md5,fb28849f04b9854d46f25c18844d61a3",
                "picard-1_alignment_summary_Aligned_Bases.yaml:md5,b14974b5d766b516fe5590d75926c483",
                "picard-1_alignment_summary_Aligned_Reads.yaml:md5,c68d3a6bd9718e4cb9104c04a9a37d94",
                "picard-1_histogram.yaml:md5,8a80554c91d9fca8acb82f023de02f11",
                "picard-1_histogram_1.yaml:md5,35c3a3c3ef6ee7994c9f9369333dec90",
                "picard-1_histogram_2.yaml:md5,25c8c34010db7ad2021270d3c93cd199",
                "picard-1_insert_size_Counts.yaml:md5,594d8f5a2b0090402141b4b3c35de44f",
                "picard-1_insert_size_Percentages.yaml:md5,147514a0943453ed38c4ae7404f49d3a",
                "picard-1_quality_by_cycle.yaml:md5,2d81004ef1e2aac8ec3edfbc54244f55",
                "picard-1_quality_score_distribution.yaml:md5,c213f90c580f7b016aadeee3d649dbae",
                "picard_base_distribution_by_cycle__Adenine.yaml:md5,ef8a06a235be12a0a87de62d05c53efb",
                "picard_base_distribution_by_cycle__Cytosine.yaml:md5,cd7d49ba79add43d8baf49e88d71b8bd",
                "picard_base_distribution_by_cycle__Guanine.yaml:md5,a225cfbd0960208cd7a0770c57ab2ffd",
                "picard_base_distribution_by_cycle__Thymine.yaml:md5,6467b656d5cf35c4ec8e0475cdad1ba2",
                "picard_base_distribution_by_cycle__Undetermined.yaml:md5,ff257ee984e936dc7a667903a1b57910",
                "picard_deduplication.yaml:md5,3d4744bc84f79e288a1c41f3ee5e3dd4",
                "picard_histogram.yaml:md5,8a80554c91d9fca8acb82f023de02f11",
                "picard_histogram_1.yaml:md5,8a80554c91d9fca8acb82f023de02f11",
                "picard_histogram_2.yaml:md5,8a80554c91d9fca8acb82f023de02f11",
                "samtools-flagstat-dp_Percentage_of_total-1.yaml:md5,20f1147560cf3be7cb851b4db3aa4f76",
                "samtools-flagstat-dp_Percentage_of_total-2.yaml:md5,2d4f66069e759db7af0d387611571c19",
                "samtools-flagstat-dp_Percentage_of_total.yaml:md5,97a0b6ea8a829369f494b872aef162f6",
                "samtools-flagstat-dp_Read_counts-1.yaml:md5,17c6bed2b5af8ea66ab8a26d3bd9dcf7",
                "samtools-flagstat-dp_Read_counts-2.yaml:md5,726660cc8b498a6733b912cbb6a1dafd",
                "samtools-flagstat-dp_Read_counts.yaml:md5,e948798f697f7fb25c0c883c1aa87f78",
                "samtools-idxstats-mapped-reads-plot_Normalised_Counts-1.yaml:md5,19ac144f0b033d31553201e6d91c5d0f",
                "samtools-idxstats-mapped-reads-plot_Normalised_Counts-2.yaml:md5,de2445c36acc5085a03876060047ac9e",
                "samtools-idxstats-mapped-reads-plot_Normalised_Counts.yaml:md5,19ac144f0b033d31553201e6d91c5d0f",
                "samtools-idxstats-mapped-reads-plot_Observed_over_Expected_Counts-1.yaml:md5,60056940f639e2e5a071c1b2bf2b464f",
                "samtools-idxstats-mapped-reads-plot_Observed_over_Expected_Counts-2.yaml:md5,5cd09a83a7fb568e9f87fac109fa72d5",
                "samtools-idxstats-mapped-reads-plot_Observed_over_Expected_Counts.yaml:md5,60056940f639e2e5a071c1b2bf2b464f",
                "samtools-idxstats-mapped-reads-plot_Raw_Counts-1.yaml:md5,bc79380184b30076747170236e8e3123",
                "samtools-idxstats-mapped-reads-plot_Raw_Counts-2.yaml:md5,0b0ca9f371c0a0357331bab2e73f885d",
                "samtools-idxstats-mapped-reads-plot_Raw_Counts.yaml:md5,bc79380184b30076747170236e8e3123",
                "samtools-stats-dp.yaml:md5,6c10b4990fe6293e90690af7c02e08cf",
                "samtools_alignment_plot.yaml:md5,918080c480e7ac964e452f6435f85c1a"
            ]
        ],
        "meta": {
            "nf-test": "0.9.2",
            "nextflow": "25.04.6"
        },
        "timestamp": "2025-09-18T15:53:52.511943"
    },
    "bowtie2 with stub": {
        "content": [
            19
        ],
        "meta": {
            "nf-test": "0.9.2",
            "nextflow": "25.04.6"
        },
        "timestamp": "2025-09-18T15:54:17.66561"
    }
}