{
    "bowtie2": {
        "content": [
            169,
            {
                "Workflow": {
                    "nf-core/chipseq": "v2.2.0dev"
                }
            },
            [
                "bowtie2",
                "bowtie2/merged_library",
                "bowtie2/merged_library/SPT5_INPUT_REP1.mLb.clN.sorted.bam",
                "bowtie2/merged_library/SPT5_INPUT_REP1.mLb.clN.sorted.bam.bai",
                "bowtie2/merged_library/SPT5_INPUT_REP2.mLb.clN.sorted.bam",
                "bowtie2/merged_library/SPT5_INPUT_REP2.mLb.clN.sorted.bam.bai",
                "bowtie2/merged_library/SPT5_T0_REP1.mLb.clN.sorted.bam",
                "bowtie2/merged_library/SPT5_T0_REP1.mLb.clN.sorted.bam.bai",
                "bowtie2/merged_library/SPT5_T0_REP2.mLb.clN.sorted.bam",
                "bowtie2/merged_library/SPT5_T0_REP2.mLb.clN.sorted.bam.bai",
                "bowtie2/merged_library/SPT5_T15_REP1.mLb.clN.sorted.bam",
                "bowtie2/merged_library/SPT5_T15_REP1.mLb.clN.sorted.bam.bai",
                "bowtie2/merged_library/SPT5_T15_REP2.mLb.clN.sorted.bam",
                "bowtie2/merged_library/SPT5_T15_REP2.mLb.clN.sorted.bam.bai",
                "bowtie2/merged_library/bigwig",
                "bowtie2/merged_library/bigwig/SPT5_INPUT_REP1.mLB.clN.bedGraph",
                "bowtie2/merged_library/bigwig/SPT5_INPUT_REP1.mLb.clN.bigWig",
                "bowtie2/merged_library/bigwig/SPT5_INPUT_REP2.mLB.clN.bedGraph",
                "bowtie2/merged_library/bigwig/SPT5_INPUT_REP2.mLb.clN.bigWig",
                "bowtie2/merged_library/bigwig/SPT5_T0_REP1.mLB.clN.bedGraph",
                "bowtie2/merged_library/bigwig/SPT5_T0_REP1.mLb.clN.bigWig",
                "bowtie2/merged_library/bigwig/SPT5_T0_REP2.mLB.clN.bedGraph",
                "bowtie2/merged_library/bigwig/SPT5_T0_REP2.mLb.clN.bigWig",
                "bowtie2/merged_library/bigwig/SPT5_T15_REP1.mLB.clN.bedGraph",
                "bowtie2/merged_library/bigwig/SPT5_T15_REP1.mLb.clN.bigWig",
                "bowtie2/merged_library/bigwig/SPT5_T15_REP2.mLB.clN.bedGraph",
                "bowtie2/merged_library/bigwig/SPT5_T15_REP2.mLb.clN.bigWig",
                "bowtie2/merged_library/deepTools",
                "bowtie2/merged_library/deepTools/plotFingerprint",
                "bowtie2/merged_library/deepTools/plotFingerprint/SPT5_T0_REP1.mLb.clN.plotFingerprint.pdf",
                "bowtie2/merged_library/deepTools/plotFingerprint/SPT5_T0_REP1.mLb.clN.plotFingerprint.qcmetrics.txt",
                "bowtie2/merged_library/deepTools/plotFingerprint/SPT5_T0_REP1.mLb.clN.plotFingerprint.raw.txt",
                "bowtie2/merged_library/deepTools/plotFingerprint/SPT5_T0_REP2.mLb.clN.plotFingerprint.pdf",
                "bowtie2/merged_library/deepTools/plotFingerprint/SPT5_T0_REP2.mLb.clN.plotFingerprint.qcmetrics.txt",
                "bowtie2/merged_library/deepTools/plotFingerprint/SPT5_T0_REP2.mLb.clN.plotFingerprint.raw.txt",
                "bowtie2/merged_library/deepTools/plotFingerprint/SPT5_T15_REP1.mLb.clN.plotFingerprint.pdf",
                "bowtie2/merged_library/deepTools/plotFingerprint/SPT5_T15_REP1.mLb.clN.plotFingerprint.qcmetrics.txt",
                "bowtie2/merged_library/deepTools/plotFingerprint/SPT5_T15_REP1.mLb.clN.plotFingerprint.raw.txt",
                "bowtie2/merged_library/deepTools/plotFingerprint/SPT5_T15_REP2.mLb.clN.plotFingerprint.pdf",
                "bowtie2/merged_library/deepTools/plotFingerprint/SPT5_T15_REP2.mLb.clN.plotFingerprint.qcmetrics.txt",
                "bowtie2/merged_library/deepTools/plotFingerprint/SPT5_T15_REP2.mLb.clN.plotFingerprint.raw.txt",
                "bowtie2/merged_library/deepTools/plotProfile",
                "bowtie2/merged_library/deepTools/plotProfile/SPT5_INPUT_REP1.mLb.clN.computeMatrix.mat.gz",
                "bowtie2/merged_library/deepTools/plotProfile/SPT5_INPUT_REP1.mLb.clN.computeMatrix.vals.mat.tab",
                "bowtie2/merged_library/deepTools/plotProfile/SPT5_INPUT_REP2.mLb.clN.computeMatrix.mat.gz",
                "bowtie2/merged_library/deepTools/plotProfile/SPT5_INPUT_REP2.mLb.clN.computeMatrix.vals.mat.tab",
                "bowtie2/merged_library/deepTools/plotProfile/SPT5_T15_REP2.mLb.clN.computeMatrix.mat.gz",
                "bowtie2/merged_library/deepTools/plotProfile/SPT5_T15_REP2.mLb.clN.computeMatrix.vals.mat.tab",
                "bowtie2/merged_library/phantompeakqualtools",
                "bowtie2/merged_library/phantompeakqualtools/SPT5_INPUT_REP1.spp.out",
                "bowtie2/merged_library/phantompeakqualtools/SPT5_INPUT_REP1.spp.pdf",
                "bowtie2/merged_library/phantompeakqualtools/SPT5_INPUT_REP2.spp.out",
                "bowtie2/merged_library/phantompeakqualtools/SPT5_INPUT_REP2.spp.pdf",
                "bowtie2/merged_library/phantompeakqualtools/SPT5_T0_REP1.spp.out",
                "bowtie2/merged_library/phantompeakqualtools/SPT5_T0_REP1.spp.pdf",
                "bowtie2/merged_library/phantompeakqualtools/SPT5_T0_REP2.spp.out",
                "bowtie2/merged_library/phantompeakqualtools/SPT5_T0_REP2.spp.pdf",
                "bowtie2/merged_library/phantompeakqualtools/SPT5_T15_REP1.spp.out",
                "bowtie2/merged_library/phantompeakqualtools/SPT5_T15_REP1.spp.pdf",
                "bowtie2/merged_library/phantompeakqualtools/SPT5_T15_REP2.spp.out",
                "bowtie2/merged_library/phantompeakqualtools/SPT5_T15_REP2.spp.pdf",
                "bowtie2/merged_library/picard_metrics",
                "bowtie2/merged_library/picard_metrics/SPT5_INPUT_REP1.mLb.clN.sorted.CollectMultipleMetrics.alignment_summary_metrics",
                "bowtie2/merged_library/picard_metrics/SPT5_INPUT_REP1.mLb.clN.sorted.CollectMultipleMetrics.base_distribution_by_cycle_metrics",
                "bowtie2/merged_library/picard_metrics/SPT5_INPUT_REP1.mLb.clN.sorted.CollectMultipleMetrics.insert_size_metrics",
                "bowtie2/merged_library/picard_metrics/SPT5_INPUT_REP1.mLb.clN.sorted.CollectMultipleMetrics.quality_by_cycle_metrics",
                "bowtie2/merged_library/picard_metrics/SPT5_INPUT_REP1.mLb.clN.sorted.CollectMultipleMetrics.quality_distribution_metrics",
                "bowtie2/merged_library/picard_metrics/SPT5_INPUT_REP1.mLb.mkD.sorted.metrics.txt",
                "bowtie2/merged_library/picard_metrics/SPT5_INPUT_REP2.mLb.clN.sorted.CollectMultipleMetrics.alignment_summary_metrics",
                "bowtie2/merged_library/picard_metrics/SPT5_INPUT_REP2.mLb.clN.sorted.CollectMultipleMetrics.base_distribution_by_cycle_metrics",
                "bowtie2/merged_library/picard_metrics/SPT5_INPUT_REP2.mLb.clN.sorted.CollectMultipleMetrics.insert_size_metrics",
                "bowtie2/merged_library/picard_metrics/SPT5_INPUT_REP2.mLb.clN.sorted.CollectMultipleMetrics.quality_by_cycle_metrics",
                "bowtie2/merged_library/picard_metrics/SPT5_INPUT_REP2.mLb.clN.sorted.CollectMultipleMetrics.quality_distribution_metrics",
                "bowtie2/merged_library/picard_metrics/SPT5_INPUT_REP2.mLb.mkD.sorted.metrics.txt",
                "bowtie2/merged_library/picard_metrics/SPT5_T0_REP1.mLb.clN.sorted.CollectMultipleMetrics.alignment_summary_metrics",
                "bowtie2/merged_library/picard_metrics/SPT5_T0_REP1.mLb.clN.sorted.CollectMultipleMetrics.base_distribution_by_cycle_metrics",
                "bowtie2/merged_library/picard_metrics/SPT5_T0_REP1.mLb.clN.sorted.CollectMultipleMetrics.insert_size_metrics",
                "bowtie2/merged_library/picard_metrics/SPT5_T0_REP1.mLb.clN.sorted.CollectMultipleMetrics.quality_by_cycle_metrics",
                "bowtie2/merged_library/picard_metrics/SPT5_T0_REP1.mLb.clN.sorted.CollectMultipleMetrics.quality_distribution_metrics",
                "bowtie2/merged_library/picard_metrics/SPT5_T0_REP1.mLb.mkD.sorted.metrics.txt",
                "bowtie2/merged_library/picard_metrics/SPT5_T0_REP2.mLb.clN.sorted.CollectMultipleMetrics.alignment_summary_metrics",
                "bowtie2/merged_library/picard_metrics/SPT5_T0_REP2.mLb.clN.sorted.CollectMultipleMetrics.base_distribution_by_cycle_metrics",
                "bowtie2/merged_library/picard_metrics/SPT5_T0_REP2.mLb.clN.sorted.CollectMultipleMetrics.insert_size_metrics",
                "bowtie2/merged_library/picard_metrics/SPT5_T0_REP2.mLb.clN.sorted.CollectMultipleMetrics.quality_by_cycle_metrics",
                "bowtie2/merged_library/picard_metrics/SPT5_T0_REP2.mLb.clN.sorted.CollectMultipleMetrics.quality_distribution_metrics",
                "bowtie2/merged_library/picard_metrics/SPT5_T0_REP2.mLb.mkD.sorted.metrics.txt",
                "bowtie2/merged_library/picard_metrics/SPT5_T15_REP1.mLb.clN.sorted.CollectMultipleMetrics.alignment_summary_metrics",
                "bowtie2/merged_library/picard_metrics/SPT5_T15_REP1.mLb.clN.sorted.CollectMultipleMetrics.base_distribution_by_cycle_metrics",
                "bowtie2/merged_library/picard_metrics/SPT5_T15_REP1.mLb.clN.sorted.CollectMultipleMetrics.insert_size_metrics",
                "bowtie2/merged_library/picard_metrics/SPT5_T15_REP1.mLb.clN.sorted.CollectMultipleMetrics.quality_by_cycle_metrics",
                "bowtie2/merged_library/picard_metrics/SPT5_T15_REP1.mLb.clN.sorted.CollectMultipleMetrics.quality_distribution_metrics",
                "bowtie2/merged_library/picard_metrics/SPT5_T15_REP1.mLb.mkD.sorted.metrics.txt",
                "bowtie2/merged_library/picard_metrics/SPT5_T15_REP2.mLb.clN.sorted.CollectMultipleMetrics.alignment_summary_metrics",
                "bowtie2/merged_library/picard_metrics/SPT5_T15_REP2.mLb.clN.sorted.CollectMultipleMetrics.base_distribution_by_cycle_metrics",
                "bowtie2/merged_library/picard_metrics/SPT5_T15_REP2.mLb.clN.sorted.CollectMultipleMetrics.insert_size_metrics",
                "bowtie2/merged_library/picard_metrics/SPT5_T15_REP2.mLb.clN.sorted.CollectMultipleMetrics.quality_by_cycle_metrics",
                "bowtie2/merged_library/picard_metrics/SPT5_T15_REP2.mLb.clN.sorted.CollectMultipleMetrics.quality_distribution_metrics",
                "bowtie2/merged_library/picard_metrics/SPT5_T15_REP2.mLb.mkD.sorted.metrics.txt",
                "bowtie2/merged_library/picard_metrics/pdf",
                "bowtie2/merged_library/picard_metrics/pdf/SPT5_INPUT_REP1.mLb.clN.sorted.CollectMultipleMetrics.base_distribution_by_cycle.pdf",
                "bowtie2/merged_library/picard_metrics/pdf/SPT5_INPUT_REP1.mLb.clN.sorted.CollectMultipleMetrics.insert_size_histogram.pdf",
                "bowtie2/merged_library/picard_metrics/pdf/SPT5_INPUT_REP1.mLb.clN.sorted.CollectMultipleMetrics.quality_by_cycle.pdf",
                "bowtie2/merged_library/picard_metrics/pdf/SPT5_INPUT_REP1.mLb.clN.sorted.CollectMultipleMetrics.quality_distribution.pdf",
                "bowtie2/merged_library/picard_metrics/pdf/SPT5_INPUT_REP1.mLb.clN.sorted.CollectMultipleMetrics.read_length_histogram.pdf",
                "bowtie2/merged_library/picard_metrics/pdf/SPT5_INPUT_REP2.mLb.clN.sorted.CollectMultipleMetrics.base_distribution_by_cycle.pdf",
                "bowtie2/merged_library/picard_metrics/pdf/SPT5_INPUT_REP2.mLb.clN.sorted.CollectMultipleMetrics.insert_size_histogram.pdf",
                "bowtie2/merged_library/picard_metrics/pdf/SPT5_INPUT_REP2.mLb.clN.sorted.CollectMultipleMetrics.quality_by_cycle.pdf",
                "bowtie2/merged_library/picard_metrics/pdf/SPT5_INPUT_REP2.mLb.clN.sorted.CollectMultipleMetrics.quality_distribution.pdf",
                "bowtie2/merged_library/picard_metrics/pdf/SPT5_INPUT_REP2.mLb.clN.sorted.CollectMultipleMetrics.read_length_histogram.pdf",
                "bowtie2/merged_library/picard_metrics/pdf/SPT5_T0_REP1.mLb.clN.sorted.CollectMultipleMetrics.base_distribution_by_cycle.pdf",
                "bowtie2/merged_library/picard_metrics/pdf/SPT5_T0_REP1.mLb.clN.sorted.CollectMultipleMetrics.insert_size_histogram.pdf",
                "bowtie2/merged_library/picard_metrics/pdf/SPT5_T0_REP1.mLb.clN.sorted.CollectMultipleMetrics.quality_by_cycle.pdf",
                "bowtie2/merged_library/picard_metrics/pdf/SPT5_T0_REP1.mLb.clN.sorted.CollectMultipleMetrics.quality_distribution.pdf",
                "bowtie2/merged_library/picard_metrics/pdf/SPT5_T0_REP1.mLb.clN.sorted.CollectMultipleMetrics.read_length_histogram.pdf",
                "bowtie2/merged_library/picard_metrics/pdf/SPT5_T0_REP2.mLb.clN.sorted.CollectMultipleMetrics.base_distribution_by_cycle.pdf",
                "bowtie2/merged_library/picard_metrics/pdf/SPT5_T0_REP2.mLb.clN.sorted.CollectMultipleMetrics.insert_size_histogram.pdf",
                "bowtie2/merged_library/picard_metrics/pdf/SPT5_T0_REP2.mLb.clN.sorted.CollectMultipleMetrics.quality_by_cycle.pdf",
                "bowtie2/merged_library/picard_metrics/pdf/SPT5_T0_REP2.mLb.clN.sorted.CollectMultipleMetrics.quality_distribution.pdf",
                "bowtie2/merged_library/picard_metrics/pdf/SPT5_T0_REP2.mLb.clN.sorted.CollectMultipleMetrics.read_length_histogram.pdf",
                "bowtie2/merged_library/picard_metrics/pdf/SPT5_T15_REP1.mLb.clN.sorted.CollectMultipleMetrics.base_distribution_by_cycle.pdf",
                "bowtie2/merged_library/picard_metrics/pdf/SPT5_T15_REP1.mLb.clN.sorted.CollectMultipleMetrics.insert_size_histogram.pdf",
                "bowtie2/merged_library/picard_metrics/pdf/SPT5_T15_REP1.mLb.clN.sorted.CollectMultipleMetrics.quality_by_cycle.pdf",
                "bowtie2/merged_library/picard_metrics/pdf/SPT5_T15_REP1.mLb.clN.sorted.CollectMultipleMetrics.quality_distribution.pdf",
                "bowtie2/merged_library/picard_metrics/pdf/SPT5_T15_REP1.mLb.clN.sorted.CollectMultipleMetrics.read_length_histogram.pdf",
                "bowtie2/merged_library/picard_metrics/pdf/SPT5_T15_REP2.mLb.clN.sorted.CollectMultipleMetrics.base_distribution_by_cycle.pdf",
                "bowtie2/merged_library/picard_metrics/pdf/SPT5_T15_REP2.mLb.clN.sorted.CollectMultipleMetrics.insert_size_histogram.pdf",
                "bowtie2/merged_library/picard_metrics/pdf/SPT5_T15_REP2.mLb.clN.sorted.CollectMultipleMetrics.quality_by_cycle.pdf",
                "bowtie2/merged_library/picard_metrics/pdf/SPT5_T15_REP2.mLb.clN.sorted.CollectMultipleMetrics.quality_distribution.pdf",
                "bowtie2/merged_library/picard_metrics/pdf/SPT5_T15_REP2.mLb.clN.sorted.CollectMultipleMetrics.read_length_histogram.pdf",
                "bowtie2/merged_library/samtools_stats",
                "bowtie2/merged_library/samtools_stats/SPT5_INPUT_REP1.mLb.clN.sorted.bam.flagstat",
                "bowtie2/merged_library/samtools_stats/SPT5_INPUT_REP1.mLb.clN.sorted.bam.idxstats",
                "bowtie2/merged_library/samtools_stats/SPT5_INPUT_REP1.mLb.clN.sorted.bam.stats",
                "bowtie2/merged_library/samtools_stats/SPT5_INPUT_REP2.mLb.clN.sorted.bam.flagstat",
                "bowtie2/merged_library/samtools_stats/SPT5_INPUT_REP2.mLb.clN.sorted.bam.idxstats",
                "bowtie2/merged_library/samtools_stats/SPT5_INPUT_REP2.mLb.clN.sorted.bam.stats",
                "bowtie2/merged_library/samtools_stats/SPT5_T0_REP1.mLb.clN.sorted.bam.flagstat",
                "bowtie2/merged_library/samtools_stats/SPT5_T0_REP1.mLb.clN.sorted.bam.idxstats",
                "bowtie2/merged_library/samtools_stats/SPT5_T0_REP1.mLb.clN.sorted.bam.stats",
                "bowtie2/merged_library/samtools_stats/SPT5_T0_REP2.mLb.clN.sorted.bam.flagstat",
                "bowtie2/merged_library/samtools_stats/SPT5_T0_REP2.mLb.clN.sorted.bam.idxstats",
                "bowtie2/merged_library/samtools_stats/SPT5_T0_REP2.mLb.clN.sorted.bam.stats",
                "bowtie2/merged_library/samtools_stats/SPT5_T15_REP1.mLb.clN.sorted.bam.flagstat",
                "bowtie2/merged_library/samtools_stats/SPT5_T15_REP1.mLb.clN.sorted.bam.idxstats",
                "bowtie2/merged_library/samtools_stats/SPT5_T15_REP1.mLb.clN.sorted.bam.stats",
                "bowtie2/merged_library/samtools_stats/SPT5_T15_REP2.mLb.clN.sorted.bam.flagstat",
                "bowtie2/merged_library/samtools_stats/SPT5_T15_REP2.mLb.clN.sorted.bam.idxstats",
                "bowtie2/merged_library/samtools_stats/SPT5_T15_REP2.mLb.clN.sorted.bam.stats",
                "fastqc",
                "fastqc/SPT5_INPUT_REP1_T1_1_fastqc.html",
                "fastqc/SPT5_INPUT_REP1_T1_2_fastqc.html",
                "fastqc/SPT5_INPUT_REP2_T1_1_fastqc.html",
                "fastqc/SPT5_INPUT_REP2_T1_2_fastqc.html",
                "fastqc/SPT5_T0_REP1_T1_1_fastqc.html",
                "fastqc/SPT5_T0_REP1_T1_2_fastqc.html",
                "fastqc/SPT5_T0_REP2_T1_1_fastqc.html",
                "fastqc/SPT5_T0_REP2_T1_2_fastqc.html",
                "fastqc/SPT5_T15_REP1_T1_1_fastqc.html",
                "fastqc/SPT5_T15_REP1_T1_2_fastqc.html",
                "fastqc/SPT5_T15_REP2_T1_1_fastqc.html",
                "fastqc/SPT5_T15_REP2_T1_2_fastqc.html",
                "fastqc/zips",
                "fastqc/zips/SPT5_INPUT_REP1_T1_1_fastqc.zip",
                "fastqc/zips/SPT5_INPUT_REP1_T1_2_fastqc.zip",
                "fastqc/zips/SPT5_INPUT_REP2_T1_1_fastqc.zip",
                "fastqc/zips/SPT5_INPUT_REP2_T1_2_fastqc.zip",
                "fastqc/zips/SPT5_T0_REP1_T1_1_fastqc.zip",
                "fastqc/zips/SPT5_T0_REP1_T1_2_fastqc.zip",
                "fastqc/zips/SPT5_T0_REP2_T1_1_fastqc.zip",
                "fastqc/zips/SPT5_T0_REP2_T1_2_fastqc.zip",
                "fastqc/zips/SPT5_T15_REP1_T1_1_fastqc.zip",
                "fastqc/zips/SPT5_T15_REP1_T1_2_fastqc.zip",
                "fastqc/zips/SPT5_T15_REP2_T1_1_fastqc.zip",
                "fastqc/zips/SPT5_T15_REP2_T1_2_fastqc.zip",
                "pipeline_info",
                "pipeline_info/nf_core_chipseq_software_mqc_versions.yml",
                "pipeline_info/samplesheet.valid.csv",
                "samtools",
                "samtools/genome.fa.fai",
                "samtools/genome.fa.sizes",
                "trimgalore",
                "trimgalore/fastqc",
                "trimgalore/fastqc/SPT5_INPUT_REP1_T1_1_val_1_fastqc.html",
                "trimgalore/fastqc/SPT5_INPUT_REP1_T1_2_val_2_fastqc.html",
                "trimgalore/fastqc/SPT5_INPUT_REP2_T1_1_val_1_fastqc.html",
                "trimgalore/fastqc/SPT5_INPUT_REP2_T1_2_val_2_fastqc.html",
                "trimgalore/fastqc/SPT5_T0_REP1_T1_1_val_1_fastqc.html",
                "trimgalore/fastqc/SPT5_T0_REP1_T1_2_val_2_fastqc.html",
                "trimgalore/fastqc/SPT5_T0_REP2_T1_1_val_1_fastqc.html",
                "trimgalore/fastqc/SPT5_T0_REP2_T1_2_val_2_fastqc.html",
                "trimgalore/fastqc/SPT5_T15_REP1_T1_1_val_1_fastqc.html",
                "trimgalore/fastqc/SPT5_T15_REP1_T1_2_val_2_fastqc.html",
                "trimgalore/fastqc/SPT5_T15_REP2_T1_1_val_1_fastqc.html",
                "trimgalore/fastqc/SPT5_T15_REP2_T1_2_val_2_fastqc.html",
                "trimgalore/fastqc/zips",
                "trimgalore/fastqc/zips/SPT5_INPUT_REP1_T1_1_val_1_fastqc.zip",
                "trimgalore/fastqc/zips/SPT5_INPUT_REP1_T1_2_val_2_fastqc.zip",
                "trimgalore/fastqc/zips/SPT5_INPUT_REP2_T1_1_val_1_fastqc.zip",
                "trimgalore/fastqc/zips/SPT5_INPUT_REP2_T1_2_val_2_fastqc.zip",
                "trimgalore/fastqc/zips/SPT5_T0_REP1_T1_1_val_1_fastqc.zip",
                "trimgalore/fastqc/zips/SPT5_T0_REP1_T1_2_val_2_fastqc.zip",
                "trimgalore/fastqc/zips/SPT5_T0_REP2_T1_1_val_1_fastqc.zip",
                "trimgalore/fastqc/zips/SPT5_T0_REP2_T1_2_val_2_fastqc.zip",
                "trimgalore/fastqc/zips/SPT5_T15_REP1_T1_1_val_1_fastqc.zip",
                "trimgalore/fastqc/zips/SPT5_T15_REP1_T1_2_val_2_fastqc.zip",
                "trimgalore/fastqc/zips/SPT5_T15_REP2_T1_1_val_1_fastqc.zip",
                "trimgalore/fastqc/zips/SPT5_T15_REP2_T1_2_val_2_fastqc.zip",
                "trimgalore/logs",
                "trimgalore/logs/SPT5_INPUT_REP1_T1_1.fastq.gz_trimming_report.txt",
                "trimgalore/logs/SPT5_INPUT_REP1_T1_2.fastq.gz_trimming_report.txt",
                "trimgalore/logs/SPT5_INPUT_REP2_T1_1.fastq.gz_trimming_report.txt",
                "trimgalore/logs/SPT5_INPUT_REP2_T1_2.fastq.gz_trimming_report.txt",
                "trimgalore/logs/SPT5_T0_REP1_T1_1.fastq.gz_trimming_report.txt",
                "trimgalore/logs/SPT5_T0_REP1_T1_2.fastq.gz_trimming_report.txt",
                "trimgalore/logs/SPT5_T0_REP2_T1_1.fastq.gz_trimming_report.txt",
                "trimgalore/logs/SPT5_T0_REP2_T1_2.fastq.gz_trimming_report.txt",
                "trimgalore/logs/SPT5_T15_REP1_T1_1.fastq.gz_trimming_report.txt",
                "trimgalore/logs/SPT5_T15_REP1_T1_2.fastq.gz_trimming_report.txt",
                "trimgalore/logs/SPT5_T15_REP2_T1_1.fastq.gz_trimming_report.txt",
                "trimgalore/logs/SPT5_T15_REP2_T1_2.fastq.gz_trimming_report.txt"
            ],
            [
                "SPT5_INPUT_REP1.mLB.clN.bedGraph:md5,3185527dd339a8dbcca453f97ecc0860",
                "SPT5_INPUT_REP2.mLB.clN.bedGraph:md5,bdc6ce913840caa034fe12f11dc3f821",
                "SPT5_T0_REP1.mLB.clN.bedGraph:md5,a1c995094ac610f67f74037882713be1",
                "SPT5_T0_REP2.mLB.clN.bedGraph:md5,ac8049a66f664f4f52e55738bb1b8482",
                "SPT5_T15_REP1.mLB.clN.bedGraph:md5,6594e02d144dcf85f39b5c7339e11db6",
                "SPT5_T15_REP2.mLB.clN.bedGraph:md5,3afb695bb7014e0d8df83cda30d4731d",
                "SPT5_INPUT_REP1.mLb.mkD.sorted.metrics.txt:md5,ebb90676a061e16822ddda8a6b9e8ec7",
                "SPT5_INPUT_REP2.mLb.mkD.sorted.metrics.txt:md5,4d555a259a3952873abba281a8877b81",
                "SPT5_T0_REP1.mLb.mkD.sorted.metrics.txt:md5,32aa5d551eb50964f02fc21ccf27450c",
                "SPT5_T0_REP2.mLb.mkD.sorted.metrics.txt:md5,ff66cf159f73759842299d635e894ad9",
                "SPT5_T15_REP1.mLb.mkD.sorted.metrics.txt:md5,dc50e901022c1d8091f4e3ed25e1f3d9",
                "SPT5_T15_REP2.mLb.mkD.sorted.metrics.txt:md5,37526e72640feb44edafb7dba6a7db3e",
                "SPT5_INPUT_REP1.mLb.clN.sorted.bam.flagstat:md5,5789960a9102d6f53433dcdbb9b63940",
                "SPT5_INPUT_REP1.mLb.clN.sorted.bam.idxstats:md5,20a4ac025979cc12c3e0e6cb0bd9c839",
                "SPT5_INPUT_REP1.mLb.clN.sorted.bam.stats:md5,982d403c08b2e9da9e2fbdbc091d2966",
                "SPT5_INPUT_REP2.mLb.clN.sorted.bam.flagstat:md5,56fe278c68a4f836efbe239f66b3635e",
                "SPT5_INPUT_REP2.mLb.clN.sorted.bam.idxstats:md5,f887cfebeaf5ed7d6ce9e140ef25d14d",
                "SPT5_INPUT_REP2.mLb.clN.sorted.bam.stats:md5,24eba82d5c7430dbf2472b8fe9db8b6c",
                "SPT5_T0_REP1.mLb.clN.sorted.bam.flagstat:md5,64b435a3d915a1b678e5fbec6eb68d7d",
                "SPT5_T0_REP1.mLb.clN.sorted.bam.idxstats:md5,5fbb7b046fbd41c35209fa5f43cfc047",
                "SPT5_T0_REP1.mLb.clN.sorted.bam.stats:md5,7ae60057ac075677b6caa7ddde47fe33",
                "SPT5_T0_REP2.mLb.clN.sorted.bam.flagstat:md5,ee0ff6d897ed617d54ef35bc499baebb",
                "SPT5_T0_REP2.mLb.clN.sorted.bam.idxstats:md5,71093ea767abc746e484b6f68948406d",
                "SPT5_T0_REP2.mLb.clN.sorted.bam.stats:md5,012bb74f319f65cc2b782184af8a0492",
                "SPT5_T15_REP1.mLb.clN.sorted.bam.flagstat:md5,5ceea86d4a1758c59f360c984192801a",
                "SPT5_T15_REP1.mLb.clN.sorted.bam.idxstats:md5,2917cc064403c8e81656fe5e025bb044",
                "SPT5_T15_REP1.mLb.clN.sorted.bam.stats:md5,2d0db03ed1ccf47facdc4a8993b1a25b",
                "SPT5_T15_REP2.mLb.clN.sorted.bam.flagstat:md5,f583616ced3accf4c5bb4c144c211104",
                "SPT5_T15_REP2.mLb.clN.sorted.bam.idxstats:md5,27f0b7c40dd733b5a9046878a485eb46",
                "SPT5_T15_REP2.mLb.clN.sorted.bam.stats:md5,15458164242701a49eedbc7cee3c8a7d",
                "samplesheet.valid.csv:md5,276425084544b3baf533e2f17207a384",
                "genome.fa.fai:md5,6f4c0ce5258e6948135ad006e1f9ee1b",
                "genome.fa.sizes:md5,e122f8021a5ef14104c32785cb9b7adc"
            ]
        ],
        "timestamp": "2026-03-14T01:57:01.878505",
        "meta": {
            "nf-test": "0.9.4",
            "nextflow": "25.10.4"
        }
    },
    "bowtie2 with stub": {
        "content": [
            6
        ],
        "timestamp": "2026-03-14T01:49:22.243183",
        "meta": {
            "nf-test": "0.9.4",
            "nextflow": "25.10.4"
        }
    }
}