{
    "chromap": {
        "content": [
            187,
            {
                "BAMTOOLS_FILTER": {
                    "bamtools": "2.5.2",
                    "samtools": "1.15.1"
                },
                "BAM_REMOVE_ORPHANS": {
                    "samtools": "1.15.1"
                },
                "BEDTOOLS_GENOMECOV": {
                    "bedtools": "2.31.1"
                },
                "CHROMAP_CHROMAP": {
                    "chromap": "0.2.6-r490",
                    "samtools": 1.2
                },
                "CHROMAP_INDEX": {
                    "chromap": "0.2.6-r490"
                },
                "CUSTOM_GETCHROMSIZES": {
                    "getchromsizes": 1.2
                },
                "DEEPTOOLS_COMPUTEMATRIX": {
                    "deeptools": "3.5.5"
                },
                "DEEPTOOLS_PLOTHEATMAP": {
                    "deeptools": "3.5.5"
                },
                "DEEPTOOLS_PLOTPROFILE": {
                    "deeptools": "3.5.5"
                },
                "FASTQC": {
                    "fastqc": "0.12.1"
                },
                "GENOME_BLACKLIST_REGIONS": {
                    "bedtools": "2.30.0"
                },
                "GTF2BED": {
                    "perl": "5.26.2"
                },
                "IGV": {
                    "python": "3.8.3"
                },
                "PHANTOMPEAKQUALTOOLS": {
                    "phantompeakqualtools": "1.2.2"
                },
                "PICARD_COLLECTMULTIPLEMETRICS": {
                    "picard": "3.2.0-1-g3948afb6b"
                },
                "PICARD_MARKDUPLICATES": {
                    "picard": "3.2.0-1-g3948afb6b"
                },
                "PICARD_MERGESAMFILES": {
                    "picard": "3.2.0-1-g3948afb6b"
                },
                "SAMTOOLS_FLAGSTAT": {
                    "samtools": "1.22.1"
                },
                "SAMTOOLS_IDXSTATS": {
                    "samtools": 1.2
                },
                "SAMTOOLS_INDEX": {
                    "samtools": 1.2
                },
                "SAMTOOLS_SORT": {
                    "samtools": 1.2
                },
                "SAMTOOLS_STATS": {
                    "samtools": 1.2
                },
                "TRIMGALORE": {
                    "cutadapt": 3.4,
                    "trimgalore": "0.6.7"
                },
                "UCSC_BEDGRAPHTOBIGWIG": {
                    "ucsc": 445
                },
                "Workflow": {
                    "nf-core/chipseq": "v2.2.0dev"
                }
            },
            [
                "chromap",
                "chromap/merged_library",
                "chromap/merged_library/SPT5_INPUT_rep1.mLb.clN.sorted.bam",
                "chromap/merged_library/SPT5_INPUT_rep1.mLb.clN.sorted.bam.bai",
                "chromap/merged_library/SPT5_INPUT_rep2.mLb.clN.sorted.bam",
                "chromap/merged_library/SPT5_INPUT_rep2.mLb.clN.sorted.bam.bai",
                "chromap/merged_library/SPT5_T0_rep1.mLb.clN.sorted.bam",
                "chromap/merged_library/SPT5_T0_rep1.mLb.clN.sorted.bam.bai",
                "chromap/merged_library/SPT5_T0_rep2.mLb.clN.sorted.bam",
                "chromap/merged_library/SPT5_T0_rep2.mLb.clN.sorted.bam.bai",
                "chromap/merged_library/SPT5_T15_rep1.mLb.clN.sorted.bam",
                "chromap/merged_library/SPT5_T15_rep1.mLb.clN.sorted.bam.bai",
                "chromap/merged_library/SPT5_T15_rep2.mLb.clN.sorted.bam",
                "chromap/merged_library/SPT5_T15_rep2.mLb.clN.sorted.bam.bai",
                "chromap/merged_library/bigwig",
                "chromap/merged_library/bigwig/SPT5_INPUT_rep1.mLB.clN.bedGraph",
                "chromap/merged_library/bigwig/SPT5_INPUT_rep1.mLb.clN.bigWig",
                "chromap/merged_library/bigwig/SPT5_INPUT_rep2.mLB.clN.bedGraph",
                "chromap/merged_library/bigwig/SPT5_INPUT_rep2.mLb.clN.bigWig",
                "chromap/merged_library/bigwig/SPT5_T0_rep1.mLB.clN.bedGraph",
                "chromap/merged_library/bigwig/SPT5_T0_rep1.mLb.clN.bigWig",
                "chromap/merged_library/bigwig/SPT5_T0_rep2.mLB.clN.bedGraph",
                "chromap/merged_library/bigwig/SPT5_T0_rep2.mLb.clN.bigWig",
                "chromap/merged_library/bigwig/SPT5_T15_rep1.mLB.clN.bedGraph",
                "chromap/merged_library/bigwig/SPT5_T15_rep1.mLb.clN.bigWig",
                "chromap/merged_library/bigwig/SPT5_T15_rep2.mLB.clN.bedGraph",
                "chromap/merged_library/bigwig/SPT5_T15_rep2.mLb.clN.bigWig",
                "chromap/merged_library/deepTools",
                "chromap/merged_library/deepTools/plotProfile",
                "chromap/merged_library/deepTools/plotProfile/SPT5_INPUT_rep1.mLb.clN.computeMatrix.mat.gz",
                "chromap/merged_library/deepTools/plotProfile/SPT5_INPUT_rep1.mLb.clN.computeMatrix.vals.mat.tab",
                "chromap/merged_library/deepTools/plotProfile/SPT5_INPUT_rep1.mLb.clN.plotHeatmap.mat.tab",
                "chromap/merged_library/deepTools/plotProfile/SPT5_INPUT_rep1.mLb.clN.plotHeatmap.pdf",
                "chromap/merged_library/deepTools/plotProfile/SPT5_INPUT_rep1.mLb.clN.plotProfile.pdf",
                "chromap/merged_library/deepTools/plotProfile/SPT5_INPUT_rep1.mLb.clN.plotProfile.tab",
                "chromap/merged_library/deepTools/plotProfile/SPT5_INPUT_rep2.mLb.clN.computeMatrix.mat.gz",
                "chromap/merged_library/deepTools/plotProfile/SPT5_INPUT_rep2.mLb.clN.computeMatrix.vals.mat.tab",
                "chromap/merged_library/deepTools/plotProfile/SPT5_INPUT_rep2.mLb.clN.plotHeatmap.mat.tab",
                "chromap/merged_library/deepTools/plotProfile/SPT5_INPUT_rep2.mLb.clN.plotHeatmap.pdf",
                "chromap/merged_library/deepTools/plotProfile/SPT5_INPUT_rep2.mLb.clN.plotProfile.pdf",
                "chromap/merged_library/deepTools/plotProfile/SPT5_INPUT_rep2.mLb.clN.plotProfile.tab",
                "chromap/merged_library/deepTools/plotProfile/SPT5_T0_rep1.mLb.clN.computeMatrix.mat.gz",
                "chromap/merged_library/deepTools/plotProfile/SPT5_T0_rep1.mLb.clN.computeMatrix.vals.mat.tab",
                "chromap/merged_library/deepTools/plotProfile/SPT5_T0_rep1.mLb.clN.plotHeatmap.mat.tab",
                "chromap/merged_library/deepTools/plotProfile/SPT5_T0_rep1.mLb.clN.plotHeatmap.pdf",
                "chromap/merged_library/deepTools/plotProfile/SPT5_T0_rep1.mLb.clN.plotProfile.pdf",
                "chromap/merged_library/deepTools/plotProfile/SPT5_T0_rep1.mLb.clN.plotProfile.tab",
                "chromap/merged_library/deepTools/plotProfile/SPT5_T0_rep2.mLb.clN.computeMatrix.mat.gz",
                "chromap/merged_library/deepTools/plotProfile/SPT5_T0_rep2.mLb.clN.computeMatrix.vals.mat.tab",
                "chromap/merged_library/deepTools/plotProfile/SPT5_T0_rep2.mLb.clN.plotHeatmap.mat.tab",
                "chromap/merged_library/deepTools/plotProfile/SPT5_T0_rep2.mLb.clN.plotHeatmap.pdf",
                "chromap/merged_library/deepTools/plotProfile/SPT5_T0_rep2.mLb.clN.plotProfile.pdf",
                "chromap/merged_library/deepTools/plotProfile/SPT5_T0_rep2.mLb.clN.plotProfile.tab",
                "chromap/merged_library/deepTools/plotProfile/SPT5_T15_rep1.mLb.clN.computeMatrix.mat.gz",
                "chromap/merged_library/deepTools/plotProfile/SPT5_T15_rep1.mLb.clN.computeMatrix.vals.mat.tab",
                "chromap/merged_library/deepTools/plotProfile/SPT5_T15_rep1.mLb.clN.plotHeatmap.mat.tab",
                "chromap/merged_library/deepTools/plotProfile/SPT5_T15_rep1.mLb.clN.plotHeatmap.pdf",
                "chromap/merged_library/deepTools/plotProfile/SPT5_T15_rep1.mLb.clN.plotProfile.pdf",
                "chromap/merged_library/deepTools/plotProfile/SPT5_T15_rep1.mLb.clN.plotProfile.tab",
                "chromap/merged_library/deepTools/plotProfile/SPT5_T15_rep2.mLb.clN.computeMatrix.mat.gz",
                "chromap/merged_library/deepTools/plotProfile/SPT5_T15_rep2.mLb.clN.computeMatrix.vals.mat.tab",
                "chromap/merged_library/deepTools/plotProfile/SPT5_T15_rep2.mLb.clN.plotHeatmap.mat.tab",
                "chromap/merged_library/deepTools/plotProfile/SPT5_T15_rep2.mLb.clN.plotHeatmap.pdf",
                "chromap/merged_library/deepTools/plotProfile/SPT5_T15_rep2.mLb.clN.plotProfile.pdf",
                "chromap/merged_library/deepTools/plotProfile/SPT5_T15_rep2.mLb.clN.plotProfile.tab",
                "chromap/merged_library/phantompeakqualtools",
                "chromap/merged_library/phantompeakqualtools/SPT5_INPUT_rep1.spp.out",
                "chromap/merged_library/phantompeakqualtools/SPT5_INPUT_rep1.spp.pdf",
                "chromap/merged_library/phantompeakqualtools/SPT5_INPUT_rep1.spp_correlation_mqc.tsv",
                "chromap/merged_library/phantompeakqualtools/SPT5_INPUT_rep1.spp_nsc_mqc.tsv",
                "chromap/merged_library/phantompeakqualtools/SPT5_INPUT_rep1.spp_rsc_mqc.tsv",
                "chromap/merged_library/phantompeakqualtools/SPT5_INPUT_rep2.spp.out",
                "chromap/merged_library/phantompeakqualtools/SPT5_INPUT_rep2.spp.pdf",
                "chromap/merged_library/phantompeakqualtools/SPT5_INPUT_rep2.spp_correlation_mqc.tsv",
                "chromap/merged_library/phantompeakqualtools/SPT5_INPUT_rep2.spp_nsc_mqc.tsv",
                "chromap/merged_library/phantompeakqualtools/SPT5_INPUT_rep2.spp_rsc_mqc.tsv",
                "chromap/merged_library/phantompeakqualtools/SPT5_T0_rep1.spp.out",
                "chromap/merged_library/phantompeakqualtools/SPT5_T0_rep1.spp.pdf",
                "chromap/merged_library/phantompeakqualtools/SPT5_T0_rep1.spp_correlation_mqc.tsv",
                "chromap/merged_library/phantompeakqualtools/SPT5_T0_rep1.spp_nsc_mqc.tsv",
                "chromap/merged_library/phantompeakqualtools/SPT5_T0_rep1.spp_rsc_mqc.tsv",
                "chromap/merged_library/phantompeakqualtools/SPT5_T0_rep2.spp.out",
                "chromap/merged_library/phantompeakqualtools/SPT5_T0_rep2.spp.pdf",
                "chromap/merged_library/phantompeakqualtools/SPT5_T0_rep2.spp_correlation_mqc.tsv",
                "chromap/merged_library/phantompeakqualtools/SPT5_T0_rep2.spp_nsc_mqc.tsv",
                "chromap/merged_library/phantompeakqualtools/SPT5_T0_rep2.spp_rsc_mqc.tsv",
                "chromap/merged_library/phantompeakqualtools/SPT5_T15_rep1.spp.out",
                "chromap/merged_library/phantompeakqualtools/SPT5_T15_rep1.spp.pdf",
                "chromap/merged_library/phantompeakqualtools/SPT5_T15_rep1.spp_correlation_mqc.tsv",
                "chromap/merged_library/phantompeakqualtools/SPT5_T15_rep1.spp_nsc_mqc.tsv",
                "chromap/merged_library/phantompeakqualtools/SPT5_T15_rep1.spp_rsc_mqc.tsv",
                "chromap/merged_library/phantompeakqualtools/SPT5_T15_rep2.spp.out",
                "chromap/merged_library/phantompeakqualtools/SPT5_T15_rep2.spp.pdf",
                "chromap/merged_library/phantompeakqualtools/SPT5_T15_rep2.spp_correlation_mqc.tsv",
                "chromap/merged_library/phantompeakqualtools/SPT5_T15_rep2.spp_nsc_mqc.tsv",
                "chromap/merged_library/phantompeakqualtools/SPT5_T15_rep2.spp_rsc_mqc.tsv",
                "chromap/merged_library/picard_metrics",
                "chromap/merged_library/picard_metrics/SPT5_INPUT_rep1.mLb.clN.sorted.CollectMultipleMetrics.alignment_summary_metrics",
                "chromap/merged_library/picard_metrics/SPT5_INPUT_rep1.mLb.clN.sorted.CollectMultipleMetrics.base_distribution_by_cycle_metrics",
                "chromap/merged_library/picard_metrics/SPT5_INPUT_rep1.mLb.clN.sorted.CollectMultipleMetrics.insert_size_metrics",
                "chromap/merged_library/picard_metrics/SPT5_INPUT_rep1.mLb.clN.sorted.CollectMultipleMetrics.quality_by_cycle_metrics",
                "chromap/merged_library/picard_metrics/SPT5_INPUT_rep1.mLb.clN.sorted.CollectMultipleMetrics.quality_distribution_metrics",
                "chromap/merged_library/picard_metrics/SPT5_INPUT_rep1.mLb.mkD.sorted.MarkDuplicates.metrics.txt",
                "chromap/merged_library/picard_metrics/SPT5_INPUT_rep2.mLb.clN.sorted.CollectMultipleMetrics.alignment_summary_metrics",
                "chromap/merged_library/picard_metrics/SPT5_INPUT_rep2.mLb.clN.sorted.CollectMultipleMetrics.base_distribution_by_cycle_metrics",
                "chromap/merged_library/picard_metrics/SPT5_INPUT_rep2.mLb.clN.sorted.CollectMultipleMetrics.insert_size_metrics",
                "chromap/merged_library/picard_metrics/SPT5_INPUT_rep2.mLb.clN.sorted.CollectMultipleMetrics.quality_by_cycle_metrics",
                "chromap/merged_library/picard_metrics/SPT5_INPUT_rep2.mLb.clN.sorted.CollectMultipleMetrics.quality_distribution_metrics",
                "chromap/merged_library/picard_metrics/SPT5_INPUT_rep2.mLb.mkD.sorted.MarkDuplicates.metrics.txt",
                "chromap/merged_library/picard_metrics/SPT5_T0_rep1.mLb.clN.sorted.CollectMultipleMetrics.alignment_summary_metrics",
                "chromap/merged_library/picard_metrics/SPT5_T0_rep1.mLb.clN.sorted.CollectMultipleMetrics.base_distribution_by_cycle_metrics",
                "chromap/merged_library/picard_metrics/SPT5_T0_rep1.mLb.clN.sorted.CollectMultipleMetrics.insert_size_metrics",
                "chromap/merged_library/picard_metrics/SPT5_T0_rep1.mLb.clN.sorted.CollectMultipleMetrics.quality_by_cycle_metrics",
                "chromap/merged_library/picard_metrics/SPT5_T0_rep1.mLb.clN.sorted.CollectMultipleMetrics.quality_distribution_metrics",
                "chromap/merged_library/picard_metrics/SPT5_T0_rep1.mLb.mkD.sorted.MarkDuplicates.metrics.txt",
                "chromap/merged_library/picard_metrics/SPT5_T0_rep2.mLb.clN.sorted.CollectMultipleMetrics.alignment_summary_metrics",
                "chromap/merged_library/picard_metrics/SPT5_T0_rep2.mLb.clN.sorted.CollectMultipleMetrics.base_distribution_by_cycle_metrics",
                "chromap/merged_library/picard_metrics/SPT5_T0_rep2.mLb.clN.sorted.CollectMultipleMetrics.insert_size_metrics",
                "chromap/merged_library/picard_metrics/SPT5_T0_rep2.mLb.clN.sorted.CollectMultipleMetrics.quality_by_cycle_metrics",
                "chromap/merged_library/picard_metrics/SPT5_T0_rep2.mLb.clN.sorted.CollectMultipleMetrics.quality_distribution_metrics",
                "chromap/merged_library/picard_metrics/SPT5_T0_rep2.mLb.mkD.sorted.MarkDuplicates.metrics.txt",
                "chromap/merged_library/picard_metrics/SPT5_T15_rep1.mLb.clN.sorted.CollectMultipleMetrics.alignment_summary_metrics",
                "chromap/merged_library/picard_metrics/SPT5_T15_rep1.mLb.clN.sorted.CollectMultipleMetrics.base_distribution_by_cycle_metrics",
                "chromap/merged_library/picard_metrics/SPT5_T15_rep1.mLb.clN.sorted.CollectMultipleMetrics.insert_size_metrics",
                "chromap/merged_library/picard_metrics/SPT5_T15_rep1.mLb.clN.sorted.CollectMultipleMetrics.quality_by_cycle_metrics",
                "chromap/merged_library/picard_metrics/SPT5_T15_rep1.mLb.clN.sorted.CollectMultipleMetrics.quality_distribution_metrics",
                "chromap/merged_library/picard_metrics/SPT5_T15_rep1.mLb.mkD.sorted.MarkDuplicates.metrics.txt",
                "chromap/merged_library/picard_metrics/SPT5_T15_rep2.mLb.clN.sorted.CollectMultipleMetrics.alignment_summary_metrics",
                "chromap/merged_library/picard_metrics/SPT5_T15_rep2.mLb.clN.sorted.CollectMultipleMetrics.base_distribution_by_cycle_metrics",
                "chromap/merged_library/picard_metrics/SPT5_T15_rep2.mLb.clN.sorted.CollectMultipleMetrics.insert_size_metrics",
                "chromap/merged_library/picard_metrics/SPT5_T15_rep2.mLb.clN.sorted.CollectMultipleMetrics.quality_by_cycle_metrics",
                "chromap/merged_library/picard_metrics/SPT5_T15_rep2.mLb.clN.sorted.CollectMultipleMetrics.quality_distribution_metrics",
                "chromap/merged_library/picard_metrics/SPT5_T15_rep2.mLb.mkD.sorted.MarkDuplicates.metrics.txt",
                "chromap/merged_library/picard_metrics/pdf",
                "chromap/merged_library/picard_metrics/pdf/SPT5_INPUT_rep1.mLb.clN.sorted.CollectMultipleMetrics.base_distribution_by_cycle.pdf",
                "chromap/merged_library/picard_metrics/pdf/SPT5_INPUT_rep1.mLb.clN.sorted.CollectMultipleMetrics.insert_size_histogram.pdf",
                "chromap/merged_library/picard_metrics/pdf/SPT5_INPUT_rep1.mLb.clN.sorted.CollectMultipleMetrics.quality_by_cycle.pdf",
                "chromap/merged_library/picard_metrics/pdf/SPT5_INPUT_rep1.mLb.clN.sorted.CollectMultipleMetrics.quality_distribution.pdf",
                "chromap/merged_library/picard_metrics/pdf/SPT5_INPUT_rep1.mLb.clN.sorted.CollectMultipleMetrics.read_length_histogram.pdf",
                "chromap/merged_library/picard_metrics/pdf/SPT5_INPUT_rep2.mLb.clN.sorted.CollectMultipleMetrics.base_distribution_by_cycle.pdf",
                "chromap/merged_library/picard_metrics/pdf/SPT5_INPUT_rep2.mLb.clN.sorted.CollectMultipleMetrics.insert_size_histogram.pdf",
                "chromap/merged_library/picard_metrics/pdf/SPT5_INPUT_rep2.mLb.clN.sorted.CollectMultipleMetrics.quality_by_cycle.pdf",
                "chromap/merged_library/picard_metrics/pdf/SPT5_INPUT_rep2.mLb.clN.sorted.CollectMultipleMetrics.quality_distribution.pdf",
                "chromap/merged_library/picard_metrics/pdf/SPT5_INPUT_rep2.mLb.clN.sorted.CollectMultipleMetrics.read_length_histogram.pdf",
                "chromap/merged_library/picard_metrics/pdf/SPT5_T0_rep1.mLb.clN.sorted.CollectMultipleMetrics.base_distribution_by_cycle.pdf",
                "chromap/merged_library/picard_metrics/pdf/SPT5_T0_rep1.mLb.clN.sorted.CollectMultipleMetrics.insert_size_histogram.pdf",
                "chromap/merged_library/picard_metrics/pdf/SPT5_T0_rep1.mLb.clN.sorted.CollectMultipleMetrics.quality_by_cycle.pdf",
                "chromap/merged_library/picard_metrics/pdf/SPT5_T0_rep1.mLb.clN.sorted.CollectMultipleMetrics.quality_distribution.pdf",
                "chromap/merged_library/picard_metrics/pdf/SPT5_T0_rep1.mLb.clN.sorted.CollectMultipleMetrics.read_length_histogram.pdf",
                "chromap/merged_library/picard_metrics/pdf/SPT5_T0_rep2.mLb.clN.sorted.CollectMultipleMetrics.base_distribution_by_cycle.pdf",
                "chromap/merged_library/picard_metrics/pdf/SPT5_T0_rep2.mLb.clN.sorted.CollectMultipleMetrics.insert_size_histogram.pdf",
                "chromap/merged_library/picard_metrics/pdf/SPT5_T0_rep2.mLb.clN.sorted.CollectMultipleMetrics.quality_by_cycle.pdf",
                "chromap/merged_library/picard_metrics/pdf/SPT5_T0_rep2.mLb.clN.sorted.CollectMultipleMetrics.quality_distribution.pdf",
                "chromap/merged_library/picard_metrics/pdf/SPT5_T0_rep2.mLb.clN.sorted.CollectMultipleMetrics.read_length_histogram.pdf",
                "chromap/merged_library/picard_metrics/pdf/SPT5_T15_rep1.mLb.clN.sorted.CollectMultipleMetrics.base_distribution_by_cycle.pdf",
                "chromap/merged_library/picard_metrics/pdf/SPT5_T15_rep1.mLb.clN.sorted.CollectMultipleMetrics.insert_size_histogram.pdf",
                "chromap/merged_library/picard_metrics/pdf/SPT5_T15_rep1.mLb.clN.sorted.CollectMultipleMetrics.quality_by_cycle.pdf",
                "chromap/merged_library/picard_metrics/pdf/SPT5_T15_rep1.mLb.clN.sorted.CollectMultipleMetrics.quality_distribution.pdf",
                "chromap/merged_library/picard_metrics/pdf/SPT5_T15_rep1.mLb.clN.sorted.CollectMultipleMetrics.read_length_histogram.pdf",
                "chromap/merged_library/picard_metrics/pdf/SPT5_T15_rep2.mLb.clN.sorted.CollectMultipleMetrics.base_distribution_by_cycle.pdf",
                "chromap/merged_library/picard_metrics/pdf/SPT5_T15_rep2.mLb.clN.sorted.CollectMultipleMetrics.insert_size_histogram.pdf",
                "chromap/merged_library/picard_metrics/pdf/SPT5_T15_rep2.mLb.clN.sorted.CollectMultipleMetrics.quality_by_cycle.pdf",
                "chromap/merged_library/picard_metrics/pdf/SPT5_T15_rep2.mLb.clN.sorted.CollectMultipleMetrics.quality_distribution.pdf",
                "chromap/merged_library/picard_metrics/pdf/SPT5_T15_rep2.mLb.clN.sorted.CollectMultipleMetrics.read_length_histogram.pdf",
                "chromap/merged_library/samtools_stats",
                "chromap/merged_library/samtools_stats/SPT5_INPUT_rep1.mLb.clN.sorted.bam.flagstat",
                "chromap/merged_library/samtools_stats/SPT5_INPUT_rep1.mLb.clN.sorted.bam.idxstats",
                "chromap/merged_library/samtools_stats/SPT5_INPUT_rep1.mLb.clN.sorted.bam.stats",
                "chromap/merged_library/samtools_stats/SPT5_INPUT_rep2.mLb.clN.sorted.bam.flagstat",
                "chromap/merged_library/samtools_stats/SPT5_INPUT_rep2.mLb.clN.sorted.bam.idxstats",
                "chromap/merged_library/samtools_stats/SPT5_INPUT_rep2.mLb.clN.sorted.bam.stats",
                "chromap/merged_library/samtools_stats/SPT5_T0_rep1.mLb.clN.sorted.bam.flagstat",
                "chromap/merged_library/samtools_stats/SPT5_T0_rep1.mLb.clN.sorted.bam.idxstats",
                "chromap/merged_library/samtools_stats/SPT5_T0_rep1.mLb.clN.sorted.bam.stats",
                "chromap/merged_library/samtools_stats/SPT5_T0_rep2.mLb.clN.sorted.bam.flagstat",
                "chromap/merged_library/samtools_stats/SPT5_T0_rep2.mLb.clN.sorted.bam.idxstats",
                "chromap/merged_library/samtools_stats/SPT5_T0_rep2.mLb.clN.sorted.bam.stats",
                "chromap/merged_library/samtools_stats/SPT5_T15_rep1.mLb.clN.sorted.bam.flagstat",
                "chromap/merged_library/samtools_stats/SPT5_T15_rep1.mLb.clN.sorted.bam.idxstats",
                "chromap/merged_library/samtools_stats/SPT5_T15_rep1.mLb.clN.sorted.bam.stats",
                "chromap/merged_library/samtools_stats/SPT5_T15_rep2.mLb.clN.sorted.bam.flagstat",
                "chromap/merged_library/samtools_stats/SPT5_T15_rep2.mLb.clN.sorted.bam.idxstats",
                "chromap/merged_library/samtools_stats/SPT5_T15_rep2.mLb.clN.sorted.bam.stats",
                "fastqc",
                "fastqc/SPT5_INPUT_rep1_1_fastqc.html",
                "fastqc/SPT5_INPUT_rep1_2_fastqc.html",
                "fastqc/SPT5_INPUT_rep2_1_fastqc.html",
                "fastqc/SPT5_INPUT_rep2_2_fastqc.html",
                "fastqc/SPT5_T0_rep1_1_fastqc.html",
                "fastqc/SPT5_T0_rep1_2_fastqc.html",
                "fastqc/SPT5_T0_rep2_1_fastqc.html",
                "fastqc/SPT5_T0_rep2_2_fastqc.html",
                "fastqc/SPT5_T15_rep1_1_fastqc.html",
                "fastqc/SPT5_T15_rep1_2_fastqc.html",
                "fastqc/SPT5_T15_rep2_1_fastqc.html",
                "fastqc/SPT5_T15_rep2_2_fastqc.html",
                "fastqc/zips",
                "fastqc/zips/SPT5_INPUT_rep1_1_fastqc.zip",
                "fastqc/zips/SPT5_INPUT_rep1_2_fastqc.zip",
                "fastqc/zips/SPT5_INPUT_rep2_1_fastqc.zip",
                "fastqc/zips/SPT5_INPUT_rep2_2_fastqc.zip",
                "fastqc/zips/SPT5_T0_rep1_1_fastqc.zip",
                "fastqc/zips/SPT5_T0_rep1_2_fastqc.zip",
                "fastqc/zips/SPT5_T0_rep2_1_fastqc.zip",
                "fastqc/zips/SPT5_T0_rep2_2_fastqc.zip",
                "fastqc/zips/SPT5_T15_rep1_1_fastqc.zip",
                "fastqc/zips/SPT5_T15_rep1_2_fastqc.zip",
                "fastqc/zips/SPT5_T15_rep2_1_fastqc.zip",
                "fastqc/zips/SPT5_T15_rep2_2_fastqc.zip",
                "genome",
                "genome/genome.fa",
                "genome/genome.fa.fai",
                "genome/genome.fa.sizes",
                "genome/index",
                "genome/index/chromap",
                "genome/index/chromap/genome.index",
                "igv",
                "igv/broad_peak",
                "igv/broad_peak/igv_files.txt",
                "igv/broad_peak/igv_session.xml",
                "multiqc",
                "multiqc/broad_peak",
                "multiqc/broad_peak/multiqc_data",
                "multiqc/broad_peak/multiqc_data/cutadapt_filtered_reads_plot.yaml",
                "multiqc/broad_peak/multiqc_data/cutadapt_trimmed_sequences_plot_3_Counts.yaml",
                "multiqc/broad_peak/multiqc_data/cutadapt_trimmed_sequences_plot_3_Obs_Exp.yaml",
                "multiqc/broad_peak/multiqc_data/deeptools_plot_profile_mlib_deeptools.yaml",
                "multiqc/broad_peak/multiqc_data/fastqc-1-status-check-heatmap.yaml",
                "multiqc/broad_peak/multiqc_data/fastqc-1_per_base_n_content_plot.yaml",
                "multiqc/broad_peak/multiqc_data/fastqc-1_per_base_sequence_quality_plot.yaml",
                "multiqc/broad_peak/multiqc_data/fastqc-1_per_sequence_gc_content_plot_Counts.yaml",
                "multiqc/broad_peak/multiqc_data/fastqc-1_per_sequence_gc_content_plot_Percentages.yaml",
                "multiqc/broad_peak/multiqc_data/fastqc-1_per_sequence_quality_scores_plot.yaml",
                "multiqc/broad_peak/multiqc_data/fastqc-1_sequence_counts_plot.yaml",
                "multiqc/broad_peak/multiqc_data/fastqc-1_sequence_duplication_levels_plot.yaml",
                "multiqc/broad_peak/multiqc_data/fastqc-1_top_overrepresented_sequences_table.yaml",
                "multiqc/broad_peak/multiqc_data/fastqc-status-check-heatmap.yaml",
                "multiqc/broad_peak/multiqc_data/fastqc_adapter_content_plot.yaml",
                "multiqc/broad_peak/multiqc_data/fastqc_per_base_n_content_plot.yaml",
                "multiqc/broad_peak/multiqc_data/fastqc_per_base_sequence_quality_plot.yaml",
                "multiqc/broad_peak/multiqc_data/fastqc_per_sequence_gc_content_plot_Counts.yaml",
                "multiqc/broad_peak/multiqc_data/fastqc_per_sequence_gc_content_plot_Percentages.yaml",
                "multiqc/broad_peak/multiqc_data/fastqc_per_sequence_quality_scores_plot.yaml",
                "multiqc/broad_peak/multiqc_data/fastqc_sequence_counts_plot.yaml",
                "multiqc/broad_peak/multiqc_data/fastqc_sequence_duplication_levels_plot.yaml",
                "multiqc/broad_peak/multiqc_data/fastqc_sequence_length_distribution_plot.yaml",
                "multiqc/broad_peak/multiqc_data/fastqc_top_overrepresented_sequences_table.yaml",
                "multiqc/broad_peak/multiqc_data/multiqc.log",
                "multiqc/broad_peak/multiqc_data/multiqc_citations.yaml",
                "multiqc/broad_peak/multiqc_data/multiqc_cutadapt.yaml",
                "multiqc/broad_peak/multiqc_data/multiqc_data.json",
                "multiqc/broad_peak/multiqc_data/multiqc_fastqc.yaml",
                "multiqc/broad_peak/multiqc_data/multiqc_fastqc_1.yaml",
                "multiqc/broad_peak/multiqc_data/multiqc_nsc_coefficient.yaml",
                "multiqc/broad_peak/multiqc_data/multiqc_phantompeakqualtools.yaml",
                "multiqc/broad_peak/multiqc_data/multiqc_picard-1_AlignmentSummaryMetrics.yaml",
                "multiqc/broad_peak/multiqc_data/multiqc_picard-1_insertSize.yaml",
                "multiqc/broad_peak/multiqc_data/multiqc_picard-1_quality_by_cycle.yaml",
                "multiqc/broad_peak/multiqc_data/multiqc_picard-1_quality_score_distribution.yaml",
                "multiqc/broad_peak/multiqc_data/multiqc_picard_baseContent.yaml",
                "multiqc/broad_peak/multiqc_data/multiqc_picard_dups.yaml",
                "multiqc/broad_peak/multiqc_data/multiqc_rsc_coefficient.yaml",
                "multiqc/broad_peak/multiqc_data/multiqc_samtools_flagstat.yaml",
                "multiqc/broad_peak/multiqc_data/multiqc_samtools_flagstat_1.yaml",
                "multiqc/broad_peak/multiqc_data/multiqc_samtools_flagstat_2.yaml",
                "multiqc/broad_peak/multiqc_data/multiqc_samtools_idxstats.yaml",
                "multiqc/broad_peak/multiqc_data/multiqc_samtools_idxstats_1.yaml",
                "multiqc/broad_peak/multiqc_data/multiqc_samtools_idxstats_2.yaml",
                "multiqc/broad_peak/multiqc_data/multiqc_samtools_stats.yaml",
                "multiqc/broad_peak/multiqc_data/multiqc_samtools_stats_1.yaml",
                "multiqc/broad_peak/multiqc_data/multiqc_samtools_stats_2.yaml",
                "multiqc/broad_peak/multiqc_data/multiqc_software_versions.yaml",
                "multiqc/broad_peak/multiqc_data/multiqc_sources.yaml",
                "multiqc/broad_peak/multiqc_data/multiqc_strand_shift_correlation.yaml",
                "multiqc/broad_peak/multiqc_data/picard-1_alignment_readlength_plot.yaml",
                "multiqc/broad_peak/multiqc_data/picard-1_alignment_summary_Aligned_Bases.yaml",
                "multiqc/broad_peak/multiqc_data/picard-1_alignment_summary_Aligned_Reads.yaml",
                "multiqc/broad_peak/multiqc_data/picard-1_histogram.yaml",
                "multiqc/broad_peak/multiqc_data/picard-1_histogram_1.yaml",
                "multiqc/broad_peak/multiqc_data/picard-1_histogram_2.yaml",
                "multiqc/broad_peak/multiqc_data/picard-1_insert_size_Counts.yaml",
                "multiqc/broad_peak/multiqc_data/picard-1_insert_size_Percentages.yaml",
                "multiqc/broad_peak/multiqc_data/picard-1_quality_by_cycle.yaml",
                "multiqc/broad_peak/multiqc_data/picard-1_quality_score_distribution.yaml",
                "multiqc/broad_peak/multiqc_data/picard_base_distribution_by_cycle__Adenine.yaml",
                "multiqc/broad_peak/multiqc_data/picard_base_distribution_by_cycle__Cytosine.yaml",
                "multiqc/broad_peak/multiqc_data/picard_base_distribution_by_cycle__Guanine.yaml",
                "multiqc/broad_peak/multiqc_data/picard_base_distribution_by_cycle__Thymine.yaml",
                "multiqc/broad_peak/multiqc_data/picard_base_distribution_by_cycle__Undetermined.yaml",
                "multiqc/broad_peak/multiqc_data/picard_deduplication.yaml",
                "multiqc/broad_peak/multiqc_data/picard_histogram.yaml",
                "multiqc/broad_peak/multiqc_data/picard_histogram_1.yaml",
                "multiqc/broad_peak/multiqc_data/picard_histogram_2.yaml",
                "multiqc/broad_peak/multiqc_data/read_distribution_profile.yaml",
                "multiqc/broad_peak/multiqc_data/samtools-flagstat-dp_Percentage_of_total-1.yaml",
                "multiqc/broad_peak/multiqc_data/samtools-flagstat-dp_Percentage_of_total-2.yaml",
                "multiqc/broad_peak/multiqc_data/samtools-flagstat-dp_Percentage_of_total.yaml",
                "multiqc/broad_peak/multiqc_data/samtools-flagstat-dp_Read_counts-1.yaml",
                "multiqc/broad_peak/multiqc_data/samtools-flagstat-dp_Read_counts-2.yaml",
                "multiqc/broad_peak/multiqc_data/samtools-flagstat-dp_Read_counts.yaml",
                "multiqc/broad_peak/multiqc_data/samtools-idxstats-mapped-reads-plot_Normalised_Counts-1.yaml",
                "multiqc/broad_peak/multiqc_data/samtools-idxstats-mapped-reads-plot_Normalised_Counts-2.yaml",
                "multiqc/broad_peak/multiqc_data/samtools-idxstats-mapped-reads-plot_Normalised_Counts.yaml",
                "multiqc/broad_peak/multiqc_data/samtools-idxstats-mapped-reads-plot_Observed_over_Expected_Counts-1.yaml",
                "multiqc/broad_peak/multiqc_data/samtools-idxstats-mapped-reads-plot_Observed_over_Expected_Counts-2.yaml",
                "multiqc/broad_peak/multiqc_data/samtools-idxstats-mapped-reads-plot_Observed_over_Expected_Counts.yaml",
                "multiqc/broad_peak/multiqc_data/samtools-idxstats-mapped-reads-plot_Raw_Counts-1.yaml",
                "multiqc/broad_peak/multiqc_data/samtools-idxstats-mapped-reads-plot_Raw_Counts-2.yaml",
                "multiqc/broad_peak/multiqc_data/samtools-idxstats-mapped-reads-plot_Raw_Counts.yaml",
                "multiqc/broad_peak/multiqc_data/samtools-stats-dp.yaml",
                "multiqc/broad_peak/multiqc_data/samtools_alignment_plot.yaml",
                "multiqc/broad_peak/multiqc_plots",
                "multiqc/broad_peak/multiqc_plots/pdf",
                "multiqc/broad_peak/multiqc_plots/pdf/cutadapt_filtered_reads_plot-cnt.pdf",
                "multiqc/broad_peak/multiqc_plots/pdf/cutadapt_filtered_reads_plot-pct.pdf",
                "multiqc/broad_peak/multiqc_plots/pdf/cutadapt_trimmed_sequences_plot_3_Counts.pdf",
                "multiqc/broad_peak/multiqc_plots/pdf/cutadapt_trimmed_sequences_plot_3_Obs_Exp.pdf",
                "multiqc/broad_peak/multiqc_plots/pdf/fastqc-1-status-check-heatmap.pdf",
                "multiqc/broad_peak/multiqc_plots/pdf/fastqc-1_per_base_n_content_plot.pdf",
                "multiqc/broad_peak/multiqc_plots/pdf/fastqc-1_per_base_sequence_quality_plot.pdf",
                "multiqc/broad_peak/multiqc_plots/pdf/fastqc-1_per_sequence_gc_content_plot_Counts.pdf",
                "multiqc/broad_peak/multiqc_plots/pdf/fastqc-1_per_sequence_gc_content_plot_Percentages.pdf",
                "multiqc/broad_peak/multiqc_plots/pdf/fastqc-1_per_sequence_quality_scores_plot.pdf",
                "multiqc/broad_peak/multiqc_plots/pdf/fastqc-1_sequence_counts_plot-cnt.pdf",
                "multiqc/broad_peak/multiqc_plots/pdf/fastqc-1_sequence_counts_plot-pct.pdf",
                "multiqc/broad_peak/multiqc_plots/pdf/fastqc-1_sequence_duplication_levels_plot.pdf",
                "multiqc/broad_peak/multiqc_plots/pdf/fastqc-1_top_overrepresented_sequences_table.pdf",
                "multiqc/broad_peak/multiqc_plots/pdf/fastqc-status-check-heatmap.pdf",
                "multiqc/broad_peak/multiqc_plots/pdf/fastqc_adapter_content_plot.pdf",
                "multiqc/broad_peak/multiqc_plots/pdf/fastqc_per_base_n_content_plot.pdf",
                "multiqc/broad_peak/multiqc_plots/pdf/fastqc_per_base_sequence_quality_plot.pdf",
                "multiqc/broad_peak/multiqc_plots/pdf/fastqc_per_sequence_gc_content_plot_Counts.pdf",
                "multiqc/broad_peak/multiqc_plots/pdf/fastqc_per_sequence_gc_content_plot_Percentages.pdf",
                "multiqc/broad_peak/multiqc_plots/pdf/fastqc_per_sequence_quality_scores_plot.pdf",
                "multiqc/broad_peak/multiqc_plots/pdf/fastqc_sequence_counts_plot-cnt.pdf",
                "multiqc/broad_peak/multiqc_plots/pdf/fastqc_sequence_counts_plot-pct.pdf",
                "multiqc/broad_peak/multiqc_plots/pdf/fastqc_sequence_duplication_levels_plot.pdf",
                "multiqc/broad_peak/multiqc_plots/pdf/fastqc_sequence_length_distribution_plot.pdf",
                "multiqc/broad_peak/multiqc_plots/pdf/fastqc_top_overrepresented_sequences_table.pdf",
                "multiqc/broad_peak/multiqc_plots/pdf/nsc_coefficient-cnt.pdf",
                "multiqc/broad_peak/multiqc_plots/pdf/nsc_coefficient-pct.pdf",
                "multiqc/broad_peak/multiqc_plots/pdf/picard-1_alignment_readlength_plot.pdf",
                "multiqc/broad_peak/multiqc_plots/pdf/picard-1_alignment_summary_Aligned_Bases-cnt.pdf",
                "multiqc/broad_peak/multiqc_plots/pdf/picard-1_alignment_summary_Aligned_Bases-pct.pdf",
                "multiqc/broad_peak/multiqc_plots/pdf/picard-1_alignment_summary_Aligned_Reads-cnt.pdf",
                "multiqc/broad_peak/multiqc_plots/pdf/picard-1_alignment_summary_Aligned_Reads-pct.pdf",
                "multiqc/broad_peak/multiqc_plots/pdf/picard-1_insert_size_Counts.pdf",
                "multiqc/broad_peak/multiqc_plots/pdf/picard-1_insert_size_Percentages.pdf",
                "multiqc/broad_peak/multiqc_plots/pdf/picard-1_quality_by_cycle.pdf",
                "multiqc/broad_peak/multiqc_plots/pdf/picard-1_quality_score_distribution.pdf",
                "multiqc/broad_peak/multiqc_plots/pdf/picard_base_distribution_by_cycle__Adenine.pdf",
                "multiqc/broad_peak/multiqc_plots/pdf/picard_base_distribution_by_cycle__Cytosine.pdf",
                "multiqc/broad_peak/multiqc_plots/pdf/picard_base_distribution_by_cycle__Guanine.pdf",
                "multiqc/broad_peak/multiqc_plots/pdf/picard_base_distribution_by_cycle__Thymine.pdf",
                "multiqc/broad_peak/multiqc_plots/pdf/picard_base_distribution_by_cycle__Undetermined.pdf",
                "multiqc/broad_peak/multiqc_plots/pdf/picard_deduplication-cnt.pdf",
                "multiqc/broad_peak/multiqc_plots/pdf/picard_deduplication-pct.pdf",
                "multiqc/broad_peak/multiqc_plots/pdf/read_distribution_profile.pdf",
                "multiqc/broad_peak/multiqc_plots/pdf/rsc_coefficient-cnt.pdf",
                "multiqc/broad_peak/multiqc_plots/pdf/rsc_coefficient-pct.pdf",
                "multiqc/broad_peak/multiqc_plots/pdf/samtools-flagstat-dp_Percentage_of_total-1.pdf",
                "multiqc/broad_peak/multiqc_plots/pdf/samtools-flagstat-dp_Percentage_of_total-2.pdf",
                "multiqc/broad_peak/multiqc_plots/pdf/samtools-flagstat-dp_Percentage_of_total.pdf",
                "multiqc/broad_peak/multiqc_plots/pdf/samtools-flagstat-dp_Read_counts-1.pdf",
                "multiqc/broad_peak/multiqc_plots/pdf/samtools-flagstat-dp_Read_counts-2.pdf",
                "multiqc/broad_peak/multiqc_plots/pdf/samtools-flagstat-dp_Read_counts.pdf",
                "multiqc/broad_peak/multiqc_plots/pdf/samtools-idxstats-mapped-reads-plot_Normalised_Counts-1-cnt.pdf",
                "multiqc/broad_peak/multiqc_plots/pdf/samtools-idxstats-mapped-reads-plot_Normalised_Counts-1-log.pdf",
                "multiqc/broad_peak/multiqc_plots/pdf/samtools-idxstats-mapped-reads-plot_Normalised_Counts-2-cnt.pdf",
                "multiqc/broad_peak/multiqc_plots/pdf/samtools-idxstats-mapped-reads-plot_Normalised_Counts-2-log.pdf",
                "multiqc/broad_peak/multiqc_plots/pdf/samtools-idxstats-mapped-reads-plot_Normalised_Counts-cnt.pdf",
                "multiqc/broad_peak/multiqc_plots/pdf/samtools-idxstats-mapped-reads-plot_Normalised_Counts-log.pdf",
                "multiqc/broad_peak/multiqc_plots/pdf/samtools-idxstats-mapped-reads-plot_Observed_over_Expected_Counts-1-cnt.pdf",
                "multiqc/broad_peak/multiqc_plots/pdf/samtools-idxstats-mapped-reads-plot_Observed_over_Expected_Counts-1-log.pdf",
                "multiqc/broad_peak/multiqc_plots/pdf/samtools-idxstats-mapped-reads-plot_Observed_over_Expected_Counts-2-cnt.pdf",
                "multiqc/broad_peak/multiqc_plots/pdf/samtools-idxstats-mapped-reads-plot_Observed_over_Expected_Counts-2-log.pdf",
                "multiqc/broad_peak/multiqc_plots/pdf/samtools-idxstats-mapped-reads-plot_Observed_over_Expected_Counts-cnt.pdf",
                "multiqc/broad_peak/multiqc_plots/pdf/samtools-idxstats-mapped-reads-plot_Observed_over_Expected_Counts-log.pdf",
                "multiqc/broad_peak/multiqc_plots/pdf/samtools-idxstats-mapped-reads-plot_Raw_Counts-1-cnt.pdf",
                "multiqc/broad_peak/multiqc_plots/pdf/samtools-idxstats-mapped-reads-plot_Raw_Counts-1-log.pdf",
                "multiqc/broad_peak/multiqc_plots/pdf/samtools-idxstats-mapped-reads-plot_Raw_Counts-2-cnt.pdf",
                "multiqc/broad_peak/multiqc_plots/pdf/samtools-idxstats-mapped-reads-plot_Raw_Counts-2-log.pdf",
                "multiqc/broad_peak/multiqc_plots/pdf/samtools-idxstats-mapped-reads-plot_Raw_Counts-cnt.pdf",
                "multiqc/broad_peak/multiqc_plots/pdf/samtools-idxstats-mapped-reads-plot_Raw_Counts-log.pdf",
                "multiqc/broad_peak/multiqc_plots/pdf/samtools-stats-dp.pdf",
                "multiqc/broad_peak/multiqc_plots/pdf/samtools_alignment_plot-cnt.pdf",
                "multiqc/broad_peak/multiqc_plots/pdf/samtools_alignment_plot-pct.pdf",
                "multiqc/broad_peak/multiqc_plots/pdf/strand_shift_correlation.pdf",
                "multiqc/broad_peak/multiqc_plots/png",
                "multiqc/broad_peak/multiqc_plots/png/cutadapt_filtered_reads_plot-cnt.png",
                "multiqc/broad_peak/multiqc_plots/png/cutadapt_filtered_reads_plot-pct.png",
                "multiqc/broad_peak/multiqc_plots/png/cutadapt_trimmed_sequences_plot_3_Counts.png",
                "multiqc/broad_peak/multiqc_plots/png/cutadapt_trimmed_sequences_plot_3_Obs_Exp.png",
                "multiqc/broad_peak/multiqc_plots/png/fastqc-1-status-check-heatmap.png",
                "multiqc/broad_peak/multiqc_plots/png/fastqc-1_per_base_n_content_plot.png",
                "multiqc/broad_peak/multiqc_plots/png/fastqc-1_per_base_sequence_quality_plot.png",
                "multiqc/broad_peak/multiqc_plots/png/fastqc-1_per_sequence_gc_content_plot_Counts.png",
                "multiqc/broad_peak/multiqc_plots/png/fastqc-1_per_sequence_gc_content_plot_Percentages.png",
                "multiqc/broad_peak/multiqc_plots/png/fastqc-1_per_sequence_quality_scores_plot.png",
                "multiqc/broad_peak/multiqc_plots/png/fastqc-1_sequence_counts_plot-cnt.png",
                "multiqc/broad_peak/multiqc_plots/png/fastqc-1_sequence_counts_plot-pct.png",
                "multiqc/broad_peak/multiqc_plots/png/fastqc-1_sequence_duplication_levels_plot.png",
                "multiqc/broad_peak/multiqc_plots/png/fastqc-1_top_overrepresented_sequences_table.png",
                "multiqc/broad_peak/multiqc_plots/png/fastqc-status-check-heatmap.png",
                "multiqc/broad_peak/multiqc_plots/png/fastqc_adapter_content_plot.png",
                "multiqc/broad_peak/multiqc_plots/png/fastqc_per_base_n_content_plot.png",
                "multiqc/broad_peak/multiqc_plots/png/fastqc_per_base_sequence_quality_plot.png",
                "multiqc/broad_peak/multiqc_plots/png/fastqc_per_sequence_gc_content_plot_Counts.png",
                "multiqc/broad_peak/multiqc_plots/png/fastqc_per_sequence_gc_content_plot_Percentages.png",
                "multiqc/broad_peak/multiqc_plots/png/fastqc_per_sequence_quality_scores_plot.png",
                "multiqc/broad_peak/multiqc_plots/png/fastqc_sequence_counts_plot-cnt.png",
                "multiqc/broad_peak/multiqc_plots/png/fastqc_sequence_counts_plot-pct.png",
                "multiqc/broad_peak/multiqc_plots/png/fastqc_sequence_duplication_levels_plot.png",
                "multiqc/broad_peak/multiqc_plots/png/fastqc_sequence_length_distribution_plot.png",
                "multiqc/broad_peak/multiqc_plots/png/fastqc_top_overrepresented_sequences_table.png",
                "multiqc/broad_peak/multiqc_plots/png/nsc_coefficient-cnt.png",
                "multiqc/broad_peak/multiqc_plots/png/nsc_coefficient-pct.png",
                "multiqc/broad_peak/multiqc_plots/png/picard-1_alignment_readlength_plot.png",
                "multiqc/broad_peak/multiqc_plots/png/picard-1_alignment_summary_Aligned_Bases-cnt.png",
                "multiqc/broad_peak/multiqc_plots/png/picard-1_alignment_summary_Aligned_Bases-pct.png",
                "multiqc/broad_peak/multiqc_plots/png/picard-1_alignment_summary_Aligned_Reads-cnt.png",
                "multiqc/broad_peak/multiqc_plots/png/picard-1_alignment_summary_Aligned_Reads-pct.png",
                "multiqc/broad_peak/multiqc_plots/png/picard-1_insert_size_Counts.png",
                "multiqc/broad_peak/multiqc_plots/png/picard-1_insert_size_Percentages.png",
                "multiqc/broad_peak/multiqc_plots/png/picard-1_quality_by_cycle.png",
                "multiqc/broad_peak/multiqc_plots/png/picard-1_quality_score_distribution.png",
                "multiqc/broad_peak/multiqc_plots/png/picard_base_distribution_by_cycle__Adenine.png",
                "multiqc/broad_peak/multiqc_plots/png/picard_base_distribution_by_cycle__Cytosine.png",
                "multiqc/broad_peak/multiqc_plots/png/picard_base_distribution_by_cycle__Guanine.png",
                "multiqc/broad_peak/multiqc_plots/png/picard_base_distribution_by_cycle__Thymine.png",
                "multiqc/broad_peak/multiqc_plots/png/picard_base_distribution_by_cycle__Undetermined.png",
                "multiqc/broad_peak/multiqc_plots/png/picard_deduplication-cnt.png",
                "multiqc/broad_peak/multiqc_plots/png/picard_deduplication-pct.png",
                "multiqc/broad_peak/multiqc_plots/png/read_distribution_profile.png",
                "multiqc/broad_peak/multiqc_plots/png/rsc_coefficient-cnt.png",
                "multiqc/broad_peak/multiqc_plots/png/rsc_coefficient-pct.png",
                "multiqc/broad_peak/multiqc_plots/png/samtools-flagstat-dp_Percentage_of_total-1.png",
                "multiqc/broad_peak/multiqc_plots/png/samtools-flagstat-dp_Percentage_of_total-2.png",
                "multiqc/broad_peak/multiqc_plots/png/samtools-flagstat-dp_Percentage_of_total.png",
                "multiqc/broad_peak/multiqc_plots/png/samtools-flagstat-dp_Read_counts-1.png",
                "multiqc/broad_peak/multiqc_plots/png/samtools-flagstat-dp_Read_counts-2.png",
                "multiqc/broad_peak/multiqc_plots/png/samtools-flagstat-dp_Read_counts.png",
                "multiqc/broad_peak/multiqc_plots/png/samtools-idxstats-mapped-reads-plot_Normalised_Counts-1-cnt.png",
                "multiqc/broad_peak/multiqc_plots/png/samtools-idxstats-mapped-reads-plot_Normalised_Counts-1-log.png",
                "multiqc/broad_peak/multiqc_plots/png/samtools-idxstats-mapped-reads-plot_Normalised_Counts-2-cnt.png",
                "multiqc/broad_peak/multiqc_plots/png/samtools-idxstats-mapped-reads-plot_Normalised_Counts-2-log.png",
                "multiqc/broad_peak/multiqc_plots/png/samtools-idxstats-mapped-reads-plot_Normalised_Counts-cnt.png",
                "multiqc/broad_peak/multiqc_plots/png/samtools-idxstats-mapped-reads-plot_Normalised_Counts-log.png",
                "multiqc/broad_peak/multiqc_plots/png/samtools-idxstats-mapped-reads-plot_Observed_over_Expected_Counts-1-cnt.png",
                "multiqc/broad_peak/multiqc_plots/png/samtools-idxstats-mapped-reads-plot_Observed_over_Expected_Counts-1-log.png",
                "multiqc/broad_peak/multiqc_plots/png/samtools-idxstats-mapped-reads-plot_Observed_over_Expected_Counts-2-cnt.png",
                "multiqc/broad_peak/multiqc_plots/png/samtools-idxstats-mapped-reads-plot_Observed_over_Expected_Counts-2-log.png",
                "multiqc/broad_peak/multiqc_plots/png/samtools-idxstats-mapped-reads-plot_Observed_over_Expected_Counts-cnt.png",
                "multiqc/broad_peak/multiqc_plots/png/samtools-idxstats-mapped-reads-plot_Observed_over_Expected_Counts-log.png",
                "multiqc/broad_peak/multiqc_plots/png/samtools-idxstats-mapped-reads-plot_Raw_Counts-1-cnt.png",
                "multiqc/broad_peak/multiqc_plots/png/samtools-idxstats-mapped-reads-plot_Raw_Counts-1-log.png",
                "multiqc/broad_peak/multiqc_plots/png/samtools-idxstats-mapped-reads-plot_Raw_Counts-2-cnt.png",
                "multiqc/broad_peak/multiqc_plots/png/samtools-idxstats-mapped-reads-plot_Raw_Counts-2-log.png",
                "multiqc/broad_peak/multiqc_plots/png/samtools-idxstats-mapped-reads-plot_Raw_Counts-cnt.png",
                "multiqc/broad_peak/multiqc_plots/png/samtools-idxstats-mapped-reads-plot_Raw_Counts-log.png",
                "multiqc/broad_peak/multiqc_plots/png/samtools-stats-dp.png",
                "multiqc/broad_peak/multiqc_plots/png/samtools_alignment_plot-cnt.png",
                "multiqc/broad_peak/multiqc_plots/png/samtools_alignment_plot-pct.png",
                "multiqc/broad_peak/multiqc_plots/png/strand_shift_correlation.png",
                "multiqc/broad_peak/multiqc_plots/svg",
                "multiqc/broad_peak/multiqc_plots/svg/cutadapt_filtered_reads_plot-cnt.svg",
                "multiqc/broad_peak/multiqc_plots/svg/cutadapt_filtered_reads_plot-pct.svg",
                "multiqc/broad_peak/multiqc_plots/svg/cutadapt_trimmed_sequences_plot_3_Counts.svg",
                "multiqc/broad_peak/multiqc_plots/svg/cutadapt_trimmed_sequences_plot_3_Obs_Exp.svg",
                "multiqc/broad_peak/multiqc_plots/svg/fastqc-1-status-check-heatmap.svg",
                "multiqc/broad_peak/multiqc_plots/svg/fastqc-1_per_base_n_content_plot.svg",
                "multiqc/broad_peak/multiqc_plots/svg/fastqc-1_per_base_sequence_quality_plot.svg",
                "multiqc/broad_peak/multiqc_plots/svg/fastqc-1_per_sequence_gc_content_plot_Counts.svg",
                "multiqc/broad_peak/multiqc_plots/svg/fastqc-1_per_sequence_gc_content_plot_Percentages.svg",
                "multiqc/broad_peak/multiqc_plots/svg/fastqc-1_per_sequence_quality_scores_plot.svg",
                "multiqc/broad_peak/multiqc_plots/svg/fastqc-1_sequence_counts_plot-cnt.svg",
                "multiqc/broad_peak/multiqc_plots/svg/fastqc-1_sequence_counts_plot-pct.svg",
                "multiqc/broad_peak/multiqc_plots/svg/fastqc-1_sequence_duplication_levels_plot.svg",
                "multiqc/broad_peak/multiqc_plots/svg/fastqc-1_top_overrepresented_sequences_table.svg",
                "multiqc/broad_peak/multiqc_plots/svg/fastqc-status-check-heatmap.svg",
                "multiqc/broad_peak/multiqc_plots/svg/fastqc_adapter_content_plot.svg",
                "multiqc/broad_peak/multiqc_plots/svg/fastqc_per_base_n_content_plot.svg",
                "multiqc/broad_peak/multiqc_plots/svg/fastqc_per_base_sequence_quality_plot.svg",
                "multiqc/broad_peak/multiqc_plots/svg/fastqc_per_sequence_gc_content_plot_Counts.svg",
                "multiqc/broad_peak/multiqc_plots/svg/fastqc_per_sequence_gc_content_plot_Percentages.svg",
                "multiqc/broad_peak/multiqc_plots/svg/fastqc_per_sequence_quality_scores_plot.svg",
                "multiqc/broad_peak/multiqc_plots/svg/fastqc_sequence_counts_plot-cnt.svg",
                "multiqc/broad_peak/multiqc_plots/svg/fastqc_sequence_counts_plot-pct.svg",
                "multiqc/broad_peak/multiqc_plots/svg/fastqc_sequence_duplication_levels_plot.svg",
                "multiqc/broad_peak/multiqc_plots/svg/fastqc_sequence_length_distribution_plot.svg",
                "multiqc/broad_peak/multiqc_plots/svg/fastqc_top_overrepresented_sequences_table.svg",
                "multiqc/broad_peak/multiqc_plots/svg/nsc_coefficient-cnt.svg",
                "multiqc/broad_peak/multiqc_plots/svg/nsc_coefficient-pct.svg",
                "multiqc/broad_peak/multiqc_plots/svg/picard-1_alignment_readlength_plot.svg",
                "multiqc/broad_peak/multiqc_plots/svg/picard-1_alignment_summary_Aligned_Bases-cnt.svg",
                "multiqc/broad_peak/multiqc_plots/svg/picard-1_alignment_summary_Aligned_Bases-pct.svg",
                "multiqc/broad_peak/multiqc_plots/svg/picard-1_alignment_summary_Aligned_Reads-cnt.svg",
                "multiqc/broad_peak/multiqc_plots/svg/picard-1_alignment_summary_Aligned_Reads-pct.svg",
                "multiqc/broad_peak/multiqc_plots/svg/picard-1_insert_size_Counts.svg",
                "multiqc/broad_peak/multiqc_plots/svg/picard-1_insert_size_Percentages.svg",
                "multiqc/broad_peak/multiqc_plots/svg/picard-1_quality_by_cycle.svg",
                "multiqc/broad_peak/multiqc_plots/svg/picard-1_quality_score_distribution.svg",
                "multiqc/broad_peak/multiqc_plots/svg/picard_base_distribution_by_cycle__Adenine.svg",
                "multiqc/broad_peak/multiqc_plots/svg/picard_base_distribution_by_cycle__Cytosine.svg",
                "multiqc/broad_peak/multiqc_plots/svg/picard_base_distribution_by_cycle__Guanine.svg",
                "multiqc/broad_peak/multiqc_plots/svg/picard_base_distribution_by_cycle__Thymine.svg",
                "multiqc/broad_peak/multiqc_plots/svg/picard_base_distribution_by_cycle__Undetermined.svg",
                "multiqc/broad_peak/multiqc_plots/svg/picard_deduplication-cnt.svg",
                "multiqc/broad_peak/multiqc_plots/svg/picard_deduplication-pct.svg",
                "multiqc/broad_peak/multiqc_plots/svg/read_distribution_profile.svg",
                "multiqc/broad_peak/multiqc_plots/svg/rsc_coefficient-cnt.svg",
                "multiqc/broad_peak/multiqc_plots/svg/rsc_coefficient-pct.svg",
                "multiqc/broad_peak/multiqc_plots/svg/samtools-flagstat-dp_Percentage_of_total-1.svg",
                "multiqc/broad_peak/multiqc_plots/svg/samtools-flagstat-dp_Percentage_of_total-2.svg",
                "multiqc/broad_peak/multiqc_plots/svg/samtools-flagstat-dp_Percentage_of_total.svg",
                "multiqc/broad_peak/multiqc_plots/svg/samtools-flagstat-dp_Read_counts-1.svg",
                "multiqc/broad_peak/multiqc_plots/svg/samtools-flagstat-dp_Read_counts-2.svg",
                "multiqc/broad_peak/multiqc_plots/svg/samtools-flagstat-dp_Read_counts.svg",
                "multiqc/broad_peak/multiqc_plots/svg/samtools-idxstats-mapped-reads-plot_Normalised_Counts-1-cnt.svg",
                "multiqc/broad_peak/multiqc_plots/svg/samtools-idxstats-mapped-reads-plot_Normalised_Counts-1-log.svg",
                "multiqc/broad_peak/multiqc_plots/svg/samtools-idxstats-mapped-reads-plot_Normalised_Counts-2-cnt.svg",
                "multiqc/broad_peak/multiqc_plots/svg/samtools-idxstats-mapped-reads-plot_Normalised_Counts-2-log.svg",
                "multiqc/broad_peak/multiqc_plots/svg/samtools-idxstats-mapped-reads-plot_Normalised_Counts-cnt.svg",
                "multiqc/broad_peak/multiqc_plots/svg/samtools-idxstats-mapped-reads-plot_Normalised_Counts-log.svg",
                "multiqc/broad_peak/multiqc_plots/svg/samtools-idxstats-mapped-reads-plot_Observed_over_Expected_Counts-1-cnt.svg",
                "multiqc/broad_peak/multiqc_plots/svg/samtools-idxstats-mapped-reads-plot_Observed_over_Expected_Counts-1-log.svg",
                "multiqc/broad_peak/multiqc_plots/svg/samtools-idxstats-mapped-reads-plot_Observed_over_Expected_Counts-2-cnt.svg",
                "multiqc/broad_peak/multiqc_plots/svg/samtools-idxstats-mapped-reads-plot_Observed_over_Expected_Counts-2-log.svg",
                "multiqc/broad_peak/multiqc_plots/svg/samtools-idxstats-mapped-reads-plot_Observed_over_Expected_Counts-cnt.svg",
                "multiqc/broad_peak/multiqc_plots/svg/samtools-idxstats-mapped-reads-plot_Observed_over_Expected_Counts-log.svg",
                "multiqc/broad_peak/multiqc_plots/svg/samtools-idxstats-mapped-reads-plot_Raw_Counts-1-cnt.svg",
                "multiqc/broad_peak/multiqc_plots/svg/samtools-idxstats-mapped-reads-plot_Raw_Counts-1-log.svg",
                "multiqc/broad_peak/multiqc_plots/svg/samtools-idxstats-mapped-reads-plot_Raw_Counts-2-cnt.svg",
                "multiqc/broad_peak/multiqc_plots/svg/samtools-idxstats-mapped-reads-plot_Raw_Counts-2-log.svg",
                "multiqc/broad_peak/multiqc_plots/svg/samtools-idxstats-mapped-reads-plot_Raw_Counts-cnt.svg",
                "multiqc/broad_peak/multiqc_plots/svg/samtools-idxstats-mapped-reads-plot_Raw_Counts-log.svg",
                "multiqc/broad_peak/multiqc_plots/svg/samtools-stats-dp.svg",
                "multiqc/broad_peak/multiqc_plots/svg/samtools_alignment_plot-cnt.svg",
                "multiqc/broad_peak/multiqc_plots/svg/samtools_alignment_plot-pct.svg",
                "multiqc/broad_peak/multiqc_plots/svg/strand_shift_correlation.svg",
                "multiqc/broad_peak/multiqc_report.html",
                "pipeline_info",
                "pipeline_info/nf_core_chipseq_software_mqc_versions.yml",
                "trimgalore",
                "trimgalore/fastqc",
                "trimgalore/fastqc/SPT5_INPUT_rep1_1_val_1_fastqc.html",
                "trimgalore/fastqc/SPT5_INPUT_rep1_2_val_2_fastqc.html",
                "trimgalore/fastqc/SPT5_INPUT_rep2_1_val_1_fastqc.html",
                "trimgalore/fastqc/SPT5_INPUT_rep2_2_val_2_fastqc.html",
                "trimgalore/fastqc/SPT5_T0_rep1_1_val_1_fastqc.html",
                "trimgalore/fastqc/SPT5_T0_rep1_2_val_2_fastqc.html",
                "trimgalore/fastqc/SPT5_T0_rep2_1_val_1_fastqc.html",
                "trimgalore/fastqc/SPT5_T0_rep2_2_val_2_fastqc.html",
                "trimgalore/fastqc/SPT5_T15_rep1_1_val_1_fastqc.html",
                "trimgalore/fastqc/SPT5_T15_rep1_2_val_2_fastqc.html",
                "trimgalore/fastqc/SPT5_T15_rep2_1_val_1_fastqc.html",
                "trimgalore/fastqc/SPT5_T15_rep2_2_val_2_fastqc.html",
                "trimgalore/fastqc/zips",
                "trimgalore/fastqc/zips/SPT5_INPUT_rep1_1_val_1_fastqc.zip",
                "trimgalore/fastqc/zips/SPT5_INPUT_rep1_2_val_2_fastqc.zip",
                "trimgalore/fastqc/zips/SPT5_INPUT_rep2_1_val_1_fastqc.zip",
                "trimgalore/fastqc/zips/SPT5_INPUT_rep2_2_val_2_fastqc.zip",
                "trimgalore/fastqc/zips/SPT5_T0_rep1_1_val_1_fastqc.zip",
                "trimgalore/fastqc/zips/SPT5_T0_rep1_2_val_2_fastqc.zip",
                "trimgalore/fastqc/zips/SPT5_T0_rep2_1_val_1_fastqc.zip",
                "trimgalore/fastqc/zips/SPT5_T0_rep2_2_val_2_fastqc.zip",
                "trimgalore/fastqc/zips/SPT5_T15_rep1_1_val_1_fastqc.zip",
                "trimgalore/fastqc/zips/SPT5_T15_rep1_2_val_2_fastqc.zip",
                "trimgalore/fastqc/zips/SPT5_T15_rep2_1_val_1_fastqc.zip",
                "trimgalore/fastqc/zips/SPT5_T15_rep2_2_val_2_fastqc.zip",
                "trimgalore/logs",
                "trimgalore/logs/SPT5_INPUT_rep1_1.fastq.gz_trimming_report.txt",
                "trimgalore/logs/SPT5_INPUT_rep1_2.fastq.gz_trimming_report.txt",
                "trimgalore/logs/SPT5_INPUT_rep2_1.fastq.gz_trimming_report.txt",
                "trimgalore/logs/SPT5_INPUT_rep2_2.fastq.gz_trimming_report.txt",
                "trimgalore/logs/SPT5_T0_rep1_1.fastq.gz_trimming_report.txt",
                "trimgalore/logs/SPT5_T0_rep1_2.fastq.gz_trimming_report.txt",
                "trimgalore/logs/SPT5_T0_rep2_1.fastq.gz_trimming_report.txt",
                "trimgalore/logs/SPT5_T0_rep2_2.fastq.gz_trimming_report.txt",
                "trimgalore/logs/SPT5_T15_rep1_1.fastq.gz_trimming_report.txt",
                "trimgalore/logs/SPT5_T15_rep1_2.fastq.gz_trimming_report.txt",
                "trimgalore/logs/SPT5_T15_rep2_1.fastq.gz_trimming_report.txt",
                "trimgalore/logs/SPT5_T15_rep2_2.fastq.gz_trimming_report.txt"
            ],
            [
                "SPT5_INPUT_rep1.mLB.clN.bedGraph:md5,e18a171dc9e71782335f2ca933da0773",
                "SPT5_INPUT_rep2.mLB.clN.bedGraph:md5,3155c2b26db574cfccbb0388dea6617a",
                "SPT5_T0_rep1.mLB.clN.bedGraph:md5,ede095f77136b5b49310b028dc1f3174",
                "SPT5_T0_rep2.mLB.clN.bedGraph:md5,15b423419d7d837db69c11f911e11b27",
                "SPT5_T15_rep1.mLB.clN.bedGraph:md5,df839f1a73260decf2510fbbe038fc04",
                "SPT5_T15_rep2.mLB.clN.bedGraph:md5,286e56304db30e41a14e0f806b03e9b4",
                "SPT5_INPUT_rep1.mLb.clN.sorted.bam.flagstat:md5,e7e595088e284c9bc29cd7198bd54d2c",
                "SPT5_INPUT_rep1.mLb.clN.sorted.bam.idxstats:md5,0096b9a233e8dda267a26d82e4a38438",
                "SPT5_INPUT_rep1.mLb.clN.sorted.bam.stats:md5,2c89b1eb0ca81214c4a51d10e8a3909c",
                "SPT5_INPUT_rep2.mLb.clN.sorted.bam.flagstat:md5,4aef254b0aa86eb12f008cf6935b55de",
                "SPT5_INPUT_rep2.mLb.clN.sorted.bam.idxstats:md5,6d1f4c880ec716e49553b1da0842fb23",
                "SPT5_INPUT_rep2.mLb.clN.sorted.bam.stats:md5,3f2bc6624a50f429b780652779e18875",
                "SPT5_T0_rep1.mLb.clN.sorted.bam.flagstat:md5,19dfded40fbc15d167a504f1c826a126",
                "SPT5_T0_rep1.mLb.clN.sorted.bam.idxstats:md5,28753ada79dbb64b6c20e366b397c72f",
                "SPT5_T0_rep1.mLb.clN.sorted.bam.stats:md5,ea674b3363930d2a69e0cd77f0e4654f",
                "SPT5_T0_rep2.mLb.clN.sorted.bam.flagstat:md5,5c8c568f09b893efbc7094660edc2ea7",
                "SPT5_T0_rep2.mLb.clN.sorted.bam.idxstats:md5,c5be4b76660e272ab4566e5a655e9d7e",
                "SPT5_T0_rep2.mLb.clN.sorted.bam.stats:md5,a6aff6787edacd9203efbda0b14e3bd2",
                "SPT5_T15_rep1.mLb.clN.sorted.bam.flagstat:md5,adc741fdefc2424d4fc00232047ad3ed",
                "SPT5_T15_rep1.mLb.clN.sorted.bam.idxstats:md5,eab2f5d5e3cdf1122dee24656ec6ab01",
                "SPT5_T15_rep1.mLb.clN.sorted.bam.stats:md5,fbc3c5cccb17ef93ca9d5faff91de4d5",
                "SPT5_T15_rep2.mLb.clN.sorted.bam.flagstat:md5,c00504e2664b69e0ca3cd351e7f511e8",
                "SPT5_T15_rep2.mLb.clN.sorted.bam.idxstats:md5,2f44885f36790e09682f145a54c4b794",
                "SPT5_T15_rep2.mLb.clN.sorted.bam.stats:md5,8aed1b422c5e46fc132550aee24c4ebd",
                "genome.fa:md5,4bad9f4b18056156a81f7f952abbe125",
                "genome.fa.fai:md5,6f4c0ce5258e6948135ad006e1f9ee1b",
                "genome.fa.sizes:md5,e122f8021a5ef14104c32785cb9b7adc",
                "genome.index:md5,377432ea6242989cae4dabb60859f6bd",
                "cutadapt_filtered_reads_plot.yaml:md5,24c0a200a4991abc43722098cba7335a",
                "cutadapt_trimmed_sequences_plot_3_Counts.yaml:md5,c6f663d172854225a9c1af031226c8cb",
                "cutadapt_trimmed_sequences_plot_3_Obs_Exp.yaml:md5,b857fa57f904c409e3905c1d6164b4b3",
                "fastqc-1-status-check-heatmap.yaml:md5,3a38d0c81ae568e07636ec6f096162a7",
                "fastqc-1_per_base_n_content_plot.yaml:md5,f31fc6b24e1b7ae160b473e1a78c9a46",
                "fastqc-1_per_base_sequence_quality_plot.yaml:md5,2ad33cd260d8bffd2fe4461309f820f6",
                "fastqc-1_per_sequence_gc_content_plot_Counts.yaml:md5,bb21417822a7ad985de5a9161add71a8",
                "fastqc-1_per_sequence_gc_content_plot_Percentages.yaml:md5,19c5949c8155af2175273502d5eca04f",
                "fastqc-1_per_sequence_quality_scores_plot.yaml:md5,d957f7e3b09f5112a3253574bf518cb9",
                "fastqc-1_sequence_counts_plot.yaml:md5,aaa331185f9bd6a1f1e2ac662ff93a7b",
                "fastqc-1_sequence_duplication_levels_plot.yaml:md5,41dbd8beda9d06067e0ff0bad35a52f7",
                "fastqc-1_top_overrepresented_sequences_table.yaml:md5,8a80554c91d9fca8acb82f023de02f11",
                "fastqc-status-check-heatmap.yaml:md5,735618bef1e56ee95417ad4aa05983ce",
                "fastqc_adapter_content_plot.yaml:md5,bcbd28c1aa6bc4c446d8ab7ff3344356",
                "fastqc_per_base_n_content_plot.yaml:md5,435ffbb377c0729249c316c35aa5a08f",
                "fastqc_per_base_sequence_quality_plot.yaml:md5,eea9f7351dd013df7712fd00d0ac2241",
                "fastqc_per_sequence_gc_content_plot_Counts.yaml:md5,5f1ab6f624e5660428725804a2edc75c",
                "fastqc_per_sequence_gc_content_plot_Percentages.yaml:md5,7adfd2616e1098e58bab86ceed7434bf",
                "fastqc_per_sequence_quality_scores_plot.yaml:md5,d6183307cf87d4a09281960c7ba8607a",
                "fastqc_sequence_counts_plot.yaml:md5,3543abf15a4c45007e7560eb020aacc8",
                "fastqc_sequence_duplication_levels_plot.yaml:md5,2cb3fb1353d1de2bf5def6c2f7faa356",
                "fastqc_sequence_length_distribution_plot.yaml:md5,e0814db7689c1782b253702b1109ce9e",
                "fastqc_top_overrepresented_sequences_table.yaml:md5,443e161371f73cebf63c14f7a9f3580d",
                "multiqc_citations.yaml:md5,c4cdebc20cfc52eb2eee741a36323b3e",
                "multiqc_cutadapt.yaml:md5,74b42e87a78ac23b716acec17b3f97b6",
                "multiqc_fastqc.yaml:md5,33eb21cad7eafc05b0646954fdeb3e99",
                "multiqc_fastqc_1.yaml:md5,7cd54ec9c1c4f5974bd7c3289971a9d5",
                "multiqc_nsc_coefficient.yaml:md5,5090cf957c8934ee8b3ef22a8e5186e0",
                "multiqc_phantompeakqualtools.yaml:md5,3b2cd02ae6f60d720a6430843f7214e0",
                "multiqc_picard-1_AlignmentSummaryMetrics.yaml:md5,5dd03fb2de4bc031ef4f38506fdf79bd",
                "multiqc_picard-1_insertSize.yaml:md5,28c40714dab5d60f553008e41e322bd6",
                "multiqc_picard-1_quality_by_cycle.yaml:md5,55a6d144ddafb833e8084c0a73256ea5",
                "multiqc_picard-1_quality_score_distribution.yaml:md5,70c20fdc7b8aea86eaf3808885190570",
                "multiqc_picard_baseContent.yaml:md5,da52ef94638567b5a8702462ffb673fa",
                "multiqc_picard_dups.yaml:md5,55608df298751fbb2eb2cff6e09ca1be",
                "multiqc_rsc_coefficient.yaml:md5,07eb8f0961a6df39900dfe74eba40efc",
                "multiqc_samtools_flagstat.yaml:md5,20c17552f53ba9a9c484285131588939",
                "multiqc_samtools_flagstat_1.yaml:md5,eb06d6348c41d6d328460db1e30b08c2",
                "multiqc_samtools_flagstat_2.yaml:md5,d8413a11d98d6b6091c6078ab8b37f57",
                "multiqc_samtools_idxstats.yaml:md5,248e9bb33b1e6c932e8d9727054bf479",
                "multiqc_samtools_idxstats_1.yaml:md5,248e9bb33b1e6c932e8d9727054bf479",
                "multiqc_samtools_idxstats_2.yaml:md5,c28d5216f2f66aa3463a3cc2e9f65e42",
                "multiqc_samtools_stats.yaml:md5,389a64168db529d01927f63aa88f0429",
                "multiqc_samtools_stats_1.yaml:md5,f938acec2b1ca60b173e0eae74b6fc13",
                "multiqc_samtools_stats_2.yaml:md5,cc8e0bd8888efad688a9a6f0a2951c77",
                "multiqc_strand_shift_correlation.yaml:md5,1c6e328015484b560c8767f19e2022ac",
                "picard-1_alignment_readlength_plot.yaml:md5,afffa0a1961eeecc46cec4c496611771",
                "picard-1_alignment_summary_Aligned_Bases.yaml:md5,df552d0592f5f1eca45ae29710b8d124",
                "picard-1_alignment_summary_Aligned_Reads.yaml:md5,697e557eeb14941bf1d8dfc4cada7736",
                "picard-1_histogram.yaml:md5,8a80554c91d9fca8acb82f023de02f11",
                "picard-1_histogram_1.yaml:md5,55a6d144ddafb833e8084c0a73256ea5",
                "picard-1_histogram_2.yaml:md5,70c20fdc7b8aea86eaf3808885190570",
                "picard-1_insert_size_Counts.yaml:md5,8b6774fe6e9f5e90400b32a2cd4e059e",
                "picard-1_insert_size_Percentages.yaml:md5,1311fde516d58de45c47466bef63c11f",
                "picard-1_quality_by_cycle.yaml:md5,a44bb007bef9a82c91733f281e1641ad",
                "picard-1_quality_score_distribution.yaml:md5,7edf8b8c860165ebdbb0118d12a289ef",
                "picard_base_distribution_by_cycle__Adenine.yaml:md5,863488d23a0301602bf48a071d97ef94",
                "picard_base_distribution_by_cycle__Cytosine.yaml:md5,9bbe42b4d2b57641792aedbffdeebe27",
                "picard_base_distribution_by_cycle__Guanine.yaml:md5,ed0a9cf401df8f7e3a3e6a76e7d22fd1",
                "picard_base_distribution_by_cycle__Thymine.yaml:md5,2501dc7994af55e76165931bd5af9897",
                "picard_base_distribution_by_cycle__Undetermined.yaml:md5,23e62b9c24327183570dbfc3e5b8d61a",
                "picard_deduplication.yaml:md5,ed1e94e8b821c9581b62ee151deb057f",
                "picard_histogram.yaml:md5,8a80554c91d9fca8acb82f023de02f11",
                "picard_histogram_1.yaml:md5,8a80554c91d9fca8acb82f023de02f11",
                "picard_histogram_2.yaml:md5,8a80554c91d9fca8acb82f023de02f11",
                "samtools-flagstat-dp_Percentage_of_total-1.yaml:md5,f701f6bc6929098c23dd301beda935f1",
                "samtools-flagstat-dp_Percentage_of_total-2.yaml:md5,9ae734b04e6bb7ff00baec120d02f4c4",
                "samtools-flagstat-dp_Percentage_of_total.yaml:md5,9ae734b04e6bb7ff00baec120d02f4c4",
                "samtools-flagstat-dp_Read_counts-1.yaml:md5,d75397929f725917e6314701e564d6a5",
                "samtools-flagstat-dp_Read_counts-2.yaml:md5,8f69de6d29829a2153e9b84ac458b8c7",
                "samtools-flagstat-dp_Read_counts.yaml:md5,9db7e534c7b7566eeaf7efa2c7337abc",
                "samtools-idxstats-mapped-reads-plot_Normalised_Counts-1.yaml:md5,0ee5c111e16250fdb8db8255c031f953",
                "samtools-idxstats-mapped-reads-plot_Normalised_Counts-2.yaml:md5,798ed6bab082ad9309720b3adc8292ad",
                "samtools-idxstats-mapped-reads-plot_Normalised_Counts.yaml:md5,0ee5c111e16250fdb8db8255c031f953",
                "samtools-idxstats-mapped-reads-plot_Observed_over_Expected_Counts-1.yaml:md5,2db86aefe33629842f96647fb5785e20",
                "samtools-idxstats-mapped-reads-plot_Observed_over_Expected_Counts-2.yaml:md5,33a57019ccb6f1296876439e1383f164",
                "samtools-idxstats-mapped-reads-plot_Observed_over_Expected_Counts.yaml:md5,2db86aefe33629842f96647fb5785e20",
                "samtools-idxstats-mapped-reads-plot_Raw_Counts-1.yaml:md5,75e40606a29c687d9a6e0d7acd891e5b",
                "samtools-idxstats-mapped-reads-plot_Raw_Counts-2.yaml:md5,0ae0fa6b698becdd70a9f77977dd5392",
                "samtools-idxstats-mapped-reads-plot_Raw_Counts.yaml:md5,75e40606a29c687d9a6e0d7acd891e5b",
                "samtools-stats-dp.yaml:md5,8155bf8909cdd5b2b15c50837c1734ad",
                "samtools_alignment_plot.yaml:md5,0a7e3f5ac8524aaa0a1efd5753372768"
            ]
        ],
        "meta": {
            "nf-test": "0.9.2",
            "nextflow": "25.04.6"
        },
        "timestamp": "2025-09-18T16:03:14.465547"
    },
    "chromap with stub": {
        "content": [
            19
        ],
        "meta": {
            "nf-test": "0.9.2",
            "nextflow": "25.04.6"
        },
        "timestamp": "2025-09-18T16:03:44.49582"
    }
}