{
    "-profile test": {
        "content": [
            215,
            {
                "ANNOTATE_BOOLEAN_PEAKS": {
                    "sed": 4.7
                },
                "BAMTOOLS_FILTER": {
                    "bamtools": "2.5.3",
                    "samtools": 1.23
                },
                "BAM_REMOVE_ORPHANS": {
                    "samtools": 1.23
                },
                "BEDTOOLS_GENOMECOV": {
                    "bedtools": "2.31.1"
                },
                "BWA_INDEX": {
                    "bwa": "0.7.19-r1273"
                },
                "BWA_MEM": {
                    "bwa": "0.7.19-r1273",
                    "samtools": "1.22.1"
                },
                "DEEPTOOLS_COMPUTEMATRIX": {
                    "deeptools": "3.5.6"
                },
                "DEEPTOOLS_PLOTFINGERPRINT": {
                    "deeptools": "3.5.6"
                },
                "DEEPTOOLS_PLOTHEATMAP": {
                    "deeptools": "3.5.6"
                },
                "DEEPTOOLS_PLOTPROFILE": {
                    "deeptools": "3.5.6"
                },
                "DESEQ2_QC": {
                    "DESeq2": "1.28.0",
                    "R": "4.0.3"
                },
                "FASTQC": {
                    "fastqc": "0.12.1"
                },
                "FRIP_SCORE": {
                    "bedtools": "2.31.1",
                    "samtools": 1.23
                },
                "GENOME_BLACKLIST_REGIONS": {
                    "bedtools": "2.31.1"
                },
                "GTF2BED": {
                    "perl": "5.26.2"
                },
                "HOMER_ANNOTATEPEAKS": {
                    "homer": 4.11
                },
                "IGV": {
                    "python": "3.12.12"
                },
                "MACS3_CALLPEAK": {
                    "macs3": "3.0.4"
                },
                "MACS3_CONSENSUS": {
                    "R": "4.1.3",
                    "python": "3.14.0"
                },
                "MULTIQC_CUSTOM_PEAKS": {
                    "sed": 4.7
                },
                "MULTIQC_CUSTOM_PHANTOMPEAKQUALTOOLS": {
                    "R": "4.5.3"
                },
                "PICARD_COLLECTMULTIPLEMETRICS": {
                    "picard": "3.4.0"
                },
                "PICARD_MARKDUPLICATES": {
                    "picard": "3.4.0"
                },
                "PICARD_MERGESAMFILES": {
                    "picard": "3.4.0"
                },
                "PLOT_HOMER_ANNOTATEPEAKS": {
                    "R": "4.5.3"
                },
                "PLOT_MACS3_QC": {
                    "R": "4.5.3"
                },
                "SAMPLESHEET_CHECK": {
                    "python": "3.12.12"
                },
                "SAMTOOLS_FAIDX": {
                    "samtools": 1.24
                },
                "SAMTOOLS_FLAGSTAT": {
                    "samtools": 1.24
                },
                "SAMTOOLS_IDXSTATS": {
                    "samtools": 1.24
                },
                "SAMTOOLS_INDEX": {
                    "samtools": 1.24
                },
                "SAMTOOLS_SORT": {
                    "samtools": 1.24
                },
                "SAMTOOLS_STATS": {
                    "samtools": 1.24
                },
                "SUBREAD_FEATURECOUNTS": {
                    "subread": "2.1.1"
                },
                "TRIMGALORE": {
                    "trimgalore": "0.6.10"
                },
                "UCSC_BEDGRAPHTOBIGWIG": {
                    "ucsc": 482
                },
                "Workflow": {
                    "nf-core/chipseq": "v2.2.0dev"
                }
            },
            [
                "bwa",
                "bwa/merged_library",
                "bwa/merged_library/SPT5_INPUT_REP1.mLb.clN.sorted.bam",
                "bwa/merged_library/SPT5_INPUT_REP1.mLb.clN.sorted.bam.bai",
                "bwa/merged_library/SPT5_INPUT_REP2.mLb.clN.sorted.bam",
                "bwa/merged_library/SPT5_INPUT_REP2.mLb.clN.sorted.bam.bai",
                "bwa/merged_library/SPT5_T0_REP1.mLb.clN.sorted.bam",
                "bwa/merged_library/SPT5_T0_REP1.mLb.clN.sorted.bam.bai",
                "bwa/merged_library/SPT5_T0_REP2.mLb.clN.sorted.bam",
                "bwa/merged_library/SPT5_T0_REP2.mLb.clN.sorted.bam.bai",
                "bwa/merged_library/SPT5_T15_REP1.mLb.clN.sorted.bam",
                "bwa/merged_library/SPT5_T15_REP1.mLb.clN.sorted.bam.bai",
                "bwa/merged_library/SPT5_T15_REP2.mLb.clN.sorted.bam",
                "bwa/merged_library/SPT5_T15_REP2.mLb.clN.sorted.bam.bai",
                "bwa/merged_library/bigwig",
                "bwa/merged_library/bigwig/SPT5_INPUT_REP1.mLb.clN.bedGraph",
                "bwa/merged_library/bigwig/SPT5_INPUT_REP1.mLb.clN.bigWig",
                "bwa/merged_library/bigwig/SPT5_INPUT_REP2.mLb.clN.bedGraph",
                "bwa/merged_library/bigwig/SPT5_INPUT_REP2.mLb.clN.bigWig",
                "bwa/merged_library/bigwig/SPT5_T0_REP1.mLb.clN.bedGraph",
                "bwa/merged_library/bigwig/SPT5_T0_REP1.mLb.clN.bigWig",
                "bwa/merged_library/bigwig/SPT5_T0_REP2.mLb.clN.bedGraph",
                "bwa/merged_library/bigwig/SPT5_T0_REP2.mLb.clN.bigWig",
                "bwa/merged_library/bigwig/SPT5_T15_REP1.mLb.clN.bedGraph",
                "bwa/merged_library/bigwig/SPT5_T15_REP1.mLb.clN.bigWig",
                "bwa/merged_library/bigwig/SPT5_T15_REP2.mLb.clN.bedGraph",
                "bwa/merged_library/bigwig/SPT5_T15_REP2.mLb.clN.bigWig",
                "bwa/merged_library/deepTools",
                "bwa/merged_library/deepTools/plotFingerprint",
                "bwa/merged_library/deepTools/plotFingerprint/SPT5_T0_REP1.mLb.clN.plotFingerprint.pdf",
                "bwa/merged_library/deepTools/plotFingerprint/SPT5_T0_REP1.mLb.clN.plotFingerprint.qcmetrics.txt",
                "bwa/merged_library/deepTools/plotFingerprint/SPT5_T0_REP1.mLb.clN.plotFingerprint.raw.txt",
                "bwa/merged_library/deepTools/plotFingerprint/SPT5_T0_REP2.mLb.clN.plotFingerprint.pdf",
                "bwa/merged_library/deepTools/plotFingerprint/SPT5_T0_REP2.mLb.clN.plotFingerprint.qcmetrics.txt",
                "bwa/merged_library/deepTools/plotFingerprint/SPT5_T0_REP2.mLb.clN.plotFingerprint.raw.txt",
                "bwa/merged_library/deepTools/plotFingerprint/SPT5_T15_REP1.mLb.clN.plotFingerprint.pdf",
                "bwa/merged_library/deepTools/plotFingerprint/SPT5_T15_REP1.mLb.clN.plotFingerprint.qcmetrics.txt",
                "bwa/merged_library/deepTools/plotFingerprint/SPT5_T15_REP1.mLb.clN.plotFingerprint.raw.txt",
                "bwa/merged_library/deepTools/plotFingerprint/SPT5_T15_REP2.mLb.clN.plotFingerprint.pdf",
                "bwa/merged_library/deepTools/plotFingerprint/SPT5_T15_REP2.mLb.clN.plotFingerprint.qcmetrics.txt",
                "bwa/merged_library/deepTools/plotFingerprint/SPT5_T15_REP2.mLb.clN.plotFingerprint.raw.txt",
                "bwa/merged_library/deepTools/plotProfile",
                "bwa/merged_library/deepTools/plotProfile/SPT5_INPUT_REP1.mLb.clN.computeMatrix.mat.gz",
                "bwa/merged_library/deepTools/plotProfile/SPT5_INPUT_REP1.mLb.clN.computeMatrix.vals.mat.tab",
                "bwa/merged_library/deepTools/plotProfile/SPT5_INPUT_REP1.mLb.clN.plotHeatmap.mat.tab",
                "bwa/merged_library/deepTools/plotProfile/SPT5_INPUT_REP1.mLb.clN.plotHeatmap.pdf",
                "bwa/merged_library/deepTools/plotProfile/SPT5_INPUT_REP1.mLb.clN.plotProfile.pdf",
                "bwa/merged_library/deepTools/plotProfile/SPT5_INPUT_REP1.mLb.clN.plotProfile.tab",
                "bwa/merged_library/deepTools/plotProfile/SPT5_INPUT_REP2.mLb.clN.computeMatrix.mat.gz",
                "bwa/merged_library/deepTools/plotProfile/SPT5_INPUT_REP2.mLb.clN.computeMatrix.vals.mat.tab",
                "bwa/merged_library/deepTools/plotProfile/SPT5_INPUT_REP2.mLb.clN.plotHeatmap.mat.tab",
                "bwa/merged_library/deepTools/plotProfile/SPT5_INPUT_REP2.mLb.clN.plotHeatmap.pdf",
                "bwa/merged_library/deepTools/plotProfile/SPT5_INPUT_REP2.mLb.clN.plotProfile.pdf",
                "bwa/merged_library/deepTools/plotProfile/SPT5_INPUT_REP2.mLb.clN.plotProfile.tab",
                "bwa/merged_library/deepTools/plotProfile/SPT5_T0_REP1.mLb.clN.computeMatrix.mat.gz",
                "bwa/merged_library/deepTools/plotProfile/SPT5_T0_REP1.mLb.clN.computeMatrix.vals.mat.tab",
                "bwa/merged_library/deepTools/plotProfile/SPT5_T0_REP1.mLb.clN.plotHeatmap.mat.tab",
                "bwa/merged_library/deepTools/plotProfile/SPT5_T0_REP1.mLb.clN.plotHeatmap.pdf",
                "bwa/merged_library/deepTools/plotProfile/SPT5_T0_REP1.mLb.clN.plotProfile.pdf",
                "bwa/merged_library/deepTools/plotProfile/SPT5_T0_REP1.mLb.clN.plotProfile.tab",
                "bwa/merged_library/deepTools/plotProfile/SPT5_T0_REP2.mLb.clN.computeMatrix.mat.gz",
                "bwa/merged_library/deepTools/plotProfile/SPT5_T0_REP2.mLb.clN.computeMatrix.vals.mat.tab",
                "bwa/merged_library/deepTools/plotProfile/SPT5_T0_REP2.mLb.clN.plotHeatmap.mat.tab",
                "bwa/merged_library/deepTools/plotProfile/SPT5_T0_REP2.mLb.clN.plotHeatmap.pdf",
                "bwa/merged_library/deepTools/plotProfile/SPT5_T0_REP2.mLb.clN.plotProfile.pdf",
                "bwa/merged_library/deepTools/plotProfile/SPT5_T0_REP2.mLb.clN.plotProfile.tab",
                "bwa/merged_library/deepTools/plotProfile/SPT5_T15_REP1.mLb.clN.computeMatrix.mat.gz",
                "bwa/merged_library/deepTools/plotProfile/SPT5_T15_REP1.mLb.clN.computeMatrix.vals.mat.tab",
                "bwa/merged_library/deepTools/plotProfile/SPT5_T15_REP1.mLb.clN.plotHeatmap.mat.tab",
                "bwa/merged_library/deepTools/plotProfile/SPT5_T15_REP1.mLb.clN.plotHeatmap.pdf",
                "bwa/merged_library/deepTools/plotProfile/SPT5_T15_REP1.mLb.clN.plotProfile.pdf",
                "bwa/merged_library/deepTools/plotProfile/SPT5_T15_REP1.mLb.clN.plotProfile.tab",
                "bwa/merged_library/deepTools/plotProfile/SPT5_T15_REP2.mLb.clN.computeMatrix.mat.gz",
                "bwa/merged_library/deepTools/plotProfile/SPT5_T15_REP2.mLb.clN.computeMatrix.vals.mat.tab",
                "bwa/merged_library/deepTools/plotProfile/SPT5_T15_REP2.mLb.clN.plotHeatmap.mat.tab",
                "bwa/merged_library/deepTools/plotProfile/SPT5_T15_REP2.mLb.clN.plotHeatmap.pdf",
                "bwa/merged_library/deepTools/plotProfile/SPT5_T15_REP2.mLb.clN.plotProfile.pdf",
                "bwa/merged_library/deepTools/plotProfile/SPT5_T15_REP2.mLb.clN.plotProfile.tab",
                "bwa/merged_library/macs3",
                "bwa/merged_library/macs3/broad_peak",
                "bwa/merged_library/macs3/broad_peak/SPT5_T0_REP1_peaks.annotatePeaks.txt",
                "bwa/merged_library/macs3/broad_peak/SPT5_T0_REP1_peaks.broadPeak",
                "bwa/merged_library/macs3/broad_peak/SPT5_T0_REP1_peaks.gappedPeak",
                "bwa/merged_library/macs3/broad_peak/SPT5_T0_REP1_peaks.xls",
                "bwa/merged_library/macs3/broad_peak/SPT5_T0_REP2_peaks.annotatePeaks.txt",
                "bwa/merged_library/macs3/broad_peak/SPT5_T0_REP2_peaks.broadPeak",
                "bwa/merged_library/macs3/broad_peak/SPT5_T0_REP2_peaks.gappedPeak",
                "bwa/merged_library/macs3/broad_peak/SPT5_T0_REP2_peaks.xls",
                "bwa/merged_library/macs3/broad_peak/SPT5_T15_REP1_peaks.annotatePeaks.txt",
                "bwa/merged_library/macs3/broad_peak/SPT5_T15_REP1_peaks.broadPeak",
                "bwa/merged_library/macs3/broad_peak/SPT5_T15_REP1_peaks.gappedPeak",
                "bwa/merged_library/macs3/broad_peak/SPT5_T15_REP1_peaks.xls",
                "bwa/merged_library/macs3/broad_peak/SPT5_T15_REP2_peaks.annotatePeaks.txt",
                "bwa/merged_library/macs3/broad_peak/SPT5_T15_REP2_peaks.broadPeak",
                "bwa/merged_library/macs3/broad_peak/SPT5_T15_REP2_peaks.gappedPeak",
                "bwa/merged_library/macs3/broad_peak/SPT5_T15_REP2_peaks.xls",
                "bwa/merged_library/macs3/broad_peak/consensus",
                "bwa/merged_library/macs3/broad_peak/consensus/SPT5",
                "bwa/merged_library/macs3/broad_peak/consensus/SPT5/SPT5.consensus_peaks.annotatePeaks.txt",
                "bwa/merged_library/macs3/broad_peak/consensus/SPT5/SPT5.consensus_peaks.antibody.txt",
                "bwa/merged_library/macs3/broad_peak/consensus/SPT5/SPT5.consensus_peaks.bed",
                "bwa/merged_library/macs3/broad_peak/consensus/SPT5/SPT5.consensus_peaks.boolean.annotatePeaks.txt",
                "bwa/merged_library/macs3/broad_peak/consensus/SPT5/SPT5.consensus_peaks.boolean.intersect.plot.pdf",
                "bwa/merged_library/macs3/broad_peak/consensus/SPT5/SPT5.consensus_peaks.boolean.intersect.txt",
                "bwa/merged_library/macs3/broad_peak/consensus/SPT5/SPT5.consensus_peaks.boolean.txt",
                "bwa/merged_library/macs3/broad_peak/consensus/SPT5/SPT5.consensus_peaks.featureCounts.tsv",
                "bwa/merged_library/macs3/broad_peak/consensus/SPT5/SPT5.consensus_peaks.featureCounts.tsv.summary",
                "bwa/merged_library/macs3/broad_peak/consensus/SPT5/SPT5.consensus_peaks.saf",
                "bwa/merged_library/macs3/broad_peak/consensus/SPT5/deseq2",
                "bwa/merged_library/macs3/broad_peak/consensus/SPT5/deseq2/R_sessionInfo.log",
                "bwa/merged_library/macs3/broad_peak/consensus/SPT5/deseq2/SPT5.consensus_peaks.dds.RData",
                "bwa/merged_library/macs3/broad_peak/consensus/SPT5/deseq2/SPT5.consensus_peaks.pca.vals.txt",
                "bwa/merged_library/macs3/broad_peak/consensus/SPT5/deseq2/SPT5.consensus_peaks.pca.vals_mqc.tsv",
                "bwa/merged_library/macs3/broad_peak/consensus/SPT5/deseq2/SPT5.consensus_peaks.plots.pdf",
                "bwa/merged_library/macs3/broad_peak/consensus/SPT5/deseq2/SPT5.consensus_peaks.rds",
                "bwa/merged_library/macs3/broad_peak/consensus/SPT5/deseq2/SPT5.consensus_peaks.sample.dists.txt",
                "bwa/merged_library/macs3/broad_peak/consensus/SPT5/deseq2/SPT5.consensus_peaks.sample.dists_mqc.tsv",
                "bwa/merged_library/macs3/broad_peak/consensus/SPT5/deseq2/size_factors",
                "bwa/merged_library/macs3/broad_peak/consensus/SPT5/deseq2/size_factors/SPT5.consensus_peaks.size_factors.RData",
                "bwa/merged_library/macs3/broad_peak/consensus/SPT5/deseq2/size_factors/SPT5_T0_REP1.txt",
                "bwa/merged_library/macs3/broad_peak/consensus/SPT5/deseq2/size_factors/SPT5_T0_REP2.txt",
                "bwa/merged_library/macs3/broad_peak/consensus/SPT5/deseq2/size_factors/SPT5_T15_REP1.txt",
                "bwa/merged_library/macs3/broad_peak/consensus/SPT5/deseq2/size_factors/SPT5_T15_REP2.txt",
                "bwa/merged_library/macs3/broad_peak/qc",
                "bwa/merged_library/macs3/broad_peak/qc/SPT5_T0_REP1.FRiP_mqc.tsv",
                "bwa/merged_library/macs3/broad_peak/qc/SPT5_T0_REP1.peak_count_mqc.tsv",
                "bwa/merged_library/macs3/broad_peak/qc/SPT5_T0_REP2.FRiP_mqc.tsv",
                "bwa/merged_library/macs3/broad_peak/qc/SPT5_T0_REP2.peak_count_mqc.tsv",
                "bwa/merged_library/macs3/broad_peak/qc/SPT5_T15_REP1.FRiP_mqc.tsv",
                "bwa/merged_library/macs3/broad_peak/qc/SPT5_T15_REP1.peak_count_mqc.tsv",
                "bwa/merged_library/macs3/broad_peak/qc/SPT5_T15_REP2.FRiP_mqc.tsv",
                "bwa/merged_library/macs3/broad_peak/qc/SPT5_T15_REP2.peak_count_mqc.tsv",
                "bwa/merged_library/macs3/broad_peak/qc/macs3_annotatePeaks.plots.pdf",
                "bwa/merged_library/macs3/broad_peak/qc/macs3_annotatePeaks.summary.txt",
                "bwa/merged_library/macs3/broad_peak/qc/macs3_annotatePeaks.summary_mqc.tsv",
                "bwa/merged_library/macs3/broad_peak/qc/macs3_peak.plots.pdf",
                "bwa/merged_library/macs3/broad_peak/qc/macs3_peak.summary.txt",
                "bwa/merged_library/phantompeakqualtools",
                "bwa/merged_library/phantompeakqualtools/SPT5_INPUT_REP1.spp.out",
                "bwa/merged_library/phantompeakqualtools/SPT5_INPUT_REP1.spp.pdf",
                "bwa/merged_library/phantompeakqualtools/SPT5_INPUT_REP1.spp_correlation_mqc.tsv",
                "bwa/merged_library/phantompeakqualtools/SPT5_INPUT_REP1.spp_nsc_mqc.tsv",
                "bwa/merged_library/phantompeakqualtools/SPT5_INPUT_REP1.spp_rsc_mqc.tsv",
                "bwa/merged_library/phantompeakqualtools/SPT5_INPUT_REP2.spp.out",
                "bwa/merged_library/phantompeakqualtools/SPT5_INPUT_REP2.spp.pdf",
                "bwa/merged_library/phantompeakqualtools/SPT5_INPUT_REP2.spp_correlation_mqc.tsv",
                "bwa/merged_library/phantompeakqualtools/SPT5_INPUT_REP2.spp_nsc_mqc.tsv",
                "bwa/merged_library/phantompeakqualtools/SPT5_INPUT_REP2.spp_rsc_mqc.tsv",
                "bwa/merged_library/phantompeakqualtools/SPT5_T0_REP1.spp.out",
                "bwa/merged_library/phantompeakqualtools/SPT5_T0_REP1.spp.pdf",
                "bwa/merged_library/phantompeakqualtools/SPT5_T0_REP1.spp_correlation_mqc.tsv",
                "bwa/merged_library/phantompeakqualtools/SPT5_T0_REP1.spp_nsc_mqc.tsv",
                "bwa/merged_library/phantompeakqualtools/SPT5_T0_REP1.spp_rsc_mqc.tsv",
                "bwa/merged_library/phantompeakqualtools/SPT5_T0_REP2.spp.out",
                "bwa/merged_library/phantompeakqualtools/SPT5_T0_REP2.spp.pdf",
                "bwa/merged_library/phantompeakqualtools/SPT5_T0_REP2.spp_correlation_mqc.tsv",
                "bwa/merged_library/phantompeakqualtools/SPT5_T0_REP2.spp_nsc_mqc.tsv",
                "bwa/merged_library/phantompeakqualtools/SPT5_T0_REP2.spp_rsc_mqc.tsv",
                "bwa/merged_library/phantompeakqualtools/SPT5_T15_REP1.spp.out",
                "bwa/merged_library/phantompeakqualtools/SPT5_T15_REP1.spp.pdf",
                "bwa/merged_library/phantompeakqualtools/SPT5_T15_REP1.spp_correlation_mqc.tsv",
                "bwa/merged_library/phantompeakqualtools/SPT5_T15_REP1.spp_nsc_mqc.tsv",
                "bwa/merged_library/phantompeakqualtools/SPT5_T15_REP1.spp_rsc_mqc.tsv",
                "bwa/merged_library/phantompeakqualtools/SPT5_T15_REP2.spp.out",
                "bwa/merged_library/phantompeakqualtools/SPT5_T15_REP2.spp.pdf",
                "bwa/merged_library/phantompeakqualtools/SPT5_T15_REP2.spp_correlation_mqc.tsv",
                "bwa/merged_library/phantompeakqualtools/SPT5_T15_REP2.spp_nsc_mqc.tsv",
                "bwa/merged_library/phantompeakqualtools/SPT5_T15_REP2.spp_rsc_mqc.tsv",
                "bwa/merged_library/picard_metrics",
                "bwa/merged_library/picard_metrics/SPT5_INPUT_REP1.mLb.clN.sorted.CollectMultipleMetrics.alignment_summary_metrics",
                "bwa/merged_library/picard_metrics/SPT5_INPUT_REP1.mLb.clN.sorted.CollectMultipleMetrics.base_distribution_by_cycle_metrics",
                "bwa/merged_library/picard_metrics/SPT5_INPUT_REP1.mLb.clN.sorted.CollectMultipleMetrics.insert_size_metrics",
                "bwa/merged_library/picard_metrics/SPT5_INPUT_REP1.mLb.clN.sorted.CollectMultipleMetrics.quality_by_cycle_metrics",
                "bwa/merged_library/picard_metrics/SPT5_INPUT_REP1.mLb.clN.sorted.CollectMultipleMetrics.quality_distribution_metrics",
                "bwa/merged_library/picard_metrics/SPT5_INPUT_REP1.mLb.mkD.sorted.metrics.txt",
                "bwa/merged_library/picard_metrics/SPT5_INPUT_REP2.mLb.clN.sorted.CollectMultipleMetrics.alignment_summary_metrics",
                "bwa/merged_library/picard_metrics/SPT5_INPUT_REP2.mLb.clN.sorted.CollectMultipleMetrics.base_distribution_by_cycle_metrics",
                "bwa/merged_library/picard_metrics/SPT5_INPUT_REP2.mLb.clN.sorted.CollectMultipleMetrics.insert_size_metrics",
                "bwa/merged_library/picard_metrics/SPT5_INPUT_REP2.mLb.clN.sorted.CollectMultipleMetrics.quality_by_cycle_metrics",
                "bwa/merged_library/picard_metrics/SPT5_INPUT_REP2.mLb.clN.sorted.CollectMultipleMetrics.quality_distribution_metrics",
                "bwa/merged_library/picard_metrics/SPT5_INPUT_REP2.mLb.mkD.sorted.metrics.txt",
                "bwa/merged_library/picard_metrics/SPT5_T0_REP1.mLb.clN.sorted.CollectMultipleMetrics.alignment_summary_metrics",
                "bwa/merged_library/picard_metrics/SPT5_T0_REP1.mLb.clN.sorted.CollectMultipleMetrics.base_distribution_by_cycle_metrics",
                "bwa/merged_library/picard_metrics/SPT5_T0_REP1.mLb.clN.sorted.CollectMultipleMetrics.insert_size_metrics",
                "bwa/merged_library/picard_metrics/SPT5_T0_REP1.mLb.clN.sorted.CollectMultipleMetrics.quality_by_cycle_metrics",
                "bwa/merged_library/picard_metrics/SPT5_T0_REP1.mLb.clN.sorted.CollectMultipleMetrics.quality_distribution_metrics",
                "bwa/merged_library/picard_metrics/SPT5_T0_REP1.mLb.mkD.sorted.metrics.txt",
                "bwa/merged_library/picard_metrics/SPT5_T0_REP2.mLb.clN.sorted.CollectMultipleMetrics.alignment_summary_metrics",
                "bwa/merged_library/picard_metrics/SPT5_T0_REP2.mLb.clN.sorted.CollectMultipleMetrics.base_distribution_by_cycle_metrics",
                "bwa/merged_library/picard_metrics/SPT5_T0_REP2.mLb.clN.sorted.CollectMultipleMetrics.insert_size_metrics",
                "bwa/merged_library/picard_metrics/SPT5_T0_REP2.mLb.clN.sorted.CollectMultipleMetrics.quality_by_cycle_metrics",
                "bwa/merged_library/picard_metrics/SPT5_T0_REP2.mLb.clN.sorted.CollectMultipleMetrics.quality_distribution_metrics",
                "bwa/merged_library/picard_metrics/SPT5_T0_REP2.mLb.mkD.sorted.metrics.txt",
                "bwa/merged_library/picard_metrics/SPT5_T15_REP1.mLb.clN.sorted.CollectMultipleMetrics.alignment_summary_metrics",
                "bwa/merged_library/picard_metrics/SPT5_T15_REP1.mLb.clN.sorted.CollectMultipleMetrics.base_distribution_by_cycle_metrics",
                "bwa/merged_library/picard_metrics/SPT5_T15_REP1.mLb.clN.sorted.CollectMultipleMetrics.insert_size_metrics",
                "bwa/merged_library/picard_metrics/SPT5_T15_REP1.mLb.clN.sorted.CollectMultipleMetrics.quality_by_cycle_metrics",
                "bwa/merged_library/picard_metrics/SPT5_T15_REP1.mLb.clN.sorted.CollectMultipleMetrics.quality_distribution_metrics",
                "bwa/merged_library/picard_metrics/SPT5_T15_REP1.mLb.mkD.sorted.metrics.txt",
                "bwa/merged_library/picard_metrics/SPT5_T15_REP2.mLb.clN.sorted.CollectMultipleMetrics.alignment_summary_metrics",
                "bwa/merged_library/picard_metrics/SPT5_T15_REP2.mLb.clN.sorted.CollectMultipleMetrics.base_distribution_by_cycle_metrics",
                "bwa/merged_library/picard_metrics/SPT5_T15_REP2.mLb.clN.sorted.CollectMultipleMetrics.insert_size_metrics",
                "bwa/merged_library/picard_metrics/SPT5_T15_REP2.mLb.clN.sorted.CollectMultipleMetrics.quality_by_cycle_metrics",
                "bwa/merged_library/picard_metrics/SPT5_T15_REP2.mLb.clN.sorted.CollectMultipleMetrics.quality_distribution_metrics",
                "bwa/merged_library/picard_metrics/SPT5_T15_REP2.mLb.mkD.sorted.metrics.txt",
                "bwa/merged_library/picard_metrics/pdf",
                "bwa/merged_library/picard_metrics/pdf/SPT5_INPUT_REP1.mLb.clN.sorted.CollectMultipleMetrics.base_distribution_by_cycle.pdf",
                "bwa/merged_library/picard_metrics/pdf/SPT5_INPUT_REP1.mLb.clN.sorted.CollectMultipleMetrics.insert_size_histogram.pdf",
                "bwa/merged_library/picard_metrics/pdf/SPT5_INPUT_REP1.mLb.clN.sorted.CollectMultipleMetrics.quality_by_cycle.pdf",
                "bwa/merged_library/picard_metrics/pdf/SPT5_INPUT_REP1.mLb.clN.sorted.CollectMultipleMetrics.quality_distribution.pdf",
                "bwa/merged_library/picard_metrics/pdf/SPT5_INPUT_REP1.mLb.clN.sorted.CollectMultipleMetrics.read_length_histogram.pdf",
                "bwa/merged_library/picard_metrics/pdf/SPT5_INPUT_REP2.mLb.clN.sorted.CollectMultipleMetrics.base_distribution_by_cycle.pdf",
                "bwa/merged_library/picard_metrics/pdf/SPT5_INPUT_REP2.mLb.clN.sorted.CollectMultipleMetrics.insert_size_histogram.pdf",
                "bwa/merged_library/picard_metrics/pdf/SPT5_INPUT_REP2.mLb.clN.sorted.CollectMultipleMetrics.quality_by_cycle.pdf",
                "bwa/merged_library/picard_metrics/pdf/SPT5_INPUT_REP2.mLb.clN.sorted.CollectMultipleMetrics.quality_distribution.pdf",
                "bwa/merged_library/picard_metrics/pdf/SPT5_INPUT_REP2.mLb.clN.sorted.CollectMultipleMetrics.read_length_histogram.pdf",
                "bwa/merged_library/picard_metrics/pdf/SPT5_T0_REP1.mLb.clN.sorted.CollectMultipleMetrics.base_distribution_by_cycle.pdf",
                "bwa/merged_library/picard_metrics/pdf/SPT5_T0_REP1.mLb.clN.sorted.CollectMultipleMetrics.insert_size_histogram.pdf",
                "bwa/merged_library/picard_metrics/pdf/SPT5_T0_REP1.mLb.clN.sorted.CollectMultipleMetrics.quality_by_cycle.pdf",
                "bwa/merged_library/picard_metrics/pdf/SPT5_T0_REP1.mLb.clN.sorted.CollectMultipleMetrics.quality_distribution.pdf",
                "bwa/merged_library/picard_metrics/pdf/SPT5_T0_REP1.mLb.clN.sorted.CollectMultipleMetrics.read_length_histogram.pdf",
                "bwa/merged_library/picard_metrics/pdf/SPT5_T0_REP2.mLb.clN.sorted.CollectMultipleMetrics.base_distribution_by_cycle.pdf",
                "bwa/merged_library/picard_metrics/pdf/SPT5_T0_REP2.mLb.clN.sorted.CollectMultipleMetrics.insert_size_histogram.pdf",
                "bwa/merged_library/picard_metrics/pdf/SPT5_T0_REP2.mLb.clN.sorted.CollectMultipleMetrics.quality_by_cycle.pdf",
                "bwa/merged_library/picard_metrics/pdf/SPT5_T0_REP2.mLb.clN.sorted.CollectMultipleMetrics.quality_distribution.pdf",
                "bwa/merged_library/picard_metrics/pdf/SPT5_T0_REP2.mLb.clN.sorted.CollectMultipleMetrics.read_length_histogram.pdf",
                "bwa/merged_library/picard_metrics/pdf/SPT5_T15_REP1.mLb.clN.sorted.CollectMultipleMetrics.base_distribution_by_cycle.pdf",
                "bwa/merged_library/picard_metrics/pdf/SPT5_T15_REP1.mLb.clN.sorted.CollectMultipleMetrics.insert_size_histogram.pdf",
                "bwa/merged_library/picard_metrics/pdf/SPT5_T15_REP1.mLb.clN.sorted.CollectMultipleMetrics.quality_by_cycle.pdf",
                "bwa/merged_library/picard_metrics/pdf/SPT5_T15_REP1.mLb.clN.sorted.CollectMultipleMetrics.quality_distribution.pdf",
                "bwa/merged_library/picard_metrics/pdf/SPT5_T15_REP1.mLb.clN.sorted.CollectMultipleMetrics.read_length_histogram.pdf",
                "bwa/merged_library/picard_metrics/pdf/SPT5_T15_REP2.mLb.clN.sorted.CollectMultipleMetrics.base_distribution_by_cycle.pdf",
                "bwa/merged_library/picard_metrics/pdf/SPT5_T15_REP2.mLb.clN.sorted.CollectMultipleMetrics.insert_size_histogram.pdf",
                "bwa/merged_library/picard_metrics/pdf/SPT5_T15_REP2.mLb.clN.sorted.CollectMultipleMetrics.quality_by_cycle.pdf",
                "bwa/merged_library/picard_metrics/pdf/SPT5_T15_REP2.mLb.clN.sorted.CollectMultipleMetrics.quality_distribution.pdf",
                "bwa/merged_library/picard_metrics/pdf/SPT5_T15_REP2.mLb.clN.sorted.CollectMultipleMetrics.read_length_histogram.pdf",
                "bwa/merged_library/samtools_stats",
                "bwa/merged_library/samtools_stats/SPT5_INPUT_REP1.mLb.clN.sorted.bam.flagstat",
                "bwa/merged_library/samtools_stats/SPT5_INPUT_REP1.mLb.clN.sorted.bam.idxstats",
                "bwa/merged_library/samtools_stats/SPT5_INPUT_REP1.mLb.clN.sorted.bam.stats",
                "bwa/merged_library/samtools_stats/SPT5_INPUT_REP2.mLb.clN.sorted.bam.flagstat",
                "bwa/merged_library/samtools_stats/SPT5_INPUT_REP2.mLb.clN.sorted.bam.idxstats",
                "bwa/merged_library/samtools_stats/SPT5_INPUT_REP2.mLb.clN.sorted.bam.stats",
                "bwa/merged_library/samtools_stats/SPT5_T0_REP1.mLb.clN.sorted.bam.flagstat",
                "bwa/merged_library/samtools_stats/SPT5_T0_REP1.mLb.clN.sorted.bam.idxstats",
                "bwa/merged_library/samtools_stats/SPT5_T0_REP1.mLb.clN.sorted.bam.stats",
                "bwa/merged_library/samtools_stats/SPT5_T0_REP2.mLb.clN.sorted.bam.flagstat",
                "bwa/merged_library/samtools_stats/SPT5_T0_REP2.mLb.clN.sorted.bam.idxstats",
                "bwa/merged_library/samtools_stats/SPT5_T0_REP2.mLb.clN.sorted.bam.stats",
                "bwa/merged_library/samtools_stats/SPT5_T15_REP1.mLb.clN.sorted.bam.flagstat",
                "bwa/merged_library/samtools_stats/SPT5_T15_REP1.mLb.clN.sorted.bam.idxstats",
                "bwa/merged_library/samtools_stats/SPT5_T15_REP1.mLb.clN.sorted.bam.stats",
                "bwa/merged_library/samtools_stats/SPT5_T15_REP2.mLb.clN.sorted.bam.flagstat",
                "bwa/merged_library/samtools_stats/SPT5_T15_REP2.mLb.clN.sorted.bam.idxstats",
                "bwa/merged_library/samtools_stats/SPT5_T15_REP2.mLb.clN.sorted.bam.stats",
                "fastqc",
                "fastqc/SPT5_INPUT_REP1_T1_1_fastqc.html",
                "fastqc/SPT5_INPUT_REP1_T1_2_fastqc.html",
                "fastqc/SPT5_INPUT_REP2_T1_1_fastqc.html",
                "fastqc/SPT5_INPUT_REP2_T1_2_fastqc.html",
                "fastqc/SPT5_T0_REP1_T1_1_fastqc.html",
                "fastqc/SPT5_T0_REP1_T1_2_fastqc.html",
                "fastqc/SPT5_T0_REP2_T1_1_fastqc.html",
                "fastqc/SPT5_T0_REP2_T1_2_fastqc.html",
                "fastqc/SPT5_T15_REP1_T1_1_fastqc.html",
                "fastqc/SPT5_T15_REP1_T1_2_fastqc.html",
                "fastqc/SPT5_T15_REP2_T1_1_fastqc.html",
                "fastqc/SPT5_T15_REP2_T1_2_fastqc.html",
                "fastqc/zips",
                "fastqc/zips/SPT5_INPUT_REP1_T1_1_fastqc.zip",
                "fastqc/zips/SPT5_INPUT_REP1_T1_2_fastqc.zip",
                "fastqc/zips/SPT5_INPUT_REP2_T1_1_fastqc.zip",
                "fastqc/zips/SPT5_INPUT_REP2_T1_2_fastqc.zip",
                "fastqc/zips/SPT5_T0_REP1_T1_1_fastqc.zip",
                "fastqc/zips/SPT5_T0_REP1_T1_2_fastqc.zip",
                "fastqc/zips/SPT5_T0_REP2_T1_1_fastqc.zip",
                "fastqc/zips/SPT5_T0_REP2_T1_2_fastqc.zip",
                "fastqc/zips/SPT5_T15_REP1_T1_1_fastqc.zip",
                "fastqc/zips/SPT5_T15_REP1_T1_2_fastqc.zip",
                "fastqc/zips/SPT5_T15_REP2_T1_1_fastqc.zip",
                "fastqc/zips/SPT5_T15_REP2_T1_2_fastqc.zip",
                "genome",
                "genome/genome.fa",
                "genome/genome.fa.fai",
                "genome/genome.fa.sizes",
                "igv",
                "igv/broad_peak",
                "igv/broad_peak/igv_files.txt",
                "igv/broad_peak/igv_session.xml",
                "multiqc",
                "multiqc/broad_peak",
                "multiqc/broad_peak/multiqc_data",
                "multiqc/broad_peak/multiqc_data/cutadapt_filtered_reads_plot.yaml",
                "multiqc/broad_peak/multiqc_data/cutadapt_trimmed_sequences_plot_3_Counts.yaml",
                "multiqc/broad_peak/multiqc_data/cutadapt_trimmed_sequences_plot_3_Obs_Exp.yaml",
                "multiqc/broad_peak/multiqc_data/deeptools_fingerprint_plot.yaml",
                "multiqc/broad_peak/multiqc_data/deeptools_plot_fingerprint_counts_mlib_deeptools.yaml",
                "multiqc/broad_peak/multiqc_data/deeptools_plot_profile_mlib_deeptools.yaml",
                "multiqc/broad_peak/multiqc_data/fastqc-1-status-check-heatmap.yaml",
                "multiqc/broad_peak/multiqc_data/fastqc-1_adapter_content_plot.yaml",
                "multiqc/broad_peak/multiqc_data/fastqc-1_per_base_n_content_plot.yaml",
                "multiqc/broad_peak/multiqc_data/fastqc-1_per_base_sequence_quality_plot.yaml",
                "multiqc/broad_peak/multiqc_data/fastqc-1_per_sequence_gc_content_plot_Counts.yaml",
                "multiqc/broad_peak/multiqc_data/fastqc-1_per_sequence_gc_content_plot_Percentages.yaml",
                "multiqc/broad_peak/multiqc_data/fastqc-1_per_sequence_quality_scores_plot.yaml",
                "multiqc/broad_peak/multiqc_data/fastqc-1_sequence_counts_plot.yaml",
                "multiqc/broad_peak/multiqc_data/fastqc-1_sequence_duplication_levels_plot.yaml",
                "multiqc/broad_peak/multiqc_data/fastqc-1_top_overrepresented_sequences_table.yaml",
                "multiqc/broad_peak/multiqc_data/fastqc-status-check-heatmap.yaml",
                "multiqc/broad_peak/multiqc_data/fastqc_adapter_content_plot.yaml",
                "multiqc/broad_peak/multiqc_data/fastqc_per_base_n_content_plot.yaml",
                "multiqc/broad_peak/multiqc_data/fastqc_per_base_sequence_quality_plot.yaml",
                "multiqc/broad_peak/multiqc_data/fastqc_per_sequence_gc_content_plot_Counts.yaml",
                "multiqc/broad_peak/multiqc_data/fastqc_per_sequence_gc_content_plot_Percentages.yaml",
                "multiqc/broad_peak/multiqc_data/fastqc_per_sequence_quality_scores_plot.yaml",
                "multiqc/broad_peak/multiqc_data/fastqc_sequence_counts_plot.yaml",
                "multiqc/broad_peak/multiqc_data/fastqc_sequence_duplication_levels_plot.yaml",
                "multiqc/broad_peak/multiqc_data/fastqc_sequence_length_distribution_plot.yaml",
                "multiqc/broad_peak/multiqc_data/fastqc_top_overrepresented_sequences_table.yaml",
                "multiqc/broad_peak/multiqc_data/featureCounts_assignment_plot.yaml",
                "multiqc/broad_peak/multiqc_data/llms-full.txt",
                "multiqc/broad_peak/multiqc_data/multiqc.log",
                "multiqc/broad_peak/multiqc_data/multiqc.parquet",
                "multiqc/broad_peak/multiqc_data/multiqc_citations.yaml",
                "multiqc/broad_peak/multiqc_data/multiqc_cutadapt.yaml",
                "multiqc/broad_peak/multiqc_data/multiqc_data.json",
                "multiqc/broad_peak/multiqc_data/multiqc_deseq2_clustering_1.yaml",
                "multiqc/broad_peak/multiqc_data/multiqc_deseq2_pca_1.yaml",
                "multiqc/broad_peak/multiqc_data/multiqc_fastqc.yaml",
                "multiqc/broad_peak/multiqc_data/multiqc_fastqc_fastqc-1.yaml",
                "multiqc/broad_peak/multiqc_data/multiqc_featurecounts.yaml",
                "multiqc/broad_peak/multiqc_data/multiqc_frip_score.yaml",
                "multiqc/broad_peak/multiqc_data/multiqc_nsc_coefficient.yaml",
                "multiqc/broad_peak/multiqc_data/multiqc_peak_annotation.yaml",
                "multiqc/broad_peak/multiqc_data/multiqc_peak_count.yaml",
                "multiqc/broad_peak/multiqc_data/multiqc_phantompeakqualtools.yaml",
                "multiqc/broad_peak/multiqc_data/multiqc_picard-1_AlignmentSummaryMetrics_picard-1.yaml",
                "multiqc/broad_peak/multiqc_data/multiqc_picard-1_insertSize_picard-1.yaml",
                "multiqc/broad_peak/multiqc_data/multiqc_picard-1_quality_by_cycle_picard-1.yaml",
                "multiqc/broad_peak/multiqc_data/multiqc_picard-1_quality_score_distribution_picard-1.yaml",
                "multiqc/broad_peak/multiqc_data/multiqc_picard_baseContent_picard-1.yaml",
                "multiqc/broad_peak/multiqc_data/multiqc_picard_dups.yaml",
                "multiqc/broad_peak/multiqc_data/multiqc_rsc_coefficient.yaml",
                "multiqc/broad_peak/multiqc_data/multiqc_samtools_flagstat.yaml",
                "multiqc/broad_peak/multiqc_data/multiqc_samtools_flagstat_samtools-1.yaml",
                "multiqc/broad_peak/multiqc_data/multiqc_samtools_flagstat_samtools-2.yaml",
                "multiqc/broad_peak/multiqc_data/multiqc_samtools_idxstats.yaml",
                "multiqc/broad_peak/multiqc_data/multiqc_samtools_idxstats_samtools-1.yaml",
                "multiqc/broad_peak/multiqc_data/multiqc_samtools_idxstats_samtools-2.yaml",
                "multiqc/broad_peak/multiqc_data/multiqc_samtools_stats.yaml",
                "multiqc/broad_peak/multiqc_data/multiqc_samtools_stats_samtools-1.yaml",
                "multiqc/broad_peak/multiqc_data/multiqc_samtools_stats_samtools-2.yaml",
                "multiqc/broad_peak/multiqc_data/multiqc_software_versions.yaml",
                "multiqc/broad_peak/multiqc_data/multiqc_sources.yaml",
                "multiqc/broad_peak/multiqc_data/multiqc_strand_shift_correlation.yaml",
                "multiqc/broad_peak/multiqc_data/picard-1_MarkIlluminaAdapters_histogram_picard-1.yaml",
                "multiqc/broad_peak/multiqc_data/picard-1_MeanQualityByCycle_histogram_picard-1.yaml",
                "multiqc/broad_peak/multiqc_data/picard-1_MeanQualityByCycle_histogram_picard-1_1.yaml",
                "multiqc/broad_peak/multiqc_data/picard-1_QualityScoreDistribution_histogram_picard-1.yaml",
                "multiqc/broad_peak/multiqc_data/picard-1_alignment_readlength_plot.yaml",
                "multiqc/broad_peak/multiqc_data/picard-1_alignment_summary_Aligned_Bases.yaml",
                "multiqc/broad_peak/multiqc_data/picard-1_alignment_summary_Aligned_Reads.yaml",
                "multiqc/broad_peak/multiqc_data/picard-1_insert_size_Counts.yaml",
                "multiqc/broad_peak/multiqc_data/picard-1_insert_size_Percentages.yaml",
                "multiqc/broad_peak/multiqc_data/picard-1_quality_by_cycle.yaml",
                "multiqc/broad_peak/multiqc_data/picard-1_quality_score_distribution.yaml",
                "multiqc/broad_peak/multiqc_data/picard_MarkIlluminaAdapters_histogram.yaml",
                "multiqc/broad_peak/multiqc_data/picard_MeanQualityByCycle_histogram.yaml",
                "multiqc/broad_peak/multiqc_data/picard_MeanQualityByCycle_histogram_1.yaml",
                "multiqc/broad_peak/multiqc_data/picard_QualityScoreDistribution_histogram.yaml",
                "multiqc/broad_peak/multiqc_data/picard_base_distribution_by_cycle__Adenine.yaml",
                "multiqc/broad_peak/multiqc_data/picard_base_distribution_by_cycle__Cytosine.yaml",
                "multiqc/broad_peak/multiqc_data/picard_base_distribution_by_cycle__Guanine.yaml",
                "multiqc/broad_peak/multiqc_data/picard_base_distribution_by_cycle__Thymine.yaml",
                "multiqc/broad_peak/multiqc_data/picard_base_distribution_by_cycle__Undetermined.yaml",
                "multiqc/broad_peak/multiqc_data/picard_deduplication.yaml",
                "multiqc/broad_peak/multiqc_data/read_distribution_profile.yaml",
                "multiqc/broad_peak/multiqc_data/samtools-flagstat-pct-table.yaml",
                "multiqc/broad_peak/multiqc_data/samtools-flagstat-table.yaml",
                "multiqc/broad_peak/multiqc_data/samtools-idxstats-mapped-reads-plot_Normalised_Counts-1.yaml",
                "multiqc/broad_peak/multiqc_data/samtools-idxstats-mapped-reads-plot_Normalised_Counts-2.yaml",
                "multiqc/broad_peak/multiqc_data/samtools-idxstats-mapped-reads-plot_Normalised_Counts.yaml",
                "multiqc/broad_peak/multiqc_data/samtools-idxstats-mapped-reads-plot_Observed_over_Expected_Counts-1.yaml",
                "multiqc/broad_peak/multiqc_data/samtools-idxstats-mapped-reads-plot_Observed_over_Expected_Counts-2.yaml",
                "multiqc/broad_peak/multiqc_data/samtools-idxstats-mapped-reads-plot_Observed_over_Expected_Counts.yaml",
                "multiqc/broad_peak/multiqc_data/samtools-idxstats-mapped-reads-plot_Raw_Counts-1.yaml",
                "multiqc/broad_peak/multiqc_data/samtools-idxstats-mapped-reads-plot_Raw_Counts-2.yaml",
                "multiqc/broad_peak/multiqc_data/samtools-idxstats-mapped-reads-plot_Raw_Counts.yaml",
                "multiqc/broad_peak/multiqc_data/samtools-stats-dp.yaml",
                "multiqc/broad_peak/multiqc_data/samtools_alignment_plot.yaml",
                "multiqc/broad_peak/multiqc_plots",
                "multiqc/broad_peak/multiqc_plots/pdf",
                "multiqc/broad_peak/multiqc_plots/pdf/cutadapt_filtered_reads_plot-cnt.pdf",
                "multiqc/broad_peak/multiqc_plots/pdf/cutadapt_filtered_reads_plot-pct.pdf",
                "multiqc/broad_peak/multiqc_plots/pdf/cutadapt_trimmed_sequences_plot_3_Counts.pdf",
                "multiqc/broad_peak/multiqc_plots/pdf/cutadapt_trimmed_sequences_plot_3_Obs_Exp.pdf",
                "multiqc/broad_peak/multiqc_plots/pdf/deeptools_fingerprint_plot.pdf",
                "multiqc/broad_peak/multiqc_plots/pdf/deseq2_clustering_1.pdf",
                "multiqc/broad_peak/multiqc_plots/pdf/deseq2_pca_1.pdf",
                "multiqc/broad_peak/multiqc_plots/pdf/fastqc-1-status-check-heatmap.pdf",
                "multiqc/broad_peak/multiqc_plots/pdf/fastqc-1_adapter_content_plot.pdf",
                "multiqc/broad_peak/multiqc_plots/pdf/fastqc-1_per_base_n_content_plot.pdf",
                "multiqc/broad_peak/multiqc_plots/pdf/fastqc-1_per_base_sequence_quality_plot.pdf",
                "multiqc/broad_peak/multiqc_plots/pdf/fastqc-1_per_sequence_gc_content_plot_Counts.pdf",
                "multiqc/broad_peak/multiqc_plots/pdf/fastqc-1_per_sequence_gc_content_plot_Percentages.pdf",
                "multiqc/broad_peak/multiqc_plots/pdf/fastqc-1_per_sequence_quality_scores_plot.pdf",
                "multiqc/broad_peak/multiqc_plots/pdf/fastqc-1_sequence_counts_plot-cnt.pdf",
                "multiqc/broad_peak/multiqc_plots/pdf/fastqc-1_sequence_counts_plot-pct.pdf",
                "multiqc/broad_peak/multiqc_plots/pdf/fastqc-1_sequence_duplication_levels_plot.pdf",
                "multiqc/broad_peak/multiqc_plots/pdf/fastqc-1_top_overrepresented_sequences_table.pdf",
                "multiqc/broad_peak/multiqc_plots/pdf/fastqc-status-check-heatmap.pdf",
                "multiqc/broad_peak/multiqc_plots/pdf/fastqc_adapter_content_plot.pdf",
                "multiqc/broad_peak/multiqc_plots/pdf/fastqc_per_base_n_content_plot.pdf",
                "multiqc/broad_peak/multiqc_plots/pdf/fastqc_per_base_sequence_quality_plot.pdf",
                "multiqc/broad_peak/multiqc_plots/pdf/fastqc_per_sequence_gc_content_plot_Counts.pdf",
                "multiqc/broad_peak/multiqc_plots/pdf/fastqc_per_sequence_gc_content_plot_Percentages.pdf",
                "multiqc/broad_peak/multiqc_plots/pdf/fastqc_per_sequence_quality_scores_plot.pdf",
                "multiqc/broad_peak/multiqc_plots/pdf/fastqc_sequence_counts_plot-cnt.pdf",
                "multiqc/broad_peak/multiqc_plots/pdf/fastqc_sequence_counts_plot-pct.pdf",
                "multiqc/broad_peak/multiqc_plots/pdf/fastqc_sequence_duplication_levels_plot.pdf",
                "multiqc/broad_peak/multiqc_plots/pdf/fastqc_sequence_length_distribution_plot.pdf",
                "multiqc/broad_peak/multiqc_plots/pdf/fastqc_top_overrepresented_sequences_table.pdf",
                "multiqc/broad_peak/multiqc_plots/pdf/featureCounts_assignment_plot-cnt.pdf",
                "multiqc/broad_peak/multiqc_plots/pdf/featureCounts_assignment_plot-pct.pdf",
                "multiqc/broad_peak/multiqc_plots/pdf/frip_score-cnt.pdf",
                "multiqc/broad_peak/multiqc_plots/pdf/frip_score-pct.pdf",
                "multiqc/broad_peak/multiqc_plots/pdf/nsc_coefficient-cnt.pdf",
                "multiqc/broad_peak/multiqc_plots/pdf/nsc_coefficient-pct.pdf",
                "multiqc/broad_peak/multiqc_plots/pdf/peak_annotation-cnt.pdf",
                "multiqc/broad_peak/multiqc_plots/pdf/peak_annotation-pct.pdf",
                "multiqc/broad_peak/multiqc_plots/pdf/peak_count-cnt.pdf",
                "multiqc/broad_peak/multiqc_plots/pdf/peak_count-pct.pdf",
                "multiqc/broad_peak/multiqc_plots/pdf/picard-1_alignment_readlength_plot.pdf",
                "multiqc/broad_peak/multiqc_plots/pdf/picard-1_alignment_summary_Aligned_Bases-cnt.pdf",
                "multiqc/broad_peak/multiqc_plots/pdf/picard-1_alignment_summary_Aligned_Bases-pct.pdf",
                "multiqc/broad_peak/multiqc_plots/pdf/picard-1_alignment_summary_Aligned_Reads-cnt.pdf",
                "multiqc/broad_peak/multiqc_plots/pdf/picard-1_alignment_summary_Aligned_Reads-pct.pdf",
                "multiqc/broad_peak/multiqc_plots/pdf/picard-1_insert_size_Counts.pdf",
                "multiqc/broad_peak/multiqc_plots/pdf/picard-1_insert_size_Percentages.pdf",
                "multiqc/broad_peak/multiqc_plots/pdf/picard-1_quality_by_cycle.pdf",
                "multiqc/broad_peak/multiqc_plots/pdf/picard-1_quality_score_distribution.pdf",
                "multiqc/broad_peak/multiqc_plots/pdf/picard_base_distribution_by_cycle__Adenine.pdf",
                "multiqc/broad_peak/multiqc_plots/pdf/picard_base_distribution_by_cycle__Cytosine.pdf",
                "multiqc/broad_peak/multiqc_plots/pdf/picard_base_distribution_by_cycle__Guanine.pdf",
                "multiqc/broad_peak/multiqc_plots/pdf/picard_base_distribution_by_cycle__Thymine.pdf",
                "multiqc/broad_peak/multiqc_plots/pdf/picard_base_distribution_by_cycle__Undetermined.pdf",
                "multiqc/broad_peak/multiqc_plots/pdf/picard_deduplication-cnt.pdf",
                "multiqc/broad_peak/multiqc_plots/pdf/picard_deduplication-pct.pdf",
                "multiqc/broad_peak/multiqc_plots/pdf/read_distribution_profile.pdf",
                "multiqc/broad_peak/multiqc_plots/pdf/rsc_coefficient-cnt.pdf",
                "multiqc/broad_peak/multiqc_plots/pdf/rsc_coefficient-pct.pdf",
                "multiqc/broad_peak/multiqc_plots/pdf/samtools-flagstat-pct-table.pdf",
                "multiqc/broad_peak/multiqc_plots/pdf/samtools-flagstat-table.pdf",
                "multiqc/broad_peak/multiqc_plots/pdf/samtools-idxstats-mapped-reads-plot_Normalised_Counts-1-cnt.pdf",
                "multiqc/broad_peak/multiqc_plots/pdf/samtools-idxstats-mapped-reads-plot_Normalised_Counts-1-log.pdf",
                "multiqc/broad_peak/multiqc_plots/pdf/samtools-idxstats-mapped-reads-plot_Normalised_Counts-2-cnt.pdf",
                "multiqc/broad_peak/multiqc_plots/pdf/samtools-idxstats-mapped-reads-plot_Normalised_Counts-2-log.pdf",
                "multiqc/broad_peak/multiqc_plots/pdf/samtools-idxstats-mapped-reads-plot_Normalised_Counts-cnt.pdf",
                "multiqc/broad_peak/multiqc_plots/pdf/samtools-idxstats-mapped-reads-plot_Normalised_Counts-log.pdf",
                "multiqc/broad_peak/multiqc_plots/pdf/samtools-idxstats-mapped-reads-plot_Observed_over_Expected_Counts-1-cnt.pdf",
                "multiqc/broad_peak/multiqc_plots/pdf/samtools-idxstats-mapped-reads-plot_Observed_over_Expected_Counts-1-log.pdf",
                "multiqc/broad_peak/multiqc_plots/pdf/samtools-idxstats-mapped-reads-plot_Observed_over_Expected_Counts-2-cnt.pdf",
                "multiqc/broad_peak/multiqc_plots/pdf/samtools-idxstats-mapped-reads-plot_Observed_over_Expected_Counts-2-log.pdf",
                "multiqc/broad_peak/multiqc_plots/pdf/samtools-idxstats-mapped-reads-plot_Observed_over_Expected_Counts-cnt.pdf",
                "multiqc/broad_peak/multiqc_plots/pdf/samtools-idxstats-mapped-reads-plot_Observed_over_Expected_Counts-log.pdf",
                "multiqc/broad_peak/multiqc_plots/pdf/samtools-idxstats-mapped-reads-plot_Raw_Counts-1-cnt.pdf",
                "multiqc/broad_peak/multiqc_plots/pdf/samtools-idxstats-mapped-reads-plot_Raw_Counts-1-log.pdf",
                "multiqc/broad_peak/multiqc_plots/pdf/samtools-idxstats-mapped-reads-plot_Raw_Counts-2-cnt.pdf",
                "multiqc/broad_peak/multiqc_plots/pdf/samtools-idxstats-mapped-reads-plot_Raw_Counts-2-log.pdf",
                "multiqc/broad_peak/multiqc_plots/pdf/samtools-idxstats-mapped-reads-plot_Raw_Counts-cnt.pdf",
                "multiqc/broad_peak/multiqc_plots/pdf/samtools-idxstats-mapped-reads-plot_Raw_Counts-log.pdf",
                "multiqc/broad_peak/multiqc_plots/pdf/samtools-stats-dp.pdf",
                "multiqc/broad_peak/multiqc_plots/pdf/samtools_alignment_plot-cnt.pdf",
                "multiqc/broad_peak/multiqc_plots/pdf/samtools_alignment_plot-pct.pdf",
                "multiqc/broad_peak/multiqc_plots/pdf/strand_shift_correlation.pdf",
                "multiqc/broad_peak/multiqc_plots/png",
                "multiqc/broad_peak/multiqc_plots/png/cutadapt_filtered_reads_plot-cnt.png",
                "multiqc/broad_peak/multiqc_plots/png/cutadapt_filtered_reads_plot-pct.png",
                "multiqc/broad_peak/multiqc_plots/png/cutadapt_trimmed_sequences_plot_3_Counts.png",
                "multiqc/broad_peak/multiqc_plots/png/cutadapt_trimmed_sequences_plot_3_Obs_Exp.png",
                "multiqc/broad_peak/multiqc_plots/png/deeptools_fingerprint_plot.png",
                "multiqc/broad_peak/multiqc_plots/png/deseq2_clustering_1.png",
                "multiqc/broad_peak/multiqc_plots/png/deseq2_pca_1.png",
                "multiqc/broad_peak/multiqc_plots/png/fastqc-1-status-check-heatmap.png",
                "multiqc/broad_peak/multiqc_plots/png/fastqc-1_adapter_content_plot.png",
                "multiqc/broad_peak/multiqc_plots/png/fastqc-1_per_base_n_content_plot.png",
                "multiqc/broad_peak/multiqc_plots/png/fastqc-1_per_base_sequence_quality_plot.png",
                "multiqc/broad_peak/multiqc_plots/png/fastqc-1_per_sequence_gc_content_plot_Counts.png",
                "multiqc/broad_peak/multiqc_plots/png/fastqc-1_per_sequence_gc_content_plot_Percentages.png",
                "multiqc/broad_peak/multiqc_plots/png/fastqc-1_per_sequence_quality_scores_plot.png",
                "multiqc/broad_peak/multiqc_plots/png/fastqc-1_sequence_counts_plot-cnt.png",
                "multiqc/broad_peak/multiqc_plots/png/fastqc-1_sequence_counts_plot-pct.png",
                "multiqc/broad_peak/multiqc_plots/png/fastqc-1_sequence_duplication_levels_plot.png",
                "multiqc/broad_peak/multiqc_plots/png/fastqc-1_top_overrepresented_sequences_table.png",
                "multiqc/broad_peak/multiqc_plots/png/fastqc-status-check-heatmap.png",
                "multiqc/broad_peak/multiqc_plots/png/fastqc_adapter_content_plot.png",
                "multiqc/broad_peak/multiqc_plots/png/fastqc_per_base_n_content_plot.png",
                "multiqc/broad_peak/multiqc_plots/png/fastqc_per_base_sequence_quality_plot.png",
                "multiqc/broad_peak/multiqc_plots/png/fastqc_per_sequence_gc_content_plot_Counts.png",
                "multiqc/broad_peak/multiqc_plots/png/fastqc_per_sequence_gc_content_plot_Percentages.png",
                "multiqc/broad_peak/multiqc_plots/png/fastqc_per_sequence_quality_scores_plot.png",
                "multiqc/broad_peak/multiqc_plots/png/fastqc_sequence_counts_plot-cnt.png",
                "multiqc/broad_peak/multiqc_plots/png/fastqc_sequence_counts_plot-pct.png",
                "multiqc/broad_peak/multiqc_plots/png/fastqc_sequence_duplication_levels_plot.png",
                "multiqc/broad_peak/multiqc_plots/png/fastqc_sequence_length_distribution_plot.png",
                "multiqc/broad_peak/multiqc_plots/png/fastqc_top_overrepresented_sequences_table.png",
                "multiqc/broad_peak/multiqc_plots/png/featureCounts_assignment_plot-cnt.png",
                "multiqc/broad_peak/multiqc_plots/png/featureCounts_assignment_plot-pct.png",
                "multiqc/broad_peak/multiqc_plots/png/frip_score-cnt.png",
                "multiqc/broad_peak/multiqc_plots/png/frip_score-pct.png",
                "multiqc/broad_peak/multiqc_plots/png/nsc_coefficient-cnt.png",
                "multiqc/broad_peak/multiqc_plots/png/nsc_coefficient-pct.png",
                "multiqc/broad_peak/multiqc_plots/png/peak_annotation-cnt.png",
                "multiqc/broad_peak/multiqc_plots/png/peak_annotation-pct.png",
                "multiqc/broad_peak/multiqc_plots/png/peak_count-cnt.png",
                "multiqc/broad_peak/multiqc_plots/png/peak_count-pct.png",
                "multiqc/broad_peak/multiqc_plots/png/picard-1_alignment_readlength_plot.png",
                "multiqc/broad_peak/multiqc_plots/png/picard-1_alignment_summary_Aligned_Bases-cnt.png",
                "multiqc/broad_peak/multiqc_plots/png/picard-1_alignment_summary_Aligned_Bases-pct.png",
                "multiqc/broad_peak/multiqc_plots/png/picard-1_alignment_summary_Aligned_Reads-cnt.png",
                "multiqc/broad_peak/multiqc_plots/png/picard-1_alignment_summary_Aligned_Reads-pct.png",
                "multiqc/broad_peak/multiqc_plots/png/picard-1_insert_size_Counts.png",
                "multiqc/broad_peak/multiqc_plots/png/picard-1_insert_size_Percentages.png",
                "multiqc/broad_peak/multiqc_plots/png/picard-1_quality_by_cycle.png",
                "multiqc/broad_peak/multiqc_plots/png/picard-1_quality_score_distribution.png",
                "multiqc/broad_peak/multiqc_plots/png/picard_base_distribution_by_cycle__Adenine.png",
                "multiqc/broad_peak/multiqc_plots/png/picard_base_distribution_by_cycle__Cytosine.png",
                "multiqc/broad_peak/multiqc_plots/png/picard_base_distribution_by_cycle__Guanine.png",
                "multiqc/broad_peak/multiqc_plots/png/picard_base_distribution_by_cycle__Thymine.png",
                "multiqc/broad_peak/multiqc_plots/png/picard_base_distribution_by_cycle__Undetermined.png",
                "multiqc/broad_peak/multiqc_plots/png/picard_deduplication-cnt.png",
                "multiqc/broad_peak/multiqc_plots/png/picard_deduplication-pct.png",
                "multiqc/broad_peak/multiqc_plots/png/read_distribution_profile.png",
                "multiqc/broad_peak/multiqc_plots/png/rsc_coefficient-cnt.png",
                "multiqc/broad_peak/multiqc_plots/png/rsc_coefficient-pct.png",
                "multiqc/broad_peak/multiqc_plots/png/samtools-flagstat-pct-table.png",
                "multiqc/broad_peak/multiqc_plots/png/samtools-flagstat-table.png",
                "multiqc/broad_peak/multiqc_plots/png/samtools-idxstats-mapped-reads-plot_Normalised_Counts-1-cnt.png",
                "multiqc/broad_peak/multiqc_plots/png/samtools-idxstats-mapped-reads-plot_Normalised_Counts-1-log.png",
                "multiqc/broad_peak/multiqc_plots/png/samtools-idxstats-mapped-reads-plot_Normalised_Counts-2-cnt.png",
                "multiqc/broad_peak/multiqc_plots/png/samtools-idxstats-mapped-reads-plot_Normalised_Counts-2-log.png",
                "multiqc/broad_peak/multiqc_plots/png/samtools-idxstats-mapped-reads-plot_Normalised_Counts-cnt.png",
                "multiqc/broad_peak/multiqc_plots/png/samtools-idxstats-mapped-reads-plot_Normalised_Counts-log.png",
                "multiqc/broad_peak/multiqc_plots/png/samtools-idxstats-mapped-reads-plot_Observed_over_Expected_Counts-1-cnt.png",
                "multiqc/broad_peak/multiqc_plots/png/samtools-idxstats-mapped-reads-plot_Observed_over_Expected_Counts-1-log.png",
                "multiqc/broad_peak/multiqc_plots/png/samtools-idxstats-mapped-reads-plot_Observed_over_Expected_Counts-2-cnt.png",
                "multiqc/broad_peak/multiqc_plots/png/samtools-idxstats-mapped-reads-plot_Observed_over_Expected_Counts-2-log.png",
                "multiqc/broad_peak/multiqc_plots/png/samtools-idxstats-mapped-reads-plot_Observed_over_Expected_Counts-cnt.png",
                "multiqc/broad_peak/multiqc_plots/png/samtools-idxstats-mapped-reads-plot_Observed_over_Expected_Counts-log.png",
                "multiqc/broad_peak/multiqc_plots/png/samtools-idxstats-mapped-reads-plot_Raw_Counts-1-cnt.png",
                "multiqc/broad_peak/multiqc_plots/png/samtools-idxstats-mapped-reads-plot_Raw_Counts-1-log.png",
                "multiqc/broad_peak/multiqc_plots/png/samtools-idxstats-mapped-reads-plot_Raw_Counts-2-cnt.png",
                "multiqc/broad_peak/multiqc_plots/png/samtools-idxstats-mapped-reads-plot_Raw_Counts-2-log.png",
                "multiqc/broad_peak/multiqc_plots/png/samtools-idxstats-mapped-reads-plot_Raw_Counts-cnt.png",
                "multiqc/broad_peak/multiqc_plots/png/samtools-idxstats-mapped-reads-plot_Raw_Counts-log.png",
                "multiqc/broad_peak/multiqc_plots/png/samtools-stats-dp.png",
                "multiqc/broad_peak/multiqc_plots/png/samtools_alignment_plot-cnt.png",
                "multiqc/broad_peak/multiqc_plots/png/samtools_alignment_plot-pct.png",
                "multiqc/broad_peak/multiqc_plots/png/strand_shift_correlation.png",
                "multiqc/broad_peak/multiqc_plots/svg",
                "multiqc/broad_peak/multiqc_plots/svg/cutadapt_filtered_reads_plot-cnt.svg",
                "multiqc/broad_peak/multiqc_plots/svg/cutadapt_filtered_reads_plot-pct.svg",
                "multiqc/broad_peak/multiqc_plots/svg/cutadapt_trimmed_sequences_plot_3_Counts.svg",
                "multiqc/broad_peak/multiqc_plots/svg/cutadapt_trimmed_sequences_plot_3_Obs_Exp.svg",
                "multiqc/broad_peak/multiqc_plots/svg/deeptools_fingerprint_plot.svg",
                "multiqc/broad_peak/multiqc_plots/svg/deseq2_clustering_1.svg",
                "multiqc/broad_peak/multiqc_plots/svg/deseq2_pca_1.svg",
                "multiqc/broad_peak/multiqc_plots/svg/fastqc-1-status-check-heatmap.svg",
                "multiqc/broad_peak/multiqc_plots/svg/fastqc-1_adapter_content_plot.svg",
                "multiqc/broad_peak/multiqc_plots/svg/fastqc-1_per_base_n_content_plot.svg",
                "multiqc/broad_peak/multiqc_plots/svg/fastqc-1_per_base_sequence_quality_plot.svg",
                "multiqc/broad_peak/multiqc_plots/svg/fastqc-1_per_sequence_gc_content_plot_Counts.svg",
                "multiqc/broad_peak/multiqc_plots/svg/fastqc-1_per_sequence_gc_content_plot_Percentages.svg",
                "multiqc/broad_peak/multiqc_plots/svg/fastqc-1_per_sequence_quality_scores_plot.svg",
                "multiqc/broad_peak/multiqc_plots/svg/fastqc-1_sequence_counts_plot-cnt.svg",
                "multiqc/broad_peak/multiqc_plots/svg/fastqc-1_sequence_counts_plot-pct.svg",
                "multiqc/broad_peak/multiqc_plots/svg/fastqc-1_sequence_duplication_levels_plot.svg",
                "multiqc/broad_peak/multiqc_plots/svg/fastqc-1_top_overrepresented_sequences_table.svg",
                "multiqc/broad_peak/multiqc_plots/svg/fastqc-status-check-heatmap.svg",
                "multiqc/broad_peak/multiqc_plots/svg/fastqc_adapter_content_plot.svg",
                "multiqc/broad_peak/multiqc_plots/svg/fastqc_per_base_n_content_plot.svg",
                "multiqc/broad_peak/multiqc_plots/svg/fastqc_per_base_sequence_quality_plot.svg",
                "multiqc/broad_peak/multiqc_plots/svg/fastqc_per_sequence_gc_content_plot_Counts.svg",
                "multiqc/broad_peak/multiqc_plots/svg/fastqc_per_sequence_gc_content_plot_Percentages.svg",
                "multiqc/broad_peak/multiqc_plots/svg/fastqc_per_sequence_quality_scores_plot.svg",
                "multiqc/broad_peak/multiqc_plots/svg/fastqc_sequence_counts_plot-cnt.svg",
                "multiqc/broad_peak/multiqc_plots/svg/fastqc_sequence_counts_plot-pct.svg",
                "multiqc/broad_peak/multiqc_plots/svg/fastqc_sequence_duplication_levels_plot.svg",
                "multiqc/broad_peak/multiqc_plots/svg/fastqc_sequence_length_distribution_plot.svg",
                "multiqc/broad_peak/multiqc_plots/svg/fastqc_top_overrepresented_sequences_table.svg",
                "multiqc/broad_peak/multiqc_plots/svg/featureCounts_assignment_plot-cnt.svg",
                "multiqc/broad_peak/multiqc_plots/svg/featureCounts_assignment_plot-pct.svg",
                "multiqc/broad_peak/multiqc_plots/svg/frip_score-cnt.svg",
                "multiqc/broad_peak/multiqc_plots/svg/frip_score-pct.svg",
                "multiqc/broad_peak/multiqc_plots/svg/nsc_coefficient-cnt.svg",
                "multiqc/broad_peak/multiqc_plots/svg/nsc_coefficient-pct.svg",
                "multiqc/broad_peak/multiqc_plots/svg/peak_annotation-cnt.svg",
                "multiqc/broad_peak/multiqc_plots/svg/peak_annotation-pct.svg",
                "multiqc/broad_peak/multiqc_plots/svg/peak_count-cnt.svg",
                "multiqc/broad_peak/multiqc_plots/svg/peak_count-pct.svg",
                "multiqc/broad_peak/multiqc_plots/svg/picard-1_alignment_readlength_plot.svg",
                "multiqc/broad_peak/multiqc_plots/svg/picard-1_alignment_summary_Aligned_Bases-cnt.svg",
                "multiqc/broad_peak/multiqc_plots/svg/picard-1_alignment_summary_Aligned_Bases-pct.svg",
                "multiqc/broad_peak/multiqc_plots/svg/picard-1_alignment_summary_Aligned_Reads-cnt.svg",
                "multiqc/broad_peak/multiqc_plots/svg/picard-1_alignment_summary_Aligned_Reads-pct.svg",
                "multiqc/broad_peak/multiqc_plots/svg/picard-1_insert_size_Counts.svg",
                "multiqc/broad_peak/multiqc_plots/svg/picard-1_insert_size_Percentages.svg",
                "multiqc/broad_peak/multiqc_plots/svg/picard-1_quality_by_cycle.svg",
                "multiqc/broad_peak/multiqc_plots/svg/picard-1_quality_score_distribution.svg",
                "multiqc/broad_peak/multiqc_plots/svg/picard_base_distribution_by_cycle__Adenine.svg",
                "multiqc/broad_peak/multiqc_plots/svg/picard_base_distribution_by_cycle__Cytosine.svg",
                "multiqc/broad_peak/multiqc_plots/svg/picard_base_distribution_by_cycle__Guanine.svg",
                "multiqc/broad_peak/multiqc_plots/svg/picard_base_distribution_by_cycle__Thymine.svg",
                "multiqc/broad_peak/multiqc_plots/svg/picard_base_distribution_by_cycle__Undetermined.svg",
                "multiqc/broad_peak/multiqc_plots/svg/picard_deduplication-cnt.svg",
                "multiqc/broad_peak/multiqc_plots/svg/picard_deduplication-pct.svg",
                "multiqc/broad_peak/multiqc_plots/svg/read_distribution_profile.svg",
                "multiqc/broad_peak/multiqc_plots/svg/rsc_coefficient-cnt.svg",
                "multiqc/broad_peak/multiqc_plots/svg/rsc_coefficient-pct.svg",
                "multiqc/broad_peak/multiqc_plots/svg/samtools-flagstat-pct-table.svg",
                "multiqc/broad_peak/multiqc_plots/svg/samtools-flagstat-table.svg",
                "multiqc/broad_peak/multiqc_plots/svg/samtools-idxstats-mapped-reads-plot_Normalised_Counts-1-cnt.svg",
                "multiqc/broad_peak/multiqc_plots/svg/samtools-idxstats-mapped-reads-plot_Normalised_Counts-1-log.svg",
                "multiqc/broad_peak/multiqc_plots/svg/samtools-idxstats-mapped-reads-plot_Normalised_Counts-2-cnt.svg",
                "multiqc/broad_peak/multiqc_plots/svg/samtools-idxstats-mapped-reads-plot_Normalised_Counts-2-log.svg",
                "multiqc/broad_peak/multiqc_plots/svg/samtools-idxstats-mapped-reads-plot_Normalised_Counts-cnt.svg",
                "multiqc/broad_peak/multiqc_plots/svg/samtools-idxstats-mapped-reads-plot_Normalised_Counts-log.svg",
                "multiqc/broad_peak/multiqc_plots/svg/samtools-idxstats-mapped-reads-plot_Observed_over_Expected_Counts-1-cnt.svg",
                "multiqc/broad_peak/multiqc_plots/svg/samtools-idxstats-mapped-reads-plot_Observed_over_Expected_Counts-1-log.svg",
                "multiqc/broad_peak/multiqc_plots/svg/samtools-idxstats-mapped-reads-plot_Observed_over_Expected_Counts-2-cnt.svg",
                "multiqc/broad_peak/multiqc_plots/svg/samtools-idxstats-mapped-reads-plot_Observed_over_Expected_Counts-2-log.svg",
                "multiqc/broad_peak/multiqc_plots/svg/samtools-idxstats-mapped-reads-plot_Observed_over_Expected_Counts-cnt.svg",
                "multiqc/broad_peak/multiqc_plots/svg/samtools-idxstats-mapped-reads-plot_Observed_over_Expected_Counts-log.svg",
                "multiqc/broad_peak/multiqc_plots/svg/samtools-idxstats-mapped-reads-plot_Raw_Counts-1-cnt.svg",
                "multiqc/broad_peak/multiqc_plots/svg/samtools-idxstats-mapped-reads-plot_Raw_Counts-1-log.svg",
                "multiqc/broad_peak/multiqc_plots/svg/samtools-idxstats-mapped-reads-plot_Raw_Counts-2-cnt.svg",
                "multiqc/broad_peak/multiqc_plots/svg/samtools-idxstats-mapped-reads-plot_Raw_Counts-2-log.svg",
                "multiqc/broad_peak/multiqc_plots/svg/samtools-idxstats-mapped-reads-plot_Raw_Counts-cnt.svg",
                "multiqc/broad_peak/multiqc_plots/svg/samtools-idxstats-mapped-reads-plot_Raw_Counts-log.svg",
                "multiqc/broad_peak/multiqc_plots/svg/samtools-stats-dp.svg",
                "multiqc/broad_peak/multiqc_plots/svg/samtools_alignment_plot-cnt.svg",
                "multiqc/broad_peak/multiqc_plots/svg/samtools_alignment_plot-pct.svg",
                "multiqc/broad_peak/multiqc_plots/svg/strand_shift_correlation.svg",
                "multiqc/broad_peak/multiqc_report.html",
                "pipeline_info",
                "pipeline_info/nf_core_chipseq_software_mqc_versions.yml",
                "pipeline_info/samplesheet.valid.csv",
                "trimgalore",
                "trimgalore/fastqc",
                "trimgalore/fastqc/SPT5_INPUT_REP1_T1_1_val_1_fastqc.html",
                "trimgalore/fastqc/SPT5_INPUT_REP1_T1_2_val_2_fastqc.html",
                "trimgalore/fastqc/SPT5_INPUT_REP2_T1_1_val_1_fastqc.html",
                "trimgalore/fastqc/SPT5_INPUT_REP2_T1_2_val_2_fastqc.html",
                "trimgalore/fastqc/SPT5_T0_REP1_T1_1_val_1_fastqc.html",
                "trimgalore/fastqc/SPT5_T0_REP1_T1_2_val_2_fastqc.html",
                "trimgalore/fastqc/SPT5_T0_REP2_T1_1_val_1_fastqc.html",
                "trimgalore/fastqc/SPT5_T0_REP2_T1_2_val_2_fastqc.html",
                "trimgalore/fastqc/SPT5_T15_REP1_T1_1_val_1_fastqc.html",
                "trimgalore/fastqc/SPT5_T15_REP1_T1_2_val_2_fastqc.html",
                "trimgalore/fastqc/SPT5_T15_REP2_T1_1_val_1_fastqc.html",
                "trimgalore/fastqc/SPT5_T15_REP2_T1_2_val_2_fastqc.html",
                "trimgalore/fastqc/zips",
                "trimgalore/fastqc/zips/SPT5_INPUT_REP1_T1_1_val_1_fastqc.zip",
                "trimgalore/fastqc/zips/SPT5_INPUT_REP1_T1_2_val_2_fastqc.zip",
                "trimgalore/fastqc/zips/SPT5_INPUT_REP2_T1_1_val_1_fastqc.zip",
                "trimgalore/fastqc/zips/SPT5_INPUT_REP2_T1_2_val_2_fastqc.zip",
                "trimgalore/fastqc/zips/SPT5_T0_REP1_T1_1_val_1_fastqc.zip",
                "trimgalore/fastqc/zips/SPT5_T0_REP1_T1_2_val_2_fastqc.zip",
                "trimgalore/fastqc/zips/SPT5_T0_REP2_T1_1_val_1_fastqc.zip",
                "trimgalore/fastqc/zips/SPT5_T0_REP2_T1_2_val_2_fastqc.zip",
                "trimgalore/fastqc/zips/SPT5_T15_REP1_T1_1_val_1_fastqc.zip",
                "trimgalore/fastqc/zips/SPT5_T15_REP1_T1_2_val_2_fastqc.zip",
                "trimgalore/fastqc/zips/SPT5_T15_REP2_T1_1_val_1_fastqc.zip",
                "trimgalore/fastqc/zips/SPT5_T15_REP2_T1_2_val_2_fastqc.zip",
                "trimgalore/logs",
                "trimgalore/logs/SPT5_INPUT_REP1_T1_1.fastq.gz_trimming_report.txt",
                "trimgalore/logs/SPT5_INPUT_REP1_T1_2.fastq.gz_trimming_report.txt",
                "trimgalore/logs/SPT5_INPUT_REP2_T1_1.fastq.gz_trimming_report.txt",
                "trimgalore/logs/SPT5_INPUT_REP2_T1_2.fastq.gz_trimming_report.txt",
                "trimgalore/logs/SPT5_T0_REP1_T1_1.fastq.gz_trimming_report.txt",
                "trimgalore/logs/SPT5_T0_REP1_T1_2.fastq.gz_trimming_report.txt",
                "trimgalore/logs/SPT5_T0_REP2_T1_1.fastq.gz_trimming_report.txt",
                "trimgalore/logs/SPT5_T0_REP2_T1_2.fastq.gz_trimming_report.txt",
                "trimgalore/logs/SPT5_T15_REP1_T1_1.fastq.gz_trimming_report.txt",
                "trimgalore/logs/SPT5_T15_REP1_T1_2.fastq.gz_trimming_report.txt",
                "trimgalore/logs/SPT5_T15_REP2_T1_1.fastq.gz_trimming_report.txt",
                "trimgalore/logs/SPT5_T15_REP2_T1_2.fastq.gz_trimming_report.txt"
            ],
            [
                "SPT5_INPUT_REP1.mLb.clN.bedGraph:md5,0a93a9e9e1c5c89f62050e0a2c12ca31",
                "SPT5_INPUT_REP2.mLb.clN.bedGraph:md5,729d6cd9bd4e7a1e8ffc2f1cadc6483e",
                "SPT5_T0_REP1.mLb.clN.bedGraph:md5,7d6d55a647a218f65b2b1653ba4b930d",
                "SPT5_T0_REP2.mLb.clN.bedGraph:md5,b6d1bb76e3dcb321d010762ca8046fa6",
                "SPT5_T15_REP1.mLb.clN.bedGraph:md5,2e0f7340ba33729e7a46f75965168481",
                "SPT5_T15_REP2.mLb.clN.bedGraph:md5,a013dd85f9fdbd134b51058260bf7941",
                "SPT5_T0_REP1_peaks.broadPeak:md5,0574cd91ce590e3be41c9057c6d4ea25",
                "SPT5_T0_REP1_peaks.gappedPeak:md5,95203ab9aa297a4c52a4c8bbc8603fd7",
                "SPT5_T0_REP1_peaks.xls:md5,f2dc646828f6d1da711e8c57f939b1fa",
                "SPT5_T0_REP2_peaks.broadPeak:md5,890430bbefd9dd9f4f575f7065ea8dec",
                "SPT5_T0_REP2_peaks.gappedPeak:md5,0d3af85e7bbfbc5466b31ef5b9024b0b",
                "SPT5_T0_REP2_peaks.xls:md5,e90dbef17d6e11fb8ce9dcd96b9ca295",
                "SPT5_T15_REP1_peaks.broadPeak:md5,1032063d2c5f446d37f4b5b0ceb7d23c",
                "SPT5_T15_REP1_peaks.gappedPeak:md5,7f18ecffb41df5fe01368ebbc0739b63",
                "SPT5_T15_REP1_peaks.xls:md5,7878dd7172f259f62fb5fcd0078b5b18",
                "SPT5_T15_REP2_peaks.broadPeak:md5,f4c23f9980599a7284946d405edbd42d",
                "SPT5_T15_REP2_peaks.gappedPeak:md5,ea2d293dcfc22bbae738ffb31789865e",
                "SPT5_T15_REP2_peaks.xls:md5,f435c26383a6999b6701453622c88cd5",
                "SPT5.consensus_peaks.antibody.txt:md5,8d7549b0cb2e42ffd5c23879e7f54ce9",
                "SPT5.consensus_peaks.bed:md5,aab979f03ad217943d5ca0e9d76ebcae",
                "SPT5.consensus_peaks.boolean.intersect.txt:md5,226d673c3f7aa84f7b5e09424837a44f",
                "SPT5.consensus_peaks.boolean.txt:md5,0d244d8d163cb500d4a63d5d65efeb1d",
                "SPT5.consensus_peaks.saf:md5,c9d5066e8762c26a60826588ebfb5cb3",
                "R_sessionInfo.log:md5,fb0da0d7ad6994ed66a8e68348b19676",
                "SPT5_T0_REP1.txt:md5,9c1214be493ac0cd3d74f252e5b64c83",
                "SPT5_T0_REP2.txt:md5,9308f0c488ce36acdc0cd8582f70a7c9",
                "SPT5_T15_REP1.txt:md5,3fd9242b7cc2d7fdefbc28c896ce413d",
                "SPT5_T15_REP2.txt:md5,8747da0db881a6e8a15b79971ece19fc",
                "SPT5_T0_REP1.FRiP_mqc.tsv:md5,2716cc752dbb14692a72c7d25ea96523",
                "SPT5_T0_REP1.peak_count_mqc.tsv:md5,e65fa814da290aa296b58e00a50c9312",
                "SPT5_T0_REP2.FRiP_mqc.tsv:md5,5d078120aa1b17e372f5de5359230018",
                "SPT5_T0_REP2.peak_count_mqc.tsv:md5,99895c132942ac3813f9bd36f6e4dde2",
                "SPT5_T15_REP1.FRiP_mqc.tsv:md5,df7d3681bfd13b7eb553c41ee8e0f3cf",
                "SPT5_T15_REP1.peak_count_mqc.tsv:md5,f8ced44d005a1e3ece1afc15679f0bde",
                "SPT5_T15_REP2.FRiP_mqc.tsv:md5,4c69023919e61530ec9670f5243c9f69",
                "SPT5_T15_REP2.peak_count_mqc.tsv:md5,9bd63147b11a3502c709c6cf6a034d89",
                "SPT5_INPUT_REP1.mLb.clN.sorted.bam.flagstat:md5,f697eae4421b77f0c98467563e12a7aa",
                "SPT5_INPUT_REP1.mLb.clN.sorted.bam.idxstats:md5,5aa769ef078f2da2c3891d77bf1398a1",
                "SPT5_INPUT_REP2.mLb.clN.sorted.bam.flagstat:md5,4011eb87948fd763dbeb9c239a040d35",
                "SPT5_INPUT_REP2.mLb.clN.sorted.bam.idxstats:md5,d4c3b764672c816b04e4e9c3280f3084",
                "SPT5_T0_REP1.mLb.clN.sorted.bam.flagstat:md5,4963bec61844874ee582de6ffb1de3db",
                "SPT5_T0_REP1.mLb.clN.sorted.bam.idxstats:md5,ed9564b379671bf1a8ca192277da210e",
                "SPT5_T0_REP2.mLb.clN.sorted.bam.flagstat:md5,893e8291999322c789d85aefb8b0cfa7",
                "SPT5_T0_REP2.mLb.clN.sorted.bam.idxstats:md5,c5f613c58e4ed7717b7350cbd27bd6dc",
                "SPT5_T15_REP1.mLb.clN.sorted.bam.flagstat:md5,1a585d233af6d14ae233391ddf0e5ce1",
                "SPT5_T15_REP1.mLb.clN.sorted.bam.idxstats:md5,9be87f81da2b2f21d3750aaf31eee8b7",
                "SPT5_T15_REP2.mLb.clN.sorted.bam.flagstat:md5,0f28a70d15ed2500bd27e857a0027a4c",
                "SPT5_T15_REP2.mLb.clN.sorted.bam.idxstats:md5,53730b0be4c786651b2c59cc0c1de186",
                "genome.fa:md5,4bad9f4b18056156a81f7f952abbe125",
                "genome.fa.fai:md5,6f4c0ce5258e6948135ad006e1f9ee1b",
                "genome.fa.sizes:md5,e122f8021a5ef14104c32785cb9b7adc",
                "cutadapt_filtered_reads_plot.yaml:md5,976fdb8049d847c977195863418e3655",
                "cutadapt_trimmed_sequences_plot_3_Counts.yaml:md5,1dba61b1d90518e1f020b71c4cfa04c4",
                "cutadapt_trimmed_sequences_plot_3_Obs_Exp.yaml:md5,42335c2990d3a991e2bd0716f80b0515",
                "fastqc-1-status-check-heatmap.yaml:md5,6c6e1591b5ff248c85446f9728a3dad4",
                "fastqc-1_adapter_content_plot.yaml:md5,8acbcb9c6f3b5e42b19a7ab4bd1d607b",
                "fastqc-1_per_base_n_content_plot.yaml:md5,24c7a2b7d290d797e7757adfd7b67175",
                "fastqc-1_per_base_sequence_quality_plot.yaml:md5,ddaf5d8d0dad842c9e00a9cdde2a82c7",
                "fastqc-1_per_sequence_gc_content_plot_Counts.yaml:md5,191d3d72a05700fa5b69854ff47b6e66",
                "fastqc-1_per_sequence_gc_content_plot_Percentages.yaml:md5,f9cc6e0466e1791e9b3bd765ab3b9a57",
                "fastqc-1_per_sequence_quality_scores_plot.yaml:md5,6bfed2114551676b4c60e897f12c6e12",
                "fastqc-1_sequence_counts_plot.yaml:md5,6ca3a8cf8d258777e29b8e8731157d90",
                "fastqc-1_sequence_duplication_levels_plot.yaml:md5,fa8e5813c72d6366bf50d99c0eb20f56",
                "fastqc-1_top_overrepresented_sequences_table.yaml:md5,a333a02f5313876cf1713d7b0168d5f3",
                "fastqc-status-check-heatmap.yaml:md5,1e473e0f9140b718607d8c72cf3c0b45",
                "fastqc_adapter_content_plot.yaml:md5,de00547c4d9e5920e0e5c5b1f47981f7",
                "fastqc_per_base_n_content_plot.yaml:md5,a2ac6f6a3323630922fb494def39b5c1",
                "fastqc_per_base_sequence_quality_plot.yaml:md5,b0a022b4a3db86cc799142779155f9ed",
                "fastqc_per_sequence_gc_content_plot_Counts.yaml:md5,679a374990a8c3b7a87fc55afca4c5f8",
                "fastqc_per_sequence_gc_content_plot_Percentages.yaml:md5,c7a1700b9f6987c5dea327799902204a",
                "fastqc_per_sequence_quality_scores_plot.yaml:md5,d4a8f8ced23faa497edb023ac00d9632",
                "fastqc_sequence_counts_plot.yaml:md5,5522b2b42f0b3753dd359aad1565d7c2",
                "fastqc_sequence_duplication_levels_plot.yaml:md5,e5532eac263c0b33ed3c024eca5fce94",
                "fastqc_sequence_length_distribution_plot.yaml:md5,e701cb601de4693ab09473b849e4f110",
                "fastqc_top_overrepresented_sequences_table.yaml:md5,443e161371f73cebf63c14f7a9f3580d",
                "featureCounts_assignment_plot.yaml:md5,9ebb47589533f668f7b2b4e59d5231c5",
                "multiqc_citations.yaml:md5,fca5dc7cb20162434c714d26b11161f3",
                "multiqc_fastqc.yaml:md5,30fe6d1a5e5c04695dda81294b828ec9",
                "multiqc_fastqc_fastqc-1.yaml:md5,cd4a85c27c3cf85f1d0612afce793186",
                "multiqc_featurecounts.yaml:md5,6af47474530327a6254a44f1f833ab1c",
                "multiqc_frip_score.yaml:md5,a12e53352fb861b27e22fada20d4a352",
                "multiqc_nsc_coefficient.yaml:md5,2f98bade263dddff526bc627bd956f94",
                "multiqc_peak_annotation.yaml:md5,af9465db4191ab2a1bc5b0c2edf34448",
                "multiqc_peak_count.yaml:md5,059422f241221e925b026cbdfbe1625d",
                "multiqc_phantompeakqualtools.yaml:md5,e9b072da0ce783d5b7ec217d83a15987",
                "multiqc_picard-1_AlignmentSummaryMetrics_picard-1.yaml:md5,3127f1885c9d22281d5e853478833a70",
                "multiqc_picard-1_insertSize_picard-1.yaml:md5,43486e24b88a3712442e891968bd2ce0",
                "multiqc_picard-1_quality_by_cycle_picard-1.yaml:md5,e3132d7e118d112e819c781db8b68f23",
                "multiqc_picard-1_quality_score_distribution_picard-1.yaml:md5,ae43cc721ebb096df6dc36c2b077c288",
                "multiqc_picard_baseContent_picard-1.yaml:md5,01c7596a92f3884c4972c987745c96ec",
                "multiqc_picard_dups.yaml:md5,9bf99a105d35807fc4645086d72998e0",
                "multiqc_rsc_coefficient.yaml:md5,e5c7d53b2b9b12bb55690838915820ae",
                "multiqc_samtools_flagstat.yaml:md5,f1f82442834faeea1e3393b91faa3f38",
                "multiqc_samtools_flagstat_samtools-1.yaml:md5,7ae591bb360acba0858ccc9177245a44",
                "multiqc_samtools_flagstat_samtools-2.yaml:md5,89c5fd1d7975ad6bfe9dbbeefcaa2a4b",
                "multiqc_samtools_idxstats.yaml:md5,48c253ff301403f97b6973603784b25a",
                "multiqc_samtools_idxstats_samtools-1.yaml:md5,684841cb92622bdd9aebfcc6e08aa03f",
                "multiqc_samtools_idxstats_samtools-2.yaml:md5,f81be62ac233142a9923a8d724c99802",
                "multiqc_samtools_stats.yaml:md5,d5f7a98962e1eb5dfd9472ec758a1db5",
                "multiqc_samtools_stats_samtools-1.yaml:md5,377a378a5991eea6989f28ca1643193c",
                "multiqc_samtools_stats_samtools-2.yaml:md5,3099c37b6a7c44064732eaabdc1c817b",
                "picard-1_MarkIlluminaAdapters_histogram_picard-1.yaml:md5,8a80554c91d9fca8acb82f023de02f11",
                "picard-1_MeanQualityByCycle_histogram_picard-1.yaml:md5,8a80554c91d9fca8acb82f023de02f11",
                "picard-1_MeanQualityByCycle_histogram_picard-1_1.yaml:md5,e3132d7e118d112e819c781db8b68f23",
                "picard-1_QualityScoreDistribution_histogram_picard-1.yaml:md5,ae43cc721ebb096df6dc36c2b077c288",
                "picard-1_alignment_readlength_plot.yaml:md5,3edd8c54cbfad9c32847a94ba80008e3",
                "picard-1_alignment_summary_Aligned_Bases.yaml:md5,9477ebe92f7bf9a1b667aff6f9efe845",
                "picard-1_alignment_summary_Aligned_Reads.yaml:md5,9d19a860ec8c799d7b229b47c76d383c",
                "picard-1_insert_size_Counts.yaml:md5,c047df94604200060a4c873c75f7922d",
                "picard-1_insert_size_Percentages.yaml:md5,460fa96e94211dbeece20d3ccef400fe",
                "picard-1_quality_by_cycle.yaml:md5,612f7b69b152122c504f8afa219a24e3",
                "picard-1_quality_score_distribution.yaml:md5,80afa74f39b48b02236546bc0b235bc4",
                "picard_MarkIlluminaAdapters_histogram.yaml:md5,8a80554c91d9fca8acb82f023de02f11",
                "picard_MeanQualityByCycle_histogram.yaml:md5,8a80554c91d9fca8acb82f023de02f11",
                "picard_MeanQualityByCycle_histogram_1.yaml:md5,8a80554c91d9fca8acb82f023de02f11",
                "picard_QualityScoreDistribution_histogram.yaml:md5,8a80554c91d9fca8acb82f023de02f11",
                "picard_base_distribution_by_cycle__Adenine.yaml:md5,d5739dbfa20e1e60010312ec44e31655",
                "picard_base_distribution_by_cycle__Cytosine.yaml:md5,fc40672c06220ba9c67a6b5541220428",
                "picard_base_distribution_by_cycle__Guanine.yaml:md5,e4658e2ec03376e4848248c8609c1291",
                "picard_base_distribution_by_cycle__Thymine.yaml:md5,606e88cb102b3cd1568e032039edc045",
                "picard_base_distribution_by_cycle__Undetermined.yaml:md5,0ac8d0fc8ce7093f1f8158365546aa18",
                "picard_deduplication.yaml:md5,c5d69579294e7592e5e28277e01c278e",
                "samtools-flagstat-pct-table.yaml:md5,96d661539b95863c30e181e5b64e46ca",
                "samtools-flagstat-table.yaml:md5,46debe080c753b6ba45501ea268e5d95",
                "samtools-idxstats-mapped-reads-plot_Normalised_Counts-1.yaml:md5,ff73ac12f1542f46e1e61ef489c3c8e3",
                "samtools-idxstats-mapped-reads-plot_Normalised_Counts-2.yaml:md5,59851fa41690f7e7878e75ed9a6d31e7",
                "samtools-idxstats-mapped-reads-plot_Normalised_Counts.yaml:md5,9eb530fdcb78b2740a2e26cc72112a32",
                "samtools-idxstats-mapped-reads-plot_Observed_over_Expected_Counts-1.yaml:md5,e958aaff27c81aa1f197d491ff4bc0d2",
                "samtools-idxstats-mapped-reads-plot_Observed_over_Expected_Counts-2.yaml:md5,e28a272081d679b36d3e1e31a5db1b02",
                "samtools-idxstats-mapped-reads-plot_Observed_over_Expected_Counts.yaml:md5,a702f17e2426770da83f10037cb77e76",
                "samtools-idxstats-mapped-reads-plot_Raw_Counts-1.yaml:md5,12a4d0294e7844b66ac8a434e5505268",
                "samtools-idxstats-mapped-reads-plot_Raw_Counts-2.yaml:md5,42395713ecc6263c85e11416a126613d",
                "samtools-idxstats-mapped-reads-plot_Raw_Counts.yaml:md5,4d58d9f278bd63548788dd0b9edff741",
                "samtools-stats-dp.yaml:md5,ba5ad95c00d0bcef0d7aa32f941a813d",
                "samtools_alignment_plot.yaml:md5,c1b5b60c3c83928275df7f720c5b1697",
                "samplesheet.valid.csv:md5,276425084544b3baf533e2f17207a384"
            ]
        ],
        "timestamp": "2026-07-21T13:00:00.044632",
        "meta": {
            "nf-test": "0.9.3",
            "nextflow": "26.04.1"
        },
        "timestamp": "2026-07-15T22:47:34.878161789"
    }
}