{
    "skip_trimming": {
        "content": [
            209,
            false,
            "multiqc_report.html"
        ],
        "meta": {
            "nf-test": "0.9.2",
            "nextflow": "25.04.6"
        },
        "timestamp": "2025-09-03T11:43:32.479354"
    },
    "skip_trimming with stub": {
        "content": [
            64
        ],
        "meta": {
            "nf-test": "0.9.2",
            "nextflow": "25.04.6"
        },
        "timestamp": "2025-09-03T11:44:46.185617"
    }
}