{
    "skip_trimming": {
        "content": [
            209,
            {
                "ANNOTATE_BOOLEAN_PEAKS": {
                    "sed": 4.7
                },
                "BAMTOOLS_FILTER": {
                    "bamtools": "2.5.3",
                    "samtools": 1.23
                },
                "BAM_REMOVE_ORPHANS": {
                    "samtools": 1.23
                },
                "BEDTOOLS_GENOMECOV": {
                    "bedtools": "2.31.1"
                },
                "BWA_INDEX": {
                    "bwa": "0.7.19-r1273"
                },
                "BWA_MEM": {
                    "bwa": "0.7.19-r1273",
                    "samtools": "1.22.1"
                },
                "DEEPTOOLS_COMPUTEMATRIX": {
                    "deeptools": "3.5.6"
                },
                "DEEPTOOLS_PLOTFINGERPRINT": {
                    "deeptools": "3.5.6"
                },
                "DEEPTOOLS_PLOTHEATMAP": {
                    "deeptools": "3.5.6"
                },
                "DEEPTOOLS_PLOTPROFILE": {
                    "deeptools": "3.5.6"
                },
                "DESEQ2_QC": {
                    "DESeq2": "1.28.0",
                    "R": "4.0.3"
                },
                "FASTQC": {
                    "fastqc": "0.12.1"
                },
                "FRIP_SCORE": {
                    "bedtools": "2.31.1",
                    "samtools": 1.23
                },
                "GENOME_BLACKLIST_REGIONS": {
                    "bedtools": "2.31.1"
                },
                "GTF2BED": {
                    "perl": "5.26.2"
                },
                "HOMER_ANNOTATEPEAKS": {
                    "homer": 4.11
                },
                "IGV": {
                    "python": "3.12.12"
                },
                "MACS3_CALLPEAK": {
                    "macs3": "3.0.4"
                },
                "MACS3_CONSENSUS": {
                    "R": "4.1.3",
                    "python": "3.14.0"
                },
                "MULTIQC_CUSTOM_PEAKS": {
                    "sed": 4.7
                },
                "MULTIQC_CUSTOM_PHANTOMPEAKQUALTOOLS": {
                    "R": "4.5.3"
                },
                "PICARD_COLLECTMULTIPLEMETRICS": {
                    "picard": "3.4.0"
                },
                "PICARD_MARKDUPLICATES": {
                    "picard": "3.4.0"
                },
                "PICARD_MERGESAMFILES": {
                    "picard": "3.4.0"
                },
                "PLOT_HOMER_ANNOTATEPEAKS": {
                    "R": "4.5.3"
                },
                "PLOT_MACS3_QC": {
                    "R": "4.5.3"
                },
                "SAMPLESHEET_CHECK": {
                    "python": "3.12.12"
                },
                "SAMTOOLS_FAIDX": {
                    "samtools": "1.22.1"
                },
                "SAMTOOLS_FLAGSTAT": {
                    "samtools": "1.23.1"
                },
                "SAMTOOLS_IDXSTATS": {
                    "samtools": "1.23.1"
                },
                "SAMTOOLS_INDEX": {
                    "samtools": "1.23.1"
                },
                "SAMTOOLS_SORT": {
                    "samtools": "1.23.1"
                },
                "SAMTOOLS_STATS": {
                    "samtools": "1.23.1"
                },
                "SUBREAD_FEATURECOUNTS": {
                    "subread": "2.1.1"
                },
                "UCSC_BEDGRAPHTOBIGWIG": {
                    "ucsc": 482
                },
                "Workflow": {
                    "nf-core/chipseq": "v2.2.0dev"
                }
            },
            [
                "bwa",
                "bwa/merged_library",
                "bwa/merged_library/SPT5_INPUT_REP1.mLb.clN.sorted.bam",
                "bwa/merged_library/SPT5_INPUT_REP1.mLb.clN.sorted.bam.bai",
                "bwa/merged_library/SPT5_INPUT_REP2.mLb.clN.sorted.bam",
                "bwa/merged_library/SPT5_INPUT_REP2.mLb.clN.sorted.bam.bai",
                "bwa/merged_library/SPT5_T0_REP1.mLb.clN.sorted.bam",
                "bwa/merged_library/SPT5_T0_REP1.mLb.clN.sorted.bam.bai",
                "bwa/merged_library/SPT5_T0_REP2.mLb.clN.sorted.bam",
                "bwa/merged_library/SPT5_T0_REP2.mLb.clN.sorted.bam.bai",
                "bwa/merged_library/SPT5_T15_REP1.mLb.clN.sorted.bam",
                "bwa/merged_library/SPT5_T15_REP1.mLb.clN.sorted.bam.bai",
                "bwa/merged_library/SPT5_T15_REP2.mLb.clN.sorted.bam",
                "bwa/merged_library/SPT5_T15_REP2.mLb.clN.sorted.bam.bai",
                "bwa/merged_library/bigwig",
                "bwa/merged_library/bigwig/SPT5_INPUT_REP1.mLb.clN.bedGraph",
                "bwa/merged_library/bigwig/SPT5_INPUT_REP1.mLb.clN.bigWig",
                "bwa/merged_library/bigwig/SPT5_INPUT_REP2.mLb.clN.bedGraph",
                "bwa/merged_library/bigwig/SPT5_INPUT_REP2.mLb.clN.bigWig",
                "bwa/merged_library/bigwig/SPT5_T0_REP1.mLb.clN.bedGraph",
                "bwa/merged_library/bigwig/SPT5_T0_REP1.mLb.clN.bigWig",
                "bwa/merged_library/bigwig/SPT5_T0_REP2.mLb.clN.bedGraph",
                "bwa/merged_library/bigwig/SPT5_T0_REP2.mLb.clN.bigWig",
                "bwa/merged_library/bigwig/SPT5_T15_REP1.mLb.clN.bedGraph",
                "bwa/merged_library/bigwig/SPT5_T15_REP1.mLb.clN.bigWig",
                "bwa/merged_library/bigwig/SPT5_T15_REP2.mLb.clN.bedGraph",
                "bwa/merged_library/bigwig/SPT5_T15_REP2.mLb.clN.bigWig",
                "bwa/merged_library/deepTools",
                "bwa/merged_library/deepTools/plotFingerprint",
                "bwa/merged_library/deepTools/plotFingerprint/SPT5_T0_REP1.mLb.clN.plotFingerprint.pdf",
                "bwa/merged_library/deepTools/plotFingerprint/SPT5_T0_REP1.mLb.clN.plotFingerprint.qcmetrics.txt",
                "bwa/merged_library/deepTools/plotFingerprint/SPT5_T0_REP1.mLb.clN.plotFingerprint.raw.txt",
                "bwa/merged_library/deepTools/plotFingerprint/SPT5_T0_REP2.mLb.clN.plotFingerprint.pdf",
                "bwa/merged_library/deepTools/plotFingerprint/SPT5_T0_REP2.mLb.clN.plotFingerprint.qcmetrics.txt",
                "bwa/merged_library/deepTools/plotFingerprint/SPT5_T0_REP2.mLb.clN.plotFingerprint.raw.txt",
                "bwa/merged_library/deepTools/plotFingerprint/SPT5_T15_REP1.mLb.clN.plotFingerprint.pdf",
                "bwa/merged_library/deepTools/plotFingerprint/SPT5_T15_REP1.mLb.clN.plotFingerprint.qcmetrics.txt",
                "bwa/merged_library/deepTools/plotFingerprint/SPT5_T15_REP1.mLb.clN.plotFingerprint.raw.txt",
                "bwa/merged_library/deepTools/plotFingerprint/SPT5_T15_REP2.mLb.clN.plotFingerprint.pdf",
                "bwa/merged_library/deepTools/plotFingerprint/SPT5_T15_REP2.mLb.clN.plotFingerprint.qcmetrics.txt",
                "bwa/merged_library/deepTools/plotFingerprint/SPT5_T15_REP2.mLb.clN.plotFingerprint.raw.txt",
                "bwa/merged_library/deepTools/plotProfile",
                "bwa/merged_library/deepTools/plotProfile/SPT5_INPUT_REP1.mLb.clN.computeMatrix.mat.gz",
                "bwa/merged_library/deepTools/plotProfile/SPT5_INPUT_REP1.mLb.clN.computeMatrix.vals.mat.tab",
                "bwa/merged_library/deepTools/plotProfile/SPT5_INPUT_REP1.mLb.clN.plotHeatmap.mat.tab",
                "bwa/merged_library/deepTools/plotProfile/SPT5_INPUT_REP1.mLb.clN.plotHeatmap.pdf",
                "bwa/merged_library/deepTools/plotProfile/SPT5_INPUT_REP1.mLb.clN.plotProfile.pdf",
                "bwa/merged_library/deepTools/plotProfile/SPT5_INPUT_REP1.mLb.clN.plotProfile.tab",
                "bwa/merged_library/deepTools/plotProfile/SPT5_INPUT_REP2.mLb.clN.computeMatrix.mat.gz",
                "bwa/merged_library/deepTools/plotProfile/SPT5_INPUT_REP2.mLb.clN.computeMatrix.vals.mat.tab",
                "bwa/merged_library/deepTools/plotProfile/SPT5_INPUT_REP2.mLb.clN.plotHeatmap.mat.tab",
                "bwa/merged_library/deepTools/plotProfile/SPT5_INPUT_REP2.mLb.clN.plotHeatmap.pdf",
                "bwa/merged_library/deepTools/plotProfile/SPT5_INPUT_REP2.mLb.clN.plotProfile.pdf",
                "bwa/merged_library/deepTools/plotProfile/SPT5_INPUT_REP2.mLb.clN.plotProfile.tab",
                "bwa/merged_library/deepTools/plotProfile/SPT5_T0_REP1.mLb.clN.computeMatrix.mat.gz",
                "bwa/merged_library/deepTools/plotProfile/SPT5_T0_REP1.mLb.clN.computeMatrix.vals.mat.tab",
                "bwa/merged_library/deepTools/plotProfile/SPT5_T0_REP1.mLb.clN.plotHeatmap.mat.tab",
                "bwa/merged_library/deepTools/plotProfile/SPT5_T0_REP1.mLb.clN.plotHeatmap.pdf",
                "bwa/merged_library/deepTools/plotProfile/SPT5_T0_REP1.mLb.clN.plotProfile.pdf",
                "bwa/merged_library/deepTools/plotProfile/SPT5_T0_REP1.mLb.clN.plotProfile.tab",
                "bwa/merged_library/deepTools/plotProfile/SPT5_T0_REP2.mLb.clN.computeMatrix.mat.gz",
                "bwa/merged_library/deepTools/plotProfile/SPT5_T0_REP2.mLb.clN.computeMatrix.vals.mat.tab",
                "bwa/merged_library/deepTools/plotProfile/SPT5_T0_REP2.mLb.clN.plotHeatmap.mat.tab",
                "bwa/merged_library/deepTools/plotProfile/SPT5_T0_REP2.mLb.clN.plotHeatmap.pdf",
                "bwa/merged_library/deepTools/plotProfile/SPT5_T0_REP2.mLb.clN.plotProfile.pdf",
                "bwa/merged_library/deepTools/plotProfile/SPT5_T0_REP2.mLb.clN.plotProfile.tab",
                "bwa/merged_library/deepTools/plotProfile/SPT5_T15_REP1.mLb.clN.computeMatrix.mat.gz",
                "bwa/merged_library/deepTools/plotProfile/SPT5_T15_REP1.mLb.clN.computeMatrix.vals.mat.tab",
                "bwa/merged_library/deepTools/plotProfile/SPT5_T15_REP1.mLb.clN.plotHeatmap.mat.tab",
                "bwa/merged_library/deepTools/plotProfile/SPT5_T15_REP1.mLb.clN.plotHeatmap.pdf",
                "bwa/merged_library/deepTools/plotProfile/SPT5_T15_REP1.mLb.clN.plotProfile.pdf",
                "bwa/merged_library/deepTools/plotProfile/SPT5_T15_REP1.mLb.clN.plotProfile.tab",
                "bwa/merged_library/deepTools/plotProfile/SPT5_T15_REP2.mLb.clN.computeMatrix.mat.gz",
                "bwa/merged_library/deepTools/plotProfile/SPT5_T15_REP2.mLb.clN.computeMatrix.vals.mat.tab",
                "bwa/merged_library/deepTools/plotProfile/SPT5_T15_REP2.mLb.clN.plotHeatmap.mat.tab",
                "bwa/merged_library/deepTools/plotProfile/SPT5_T15_REP2.mLb.clN.plotHeatmap.pdf",
                "bwa/merged_library/deepTools/plotProfile/SPT5_T15_REP2.mLb.clN.plotProfile.pdf",
                "bwa/merged_library/deepTools/plotProfile/SPT5_T15_REP2.mLb.clN.plotProfile.tab",
                "bwa/merged_library/macs3",
                "bwa/merged_library/macs3/broad_peak",
                "bwa/merged_library/macs3/broad_peak/SPT5_T0_REP1_peaks.annotatePeaks.txt",
                "bwa/merged_library/macs3/broad_peak/SPT5_T0_REP1_peaks.broadPeak",
                "bwa/merged_library/macs3/broad_peak/SPT5_T0_REP1_peaks.gappedPeak",
                "bwa/merged_library/macs3/broad_peak/SPT5_T0_REP1_peaks.xls",
                "bwa/merged_library/macs3/broad_peak/SPT5_T0_REP2_peaks.annotatePeaks.txt",
                "bwa/merged_library/macs3/broad_peak/SPT5_T0_REP2_peaks.broadPeak",
                "bwa/merged_library/macs3/broad_peak/SPT5_T0_REP2_peaks.gappedPeak",
                "bwa/merged_library/macs3/broad_peak/SPT5_T0_REP2_peaks.xls",
                "bwa/merged_library/macs3/broad_peak/SPT5_T15_REP1_peaks.annotatePeaks.txt",
                "bwa/merged_library/macs3/broad_peak/SPT5_T15_REP1_peaks.broadPeak",
                "bwa/merged_library/macs3/broad_peak/SPT5_T15_REP1_peaks.gappedPeak",
                "bwa/merged_library/macs3/broad_peak/SPT5_T15_REP1_peaks.xls",
                "bwa/merged_library/macs3/broad_peak/SPT5_T15_REP2_peaks.annotatePeaks.txt",
                "bwa/merged_library/macs3/broad_peak/SPT5_T15_REP2_peaks.broadPeak",
                "bwa/merged_library/macs3/broad_peak/SPT5_T15_REP2_peaks.gappedPeak",
                "bwa/merged_library/macs3/broad_peak/SPT5_T15_REP2_peaks.xls",
                "bwa/merged_library/macs3/broad_peak/consensus",
                "bwa/merged_library/macs3/broad_peak/consensus/SPT5",
                "bwa/merged_library/macs3/broad_peak/consensus/SPT5/SPT5.consensus_peaks.annotatePeaks.txt",
                "bwa/merged_library/macs3/broad_peak/consensus/SPT5/SPT5.consensus_peaks.antibody.txt",
                "bwa/merged_library/macs3/broad_peak/consensus/SPT5/SPT5.consensus_peaks.bed",
                "bwa/merged_library/macs3/broad_peak/consensus/SPT5/SPT5.consensus_peaks.boolean.annotatePeaks.txt",
                "bwa/merged_library/macs3/broad_peak/consensus/SPT5/SPT5.consensus_peaks.boolean.intersect.plot.pdf",
                "bwa/merged_library/macs3/broad_peak/consensus/SPT5/SPT5.consensus_peaks.boolean.intersect.txt",
                "bwa/merged_library/macs3/broad_peak/consensus/SPT5/SPT5.consensus_peaks.boolean.txt",
                "bwa/merged_library/macs3/broad_peak/consensus/SPT5/SPT5.consensus_peaks.featureCounts.tsv",
                "bwa/merged_library/macs3/broad_peak/consensus/SPT5/SPT5.consensus_peaks.featureCounts.tsv.summary",
                "bwa/merged_library/macs3/broad_peak/consensus/SPT5/SPT5.consensus_peaks.saf",
                "bwa/merged_library/macs3/broad_peak/consensus/SPT5/deseq2",
                "bwa/merged_library/macs3/broad_peak/consensus/SPT5/deseq2/R_sessionInfo.log",
                "bwa/merged_library/macs3/broad_peak/consensus/SPT5/deseq2/SPT5.consensus_peaks.dds.RData",
                "bwa/merged_library/macs3/broad_peak/consensus/SPT5/deseq2/SPT5.consensus_peaks.pca.vals.txt",
                "bwa/merged_library/macs3/broad_peak/consensus/SPT5/deseq2/SPT5.consensus_peaks.pca.vals_mqc.tsv",
                "bwa/merged_library/macs3/broad_peak/consensus/SPT5/deseq2/SPT5.consensus_peaks.plots.pdf",
                "bwa/merged_library/macs3/broad_peak/consensus/SPT5/deseq2/SPT5.consensus_peaks.rds",
                "bwa/merged_library/macs3/broad_peak/consensus/SPT5/deseq2/SPT5.consensus_peaks.sample.dists.txt",
                "bwa/merged_library/macs3/broad_peak/consensus/SPT5/deseq2/SPT5.consensus_peaks.sample.dists_mqc.tsv",
                "bwa/merged_library/macs3/broad_peak/consensus/SPT5/deseq2/size_factors",
                "bwa/merged_library/macs3/broad_peak/consensus/SPT5/deseq2/size_factors/SPT5.consensus_peaks.size_factors.RData",
                "bwa/merged_library/macs3/broad_peak/consensus/SPT5/deseq2/size_factors/SPT5_T0_REP1.txt",
                "bwa/merged_library/macs3/broad_peak/consensus/SPT5/deseq2/size_factors/SPT5_T0_REP2.txt",
                "bwa/merged_library/macs3/broad_peak/consensus/SPT5/deseq2/size_factors/SPT5_T15_REP1.txt",
                "bwa/merged_library/macs3/broad_peak/consensus/SPT5/deseq2/size_factors/SPT5_T15_REP2.txt",
                "bwa/merged_library/macs3/broad_peak/qc",
                "bwa/merged_library/macs3/broad_peak/qc/SPT5_T0_REP1.FRiP_mqc.tsv",
                "bwa/merged_library/macs3/broad_peak/qc/SPT5_T0_REP1.peak_count_mqc.tsv",
                "bwa/merged_library/macs3/broad_peak/qc/SPT5_T0_REP2.FRiP_mqc.tsv",
                "bwa/merged_library/macs3/broad_peak/qc/SPT5_T0_REP2.peak_count_mqc.tsv",
                "bwa/merged_library/macs3/broad_peak/qc/SPT5_T15_REP1.FRiP_mqc.tsv",
                "bwa/merged_library/macs3/broad_peak/qc/SPT5_T15_REP1.peak_count_mqc.tsv",
                "bwa/merged_library/macs3/broad_peak/qc/SPT5_T15_REP2.FRiP_mqc.tsv",
                "bwa/merged_library/macs3/broad_peak/qc/SPT5_T15_REP2.peak_count_mqc.tsv",
                "bwa/merged_library/macs3/broad_peak/qc/macs3_annotatePeaks.plots.pdf",
                "bwa/merged_library/macs3/broad_peak/qc/macs3_annotatePeaks.summary.txt",
                "bwa/merged_library/macs3/broad_peak/qc/macs3_annotatePeaks.summary_mqc.tsv",
                "bwa/merged_library/macs3/broad_peak/qc/macs3_peak.plots.pdf",
                "bwa/merged_library/macs3/broad_peak/qc/macs3_peak.summary.txt",
                "bwa/merged_library/phantompeakqualtools",
                "bwa/merged_library/phantompeakqualtools/SPT5_INPUT_REP1.spp.out",
                "bwa/merged_library/phantompeakqualtools/SPT5_INPUT_REP1.spp.pdf",
                "bwa/merged_library/phantompeakqualtools/SPT5_INPUT_REP1.spp_correlation_mqc.tsv",
                "bwa/merged_library/phantompeakqualtools/SPT5_INPUT_REP1.spp_nsc_mqc.tsv",
                "bwa/merged_library/phantompeakqualtools/SPT5_INPUT_REP1.spp_rsc_mqc.tsv",
                "bwa/merged_library/phantompeakqualtools/SPT5_INPUT_REP2.spp.out",
                "bwa/merged_library/phantompeakqualtools/SPT5_INPUT_REP2.spp.pdf",
                "bwa/merged_library/phantompeakqualtools/SPT5_INPUT_REP2.spp_correlation_mqc.tsv",
                "bwa/merged_library/phantompeakqualtools/SPT5_INPUT_REP2.spp_nsc_mqc.tsv",
                "bwa/merged_library/phantompeakqualtools/SPT5_INPUT_REP2.spp_rsc_mqc.tsv",
                "bwa/merged_library/phantompeakqualtools/SPT5_T0_REP1.spp.out",
                "bwa/merged_library/phantompeakqualtools/SPT5_T0_REP1.spp.pdf",
                "bwa/merged_library/phantompeakqualtools/SPT5_T0_REP1.spp_correlation_mqc.tsv",
                "bwa/merged_library/phantompeakqualtools/SPT5_T0_REP1.spp_nsc_mqc.tsv",
                "bwa/merged_library/phantompeakqualtools/SPT5_T0_REP1.spp_rsc_mqc.tsv",
                "bwa/merged_library/phantompeakqualtools/SPT5_T0_REP2.spp.out",
                "bwa/merged_library/phantompeakqualtools/SPT5_T0_REP2.spp.pdf",
                "bwa/merged_library/phantompeakqualtools/SPT5_T0_REP2.spp_correlation_mqc.tsv",
                "bwa/merged_library/phantompeakqualtools/SPT5_T0_REP2.spp_nsc_mqc.tsv",
                "bwa/merged_library/phantompeakqualtools/SPT5_T0_REP2.spp_rsc_mqc.tsv",
                "bwa/merged_library/phantompeakqualtools/SPT5_T15_REP1.spp.out",
                "bwa/merged_library/phantompeakqualtools/SPT5_T15_REP1.spp.pdf",
                "bwa/merged_library/phantompeakqualtools/SPT5_T15_REP1.spp_correlation_mqc.tsv",
                "bwa/merged_library/phantompeakqualtools/SPT5_T15_REP1.spp_nsc_mqc.tsv",
                "bwa/merged_library/phantompeakqualtools/SPT5_T15_REP1.spp_rsc_mqc.tsv",
                "bwa/merged_library/phantompeakqualtools/SPT5_T15_REP2.spp.out",
                "bwa/merged_library/phantompeakqualtools/SPT5_T15_REP2.spp.pdf",
                "bwa/merged_library/phantompeakqualtools/SPT5_T15_REP2.spp_correlation_mqc.tsv",
                "bwa/merged_library/phantompeakqualtools/SPT5_T15_REP2.spp_nsc_mqc.tsv",
                "bwa/merged_library/phantompeakqualtools/SPT5_T15_REP2.spp_rsc_mqc.tsv",
                "bwa/merged_library/picard_metrics",
                "bwa/merged_library/picard_metrics/SPT5_INPUT_REP1.mLb.clN.sorted.CollectMultipleMetrics.alignment_summary_metrics",
                "bwa/merged_library/picard_metrics/SPT5_INPUT_REP1.mLb.clN.sorted.CollectMultipleMetrics.base_distribution_by_cycle_metrics",
                "bwa/merged_library/picard_metrics/SPT5_INPUT_REP1.mLb.clN.sorted.CollectMultipleMetrics.insert_size_metrics",
                "bwa/merged_library/picard_metrics/SPT5_INPUT_REP1.mLb.clN.sorted.CollectMultipleMetrics.quality_by_cycle_metrics",
                "bwa/merged_library/picard_metrics/SPT5_INPUT_REP1.mLb.clN.sorted.CollectMultipleMetrics.quality_distribution_metrics",
                "bwa/merged_library/picard_metrics/SPT5_INPUT_REP1.mLb.mkD.sorted.metrics.txt",
                "bwa/merged_library/picard_metrics/SPT5_INPUT_REP2.mLb.clN.sorted.CollectMultipleMetrics.alignment_summary_metrics",
                "bwa/merged_library/picard_metrics/SPT5_INPUT_REP2.mLb.clN.sorted.CollectMultipleMetrics.base_distribution_by_cycle_metrics",
                "bwa/merged_library/picard_metrics/SPT5_INPUT_REP2.mLb.clN.sorted.CollectMultipleMetrics.insert_size_metrics",
                "bwa/merged_library/picard_metrics/SPT5_INPUT_REP2.mLb.clN.sorted.CollectMultipleMetrics.quality_by_cycle_metrics",
                "bwa/merged_library/picard_metrics/SPT5_INPUT_REP2.mLb.clN.sorted.CollectMultipleMetrics.quality_distribution_metrics",
                "bwa/merged_library/picard_metrics/SPT5_INPUT_REP2.mLb.mkD.sorted.metrics.txt",
                "bwa/merged_library/picard_metrics/SPT5_T0_REP1.mLb.clN.sorted.CollectMultipleMetrics.alignment_summary_metrics",
                "bwa/merged_library/picard_metrics/SPT5_T0_REP1.mLb.clN.sorted.CollectMultipleMetrics.base_distribution_by_cycle_metrics",
                "bwa/merged_library/picard_metrics/SPT5_T0_REP1.mLb.clN.sorted.CollectMultipleMetrics.insert_size_metrics",
                "bwa/merged_library/picard_metrics/SPT5_T0_REP1.mLb.clN.sorted.CollectMultipleMetrics.quality_by_cycle_metrics",
                "bwa/merged_library/picard_metrics/SPT5_T0_REP1.mLb.clN.sorted.CollectMultipleMetrics.quality_distribution_metrics",
                "bwa/merged_library/picard_metrics/SPT5_T0_REP1.mLb.mkD.sorted.metrics.txt",
                "bwa/merged_library/picard_metrics/SPT5_T0_REP2.mLb.clN.sorted.CollectMultipleMetrics.alignment_summary_metrics",
                "bwa/merged_library/picard_metrics/SPT5_T0_REP2.mLb.clN.sorted.CollectMultipleMetrics.base_distribution_by_cycle_metrics",
                "bwa/merged_library/picard_metrics/SPT5_T0_REP2.mLb.clN.sorted.CollectMultipleMetrics.insert_size_metrics",
                "bwa/merged_library/picard_metrics/SPT5_T0_REP2.mLb.clN.sorted.CollectMultipleMetrics.quality_by_cycle_metrics",
                "bwa/merged_library/picard_metrics/SPT5_T0_REP2.mLb.clN.sorted.CollectMultipleMetrics.quality_distribution_metrics",
                "bwa/merged_library/picard_metrics/SPT5_T0_REP2.mLb.mkD.sorted.metrics.txt",
                "bwa/merged_library/picard_metrics/SPT5_T15_REP1.mLb.clN.sorted.CollectMultipleMetrics.alignment_summary_metrics",
                "bwa/merged_library/picard_metrics/SPT5_T15_REP1.mLb.clN.sorted.CollectMultipleMetrics.base_distribution_by_cycle_metrics",
                "bwa/merged_library/picard_metrics/SPT5_T15_REP1.mLb.clN.sorted.CollectMultipleMetrics.insert_size_metrics",
                "bwa/merged_library/picard_metrics/SPT5_T15_REP1.mLb.clN.sorted.CollectMultipleMetrics.quality_by_cycle_metrics",
                "bwa/merged_library/picard_metrics/SPT5_T15_REP1.mLb.clN.sorted.CollectMultipleMetrics.quality_distribution_metrics",
                "bwa/merged_library/picard_metrics/SPT5_T15_REP1.mLb.mkD.sorted.metrics.txt",
                "bwa/merged_library/picard_metrics/SPT5_T15_REP2.mLb.clN.sorted.CollectMultipleMetrics.alignment_summary_metrics",
                "bwa/merged_library/picard_metrics/SPT5_T15_REP2.mLb.clN.sorted.CollectMultipleMetrics.base_distribution_by_cycle_metrics",
                "bwa/merged_library/picard_metrics/SPT5_T15_REP2.mLb.clN.sorted.CollectMultipleMetrics.insert_size_metrics",
                "bwa/merged_library/picard_metrics/SPT5_T15_REP2.mLb.clN.sorted.CollectMultipleMetrics.quality_by_cycle_metrics",
                "bwa/merged_library/picard_metrics/SPT5_T15_REP2.mLb.clN.sorted.CollectMultipleMetrics.quality_distribution_metrics",
                "bwa/merged_library/picard_metrics/SPT5_T15_REP2.mLb.mkD.sorted.metrics.txt",
                "bwa/merged_library/picard_metrics/pdf",
                "bwa/merged_library/picard_metrics/pdf/SPT5_INPUT_REP1.mLb.clN.sorted.CollectMultipleMetrics.base_distribution_by_cycle.pdf",
                "bwa/merged_library/picard_metrics/pdf/SPT5_INPUT_REP1.mLb.clN.sorted.CollectMultipleMetrics.insert_size_histogram.pdf",
                "bwa/merged_library/picard_metrics/pdf/SPT5_INPUT_REP1.mLb.clN.sorted.CollectMultipleMetrics.quality_by_cycle.pdf",
                "bwa/merged_library/picard_metrics/pdf/SPT5_INPUT_REP1.mLb.clN.sorted.CollectMultipleMetrics.quality_distribution.pdf",
                "bwa/merged_library/picard_metrics/pdf/SPT5_INPUT_REP1.mLb.clN.sorted.CollectMultipleMetrics.read_length_histogram.pdf",
                "bwa/merged_library/picard_metrics/pdf/SPT5_INPUT_REP2.mLb.clN.sorted.CollectMultipleMetrics.base_distribution_by_cycle.pdf",
                "bwa/merged_library/picard_metrics/pdf/SPT5_INPUT_REP2.mLb.clN.sorted.CollectMultipleMetrics.insert_size_histogram.pdf",
                "bwa/merged_library/picard_metrics/pdf/SPT5_INPUT_REP2.mLb.clN.sorted.CollectMultipleMetrics.quality_by_cycle.pdf",
                "bwa/merged_library/picard_metrics/pdf/SPT5_INPUT_REP2.mLb.clN.sorted.CollectMultipleMetrics.quality_distribution.pdf",
                "bwa/merged_library/picard_metrics/pdf/SPT5_INPUT_REP2.mLb.clN.sorted.CollectMultipleMetrics.read_length_histogram.pdf",
                "bwa/merged_library/picard_metrics/pdf/SPT5_T0_REP1.mLb.clN.sorted.CollectMultipleMetrics.base_distribution_by_cycle.pdf",
                "bwa/merged_library/picard_metrics/pdf/SPT5_T0_REP1.mLb.clN.sorted.CollectMultipleMetrics.insert_size_histogram.pdf",
                "bwa/merged_library/picard_metrics/pdf/SPT5_T0_REP1.mLb.clN.sorted.CollectMultipleMetrics.quality_by_cycle.pdf",
                "bwa/merged_library/picard_metrics/pdf/SPT5_T0_REP1.mLb.clN.sorted.CollectMultipleMetrics.quality_distribution.pdf",
                "bwa/merged_library/picard_metrics/pdf/SPT5_T0_REP1.mLb.clN.sorted.CollectMultipleMetrics.read_length_histogram.pdf",
                "bwa/merged_library/picard_metrics/pdf/SPT5_T0_REP2.mLb.clN.sorted.CollectMultipleMetrics.base_distribution_by_cycle.pdf",
                "bwa/merged_library/picard_metrics/pdf/SPT5_T0_REP2.mLb.clN.sorted.CollectMultipleMetrics.insert_size_histogram.pdf",
                "bwa/merged_library/picard_metrics/pdf/SPT5_T0_REP2.mLb.clN.sorted.CollectMultipleMetrics.quality_by_cycle.pdf",
                "bwa/merged_library/picard_metrics/pdf/SPT5_T0_REP2.mLb.clN.sorted.CollectMultipleMetrics.quality_distribution.pdf",
                "bwa/merged_library/picard_metrics/pdf/SPT5_T0_REP2.mLb.clN.sorted.CollectMultipleMetrics.read_length_histogram.pdf",
                "bwa/merged_library/picard_metrics/pdf/SPT5_T15_REP1.mLb.clN.sorted.CollectMultipleMetrics.base_distribution_by_cycle.pdf",
                "bwa/merged_library/picard_metrics/pdf/SPT5_T15_REP1.mLb.clN.sorted.CollectMultipleMetrics.insert_size_histogram.pdf",
                "bwa/merged_library/picard_metrics/pdf/SPT5_T15_REP1.mLb.clN.sorted.CollectMultipleMetrics.quality_by_cycle.pdf",
                "bwa/merged_library/picard_metrics/pdf/SPT5_T15_REP1.mLb.clN.sorted.CollectMultipleMetrics.quality_distribution.pdf",
                "bwa/merged_library/picard_metrics/pdf/SPT5_T15_REP1.mLb.clN.sorted.CollectMultipleMetrics.read_length_histogram.pdf",
                "bwa/merged_library/picard_metrics/pdf/SPT5_T15_REP2.mLb.clN.sorted.CollectMultipleMetrics.base_distribution_by_cycle.pdf",
                "bwa/merged_library/picard_metrics/pdf/SPT5_T15_REP2.mLb.clN.sorted.CollectMultipleMetrics.insert_size_histogram.pdf",
                "bwa/merged_library/picard_metrics/pdf/SPT5_T15_REP2.mLb.clN.sorted.CollectMultipleMetrics.quality_by_cycle.pdf",
                "bwa/merged_library/picard_metrics/pdf/SPT5_T15_REP2.mLb.clN.sorted.CollectMultipleMetrics.quality_distribution.pdf",
                "bwa/merged_library/picard_metrics/pdf/SPT5_T15_REP2.mLb.clN.sorted.CollectMultipleMetrics.read_length_histogram.pdf",
                "bwa/merged_library/samtools_stats",
                "bwa/merged_library/samtools_stats/SPT5_INPUT_REP1.mLb.clN.sorted.bam.flagstat",
                "bwa/merged_library/samtools_stats/SPT5_INPUT_REP1.mLb.clN.sorted.bam.idxstats",
                "bwa/merged_library/samtools_stats/SPT5_INPUT_REP1.mLb.clN.sorted.bam.stats",
                "bwa/merged_library/samtools_stats/SPT5_INPUT_REP2.mLb.clN.sorted.bam.flagstat",
                "bwa/merged_library/samtools_stats/SPT5_INPUT_REP2.mLb.clN.sorted.bam.idxstats",
                "bwa/merged_library/samtools_stats/SPT5_INPUT_REP2.mLb.clN.sorted.bam.stats",
                "bwa/merged_library/samtools_stats/SPT5_T0_REP1.mLb.clN.sorted.bam.flagstat",
                "bwa/merged_library/samtools_stats/SPT5_T0_REP1.mLb.clN.sorted.bam.idxstats",
                "bwa/merged_library/samtools_stats/SPT5_T0_REP1.mLb.clN.sorted.bam.stats",
                "bwa/merged_library/samtools_stats/SPT5_T0_REP2.mLb.clN.sorted.bam.flagstat",
                "bwa/merged_library/samtools_stats/SPT5_T0_REP2.mLb.clN.sorted.bam.idxstats",
                "bwa/merged_library/samtools_stats/SPT5_T0_REP2.mLb.clN.sorted.bam.stats",
                "bwa/merged_library/samtools_stats/SPT5_T15_REP1.mLb.clN.sorted.bam.flagstat",
                "bwa/merged_library/samtools_stats/SPT5_T15_REP1.mLb.clN.sorted.bam.idxstats",
                "bwa/merged_library/samtools_stats/SPT5_T15_REP1.mLb.clN.sorted.bam.stats",
                "bwa/merged_library/samtools_stats/SPT5_T15_REP2.mLb.clN.sorted.bam.flagstat",
                "bwa/merged_library/samtools_stats/SPT5_T15_REP2.mLb.clN.sorted.bam.idxstats",
                "bwa/merged_library/samtools_stats/SPT5_T15_REP2.mLb.clN.sorted.bam.stats",
                "fastqc",
                "fastqc/SPT5_INPUT_REP1_T1_1_fastqc.html",
                "fastqc/SPT5_INPUT_REP1_T1_2_fastqc.html",
                "fastqc/SPT5_INPUT_REP2_T1_1_fastqc.html",
                "fastqc/SPT5_INPUT_REP2_T1_2_fastqc.html",
                "fastqc/SPT5_T0_REP1_T1_1_fastqc.html",
                "fastqc/SPT5_T0_REP1_T1_2_fastqc.html",
                "fastqc/SPT5_T0_REP2_T1_1_fastqc.html",
                "fastqc/SPT5_T0_REP2_T1_2_fastqc.html",
                "fastqc/SPT5_T15_REP1_T1_1_fastqc.html",
                "fastqc/SPT5_T15_REP1_T1_2_fastqc.html",
                "fastqc/SPT5_T15_REP2_T1_1_fastqc.html",
                "fastqc/SPT5_T15_REP2_T1_2_fastqc.html",
                "fastqc/zips",
                "fastqc/zips/SPT5_INPUT_REP1_T1_1_fastqc.zip",
                "fastqc/zips/SPT5_INPUT_REP1_T1_2_fastqc.zip",
                "fastqc/zips/SPT5_INPUT_REP2_T1_1_fastqc.zip",
                "fastqc/zips/SPT5_INPUT_REP2_T1_2_fastqc.zip",
                "fastqc/zips/SPT5_T0_REP1_T1_1_fastqc.zip",
                "fastqc/zips/SPT5_T0_REP1_T1_2_fastqc.zip",
                "fastqc/zips/SPT5_T0_REP2_T1_1_fastqc.zip",
                "fastqc/zips/SPT5_T0_REP2_T1_2_fastqc.zip",
                "fastqc/zips/SPT5_T15_REP1_T1_1_fastqc.zip",
                "fastqc/zips/SPT5_T15_REP1_T1_2_fastqc.zip",
                "fastqc/zips/SPT5_T15_REP2_T1_1_fastqc.zip",
                "fastqc/zips/SPT5_T15_REP2_T1_2_fastqc.zip",
                "genome",
                "genome/genome.fa",
                "genome/genome.fa.fai",
                "genome/genome.fa.sizes",
                "igv",
                "igv/broad_peak",
                "igv/broad_peak/igv_files.txt",
                "igv/broad_peak/igv_session.xml",
                "multiqc",
                "multiqc/broad_peak",
                "multiqc/broad_peak/multiqc_data",
                "multiqc/broad_peak/multiqc_data/deeptools_fingerprint_plot.yaml",
                "multiqc/broad_peak/multiqc_data/deeptools_plot_fingerprint_counts_mlib_deeptools.yaml",
                "multiqc/broad_peak/multiqc_data/deeptools_plot_profile_mlib_deeptools.yaml",
                "multiqc/broad_peak/multiqc_data/fastqc-status-check-heatmap.yaml",
                "multiqc/broad_peak/multiqc_data/fastqc_adapter_content_plot.yaml",
                "multiqc/broad_peak/multiqc_data/fastqc_per_base_n_content_plot.yaml",
                "multiqc/broad_peak/multiqc_data/fastqc_per_base_sequence_quality_plot.yaml",
                "multiqc/broad_peak/multiqc_data/fastqc_per_sequence_gc_content_plot_Counts.yaml",
                "multiqc/broad_peak/multiqc_data/fastqc_per_sequence_gc_content_plot_Percentages.yaml",
                "multiqc/broad_peak/multiqc_data/fastqc_per_sequence_quality_scores_plot.yaml",
                "multiqc/broad_peak/multiqc_data/fastqc_sequence_counts_plot.yaml",
                "multiqc/broad_peak/multiqc_data/fastqc_sequence_duplication_levels_plot.yaml",
                "multiqc/broad_peak/multiqc_data/fastqc_top_overrepresented_sequences_table.yaml",
                "multiqc/broad_peak/multiqc_data/featureCounts_assignment_plot.yaml",
                "multiqc/broad_peak/multiqc_data/llms-full.txt",
                "multiqc/broad_peak/multiqc_data/multiqc.log",
                "multiqc/broad_peak/multiqc_data/multiqc.parquet",
                "multiqc/broad_peak/multiqc_data/multiqc_citations.yaml",
                "multiqc/broad_peak/multiqc_data/multiqc_data.json",
                "multiqc/broad_peak/multiqc_data/multiqc_deseq2_clustering_1.yaml",
                "multiqc/broad_peak/multiqc_data/multiqc_deseq2_pca_1.yaml",
                "multiqc/broad_peak/multiqc_data/multiqc_fastqc.yaml",
                "multiqc/broad_peak/multiqc_data/multiqc_featurecounts.yaml",
                "multiqc/broad_peak/multiqc_data/multiqc_frip_score.yaml",
                "multiqc/broad_peak/multiqc_data/multiqc_nsc_coefficient.yaml",
                "multiqc/broad_peak/multiqc_data/multiqc_peak_annotation.yaml",
                "multiqc/broad_peak/multiqc_data/multiqc_peak_count.yaml",
                "multiqc/broad_peak/multiqc_data/multiqc_phantompeakqualtools.yaml",
                "multiqc/broad_peak/multiqc_data/multiqc_picard-1_AlignmentSummaryMetrics_picard-1.yaml",
                "multiqc/broad_peak/multiqc_data/multiqc_picard-1_insertSize_picard-1.yaml",
                "multiqc/broad_peak/multiqc_data/multiqc_picard-1_quality_by_cycle_picard-1.yaml",
                "multiqc/broad_peak/multiqc_data/multiqc_picard-1_quality_score_distribution_picard-1.yaml",
                "multiqc/broad_peak/multiqc_data/multiqc_picard_baseContent_picard-1.yaml",
                "multiqc/broad_peak/multiqc_data/multiqc_picard_dups.yaml",
                "multiqc/broad_peak/multiqc_data/multiqc_rsc_coefficient.yaml",
                "multiqc/broad_peak/multiqc_data/multiqc_samtools_flagstat.yaml",
                "multiqc/broad_peak/multiqc_data/multiqc_samtools_flagstat_samtools-1.yaml",
                "multiqc/broad_peak/multiqc_data/multiqc_samtools_flagstat_samtools-2.yaml",
                "multiqc/broad_peak/multiqc_data/multiqc_samtools_idxstats.yaml",
                "multiqc/broad_peak/multiqc_data/multiqc_samtools_idxstats_samtools-1.yaml",
                "multiqc/broad_peak/multiqc_data/multiqc_samtools_idxstats_samtools-2.yaml",
                "multiqc/broad_peak/multiqc_data/multiqc_samtools_stats.yaml",
                "multiqc/broad_peak/multiqc_data/multiqc_samtools_stats_samtools-1.yaml",
                "multiqc/broad_peak/multiqc_data/multiqc_samtools_stats_samtools-2.yaml",
                "multiqc/broad_peak/multiqc_data/multiqc_software_versions.yaml",
                "multiqc/broad_peak/multiqc_data/multiqc_sources.yaml",
                "multiqc/broad_peak/multiqc_data/multiqc_strand_shift_correlation.yaml",
                "multiqc/broad_peak/multiqc_data/picard-1_MarkIlluminaAdapters_histogram_picard-1.yaml",
                "multiqc/broad_peak/multiqc_data/picard-1_MeanQualityByCycle_histogram_picard-1.yaml",
                "multiqc/broad_peak/multiqc_data/picard-1_MeanQualityByCycle_histogram_picard-1_1.yaml",
                "multiqc/broad_peak/multiqc_data/picard-1_QualityScoreDistribution_histogram_picard-1.yaml",
                "multiqc/broad_peak/multiqc_data/picard-1_alignment_readlength_plot.yaml",
                "multiqc/broad_peak/multiqc_data/picard-1_alignment_summary_Aligned_Bases.yaml",
                "multiqc/broad_peak/multiqc_data/picard-1_alignment_summary_Aligned_Reads.yaml",
                "multiqc/broad_peak/multiqc_data/picard-1_insert_size_Counts.yaml",
                "multiqc/broad_peak/multiqc_data/picard-1_insert_size_Percentages.yaml",
                "multiqc/broad_peak/multiqc_data/picard-1_quality_by_cycle.yaml",
                "multiqc/broad_peak/multiqc_data/picard-1_quality_score_distribution.yaml",
                "multiqc/broad_peak/multiqc_data/picard_MarkIlluminaAdapters_histogram.yaml",
                "multiqc/broad_peak/multiqc_data/picard_MeanQualityByCycle_histogram.yaml",
                "multiqc/broad_peak/multiqc_data/picard_MeanQualityByCycle_histogram_1.yaml",
                "multiqc/broad_peak/multiqc_data/picard_QualityScoreDistribution_histogram.yaml",
                "multiqc/broad_peak/multiqc_data/picard_base_distribution_by_cycle__Adenine.yaml",
                "multiqc/broad_peak/multiqc_data/picard_base_distribution_by_cycle__Cytosine.yaml",
                "multiqc/broad_peak/multiqc_data/picard_base_distribution_by_cycle__Guanine.yaml",
                "multiqc/broad_peak/multiqc_data/picard_base_distribution_by_cycle__Thymine.yaml",
                "multiqc/broad_peak/multiqc_data/picard_base_distribution_by_cycle__Undetermined.yaml",
                "multiqc/broad_peak/multiqc_data/picard_deduplication.yaml",
                "multiqc/broad_peak/multiqc_data/read_distribution_profile.yaml",
                "multiqc/broad_peak/multiqc_data/samtools-flagstat-pct-table.yaml",
                "multiqc/broad_peak/multiqc_data/samtools-flagstat-table.yaml",
                "multiqc/broad_peak/multiqc_data/samtools-idxstats-mapped-reads-plot_Normalised_Counts-1.yaml",
                "multiqc/broad_peak/multiqc_data/samtools-idxstats-mapped-reads-plot_Normalised_Counts-2.yaml",
                "multiqc/broad_peak/multiqc_data/samtools-idxstats-mapped-reads-plot_Normalised_Counts.yaml",
                "multiqc/broad_peak/multiqc_data/samtools-idxstats-mapped-reads-plot_Observed_over_Expected_Counts-1.yaml",
                "multiqc/broad_peak/multiqc_data/samtools-idxstats-mapped-reads-plot_Observed_over_Expected_Counts-2.yaml",
                "multiqc/broad_peak/multiqc_data/samtools-idxstats-mapped-reads-plot_Observed_over_Expected_Counts.yaml",
                "multiqc/broad_peak/multiqc_data/samtools-idxstats-mapped-reads-plot_Raw_Counts-1.yaml",
                "multiqc/broad_peak/multiqc_data/samtools-idxstats-mapped-reads-plot_Raw_Counts-2.yaml",
                "multiqc/broad_peak/multiqc_data/samtools-idxstats-mapped-reads-plot_Raw_Counts.yaml",
                "multiqc/broad_peak/multiqc_data/samtools-stats-dp.yaml",
                "multiqc/broad_peak/multiqc_data/samtools_alignment_plot.yaml",
                "multiqc/broad_peak/multiqc_plots",
                "multiqc/broad_peak/multiqc_plots/pdf",
                "multiqc/broad_peak/multiqc_plots/pdf/deeptools_fingerprint_plot.pdf",
                "multiqc/broad_peak/multiqc_plots/pdf/deseq2_clustering_1.pdf",
                "multiqc/broad_peak/multiqc_plots/pdf/deseq2_pca_1.pdf",
                "multiqc/broad_peak/multiqc_plots/pdf/fastqc-status-check-heatmap.pdf",
                "multiqc/broad_peak/multiqc_plots/pdf/fastqc_adapter_content_plot.pdf",
                "multiqc/broad_peak/multiqc_plots/pdf/fastqc_per_base_n_content_plot.pdf",
                "multiqc/broad_peak/multiqc_plots/pdf/fastqc_per_base_sequence_quality_plot.pdf",
                "multiqc/broad_peak/multiqc_plots/pdf/fastqc_per_sequence_gc_content_plot_Counts.pdf",
                "multiqc/broad_peak/multiqc_plots/pdf/fastqc_per_sequence_gc_content_plot_Percentages.pdf",
                "multiqc/broad_peak/multiqc_plots/pdf/fastqc_per_sequence_quality_scores_plot.pdf",
                "multiqc/broad_peak/multiqc_plots/pdf/fastqc_sequence_counts_plot-cnt.pdf",
                "multiqc/broad_peak/multiqc_plots/pdf/fastqc_sequence_counts_plot-pct.pdf",
                "multiqc/broad_peak/multiqc_plots/pdf/fastqc_sequence_duplication_levels_plot.pdf",
                "multiqc/broad_peak/multiqc_plots/pdf/fastqc_top_overrepresented_sequences_table.pdf",
                "multiqc/broad_peak/multiqc_plots/pdf/featureCounts_assignment_plot-cnt.pdf",
                "multiqc/broad_peak/multiqc_plots/pdf/featureCounts_assignment_plot-pct.pdf",
                "multiqc/broad_peak/multiqc_plots/pdf/frip_score-cnt.pdf",
                "multiqc/broad_peak/multiqc_plots/pdf/frip_score-pct.pdf",
                "multiqc/broad_peak/multiqc_plots/pdf/nsc_coefficient-cnt.pdf",
                "multiqc/broad_peak/multiqc_plots/pdf/nsc_coefficient-pct.pdf",
                "multiqc/broad_peak/multiqc_plots/pdf/peak_annotation-cnt.pdf",
                "multiqc/broad_peak/multiqc_plots/pdf/peak_annotation-pct.pdf",
                "multiqc/broad_peak/multiqc_plots/pdf/peak_count-cnt.pdf",
                "multiqc/broad_peak/multiqc_plots/pdf/peak_count-pct.pdf",
                "multiqc/broad_peak/multiqc_plots/pdf/picard-1_alignment_readlength_plot.pdf",
                "multiqc/broad_peak/multiqc_plots/pdf/picard-1_alignment_summary_Aligned_Bases-cnt.pdf",
                "multiqc/broad_peak/multiqc_plots/pdf/picard-1_alignment_summary_Aligned_Bases-pct.pdf",
                "multiqc/broad_peak/multiqc_plots/pdf/picard-1_alignment_summary_Aligned_Reads-cnt.pdf",
                "multiqc/broad_peak/multiqc_plots/pdf/picard-1_alignment_summary_Aligned_Reads-pct.pdf",
                "multiqc/broad_peak/multiqc_plots/pdf/picard-1_insert_size_Counts.pdf",
                "multiqc/broad_peak/multiqc_plots/pdf/picard-1_insert_size_Percentages.pdf",
                "multiqc/broad_peak/multiqc_plots/pdf/picard-1_quality_by_cycle.pdf",
                "multiqc/broad_peak/multiqc_plots/pdf/picard-1_quality_score_distribution.pdf",
                "multiqc/broad_peak/multiqc_plots/pdf/picard_base_distribution_by_cycle__Adenine.pdf",
                "multiqc/broad_peak/multiqc_plots/pdf/picard_base_distribution_by_cycle__Cytosine.pdf",
                "multiqc/broad_peak/multiqc_plots/pdf/picard_base_distribution_by_cycle__Guanine.pdf",
                "multiqc/broad_peak/multiqc_plots/pdf/picard_base_distribution_by_cycle__Thymine.pdf",
                "multiqc/broad_peak/multiqc_plots/pdf/picard_base_distribution_by_cycle__Undetermined.pdf",
                "multiqc/broad_peak/multiqc_plots/pdf/picard_deduplication-cnt.pdf",
                "multiqc/broad_peak/multiqc_plots/pdf/picard_deduplication-pct.pdf",
                "multiqc/broad_peak/multiqc_plots/pdf/read_distribution_profile.pdf",
                "multiqc/broad_peak/multiqc_plots/pdf/rsc_coefficient-cnt.pdf",
                "multiqc/broad_peak/multiqc_plots/pdf/rsc_coefficient-pct.pdf",
                "multiqc/broad_peak/multiqc_plots/pdf/samtools-flagstat-pct-table.pdf",
                "multiqc/broad_peak/multiqc_plots/pdf/samtools-flagstat-table.pdf",
                "multiqc/broad_peak/multiqc_plots/pdf/samtools-idxstats-mapped-reads-plot_Normalised_Counts-1-cnt.pdf",
                "multiqc/broad_peak/multiqc_plots/pdf/samtools-idxstats-mapped-reads-plot_Normalised_Counts-1-log.pdf",
                "multiqc/broad_peak/multiqc_plots/pdf/samtools-idxstats-mapped-reads-plot_Normalised_Counts-2-cnt.pdf",
                "multiqc/broad_peak/multiqc_plots/pdf/samtools-idxstats-mapped-reads-plot_Normalised_Counts-2-log.pdf",
                "multiqc/broad_peak/multiqc_plots/pdf/samtools-idxstats-mapped-reads-plot_Normalised_Counts-cnt.pdf",
                "multiqc/broad_peak/multiqc_plots/pdf/samtools-idxstats-mapped-reads-plot_Normalised_Counts-log.pdf",
                "multiqc/broad_peak/multiqc_plots/pdf/samtools-idxstats-mapped-reads-plot_Observed_over_Expected_Counts-1-cnt.pdf",
                "multiqc/broad_peak/multiqc_plots/pdf/samtools-idxstats-mapped-reads-plot_Observed_over_Expected_Counts-1-log.pdf",
                "multiqc/broad_peak/multiqc_plots/pdf/samtools-idxstats-mapped-reads-plot_Observed_over_Expected_Counts-2-cnt.pdf",
                "multiqc/broad_peak/multiqc_plots/pdf/samtools-idxstats-mapped-reads-plot_Observed_over_Expected_Counts-2-log.pdf",
                "multiqc/broad_peak/multiqc_plots/pdf/samtools-idxstats-mapped-reads-plot_Observed_over_Expected_Counts-cnt.pdf",
                "multiqc/broad_peak/multiqc_plots/pdf/samtools-idxstats-mapped-reads-plot_Observed_over_Expected_Counts-log.pdf",
                "multiqc/broad_peak/multiqc_plots/pdf/samtools-idxstats-mapped-reads-plot_Raw_Counts-1-cnt.pdf",
                "multiqc/broad_peak/multiqc_plots/pdf/samtools-idxstats-mapped-reads-plot_Raw_Counts-1-log.pdf",
                "multiqc/broad_peak/multiqc_plots/pdf/samtools-idxstats-mapped-reads-plot_Raw_Counts-2-cnt.pdf",
                "multiqc/broad_peak/multiqc_plots/pdf/samtools-idxstats-mapped-reads-plot_Raw_Counts-2-log.pdf",
                "multiqc/broad_peak/multiqc_plots/pdf/samtools-idxstats-mapped-reads-plot_Raw_Counts-cnt.pdf",
                "multiqc/broad_peak/multiqc_plots/pdf/samtools-idxstats-mapped-reads-plot_Raw_Counts-log.pdf",
                "multiqc/broad_peak/multiqc_plots/pdf/samtools-stats-dp.pdf",
                "multiqc/broad_peak/multiqc_plots/pdf/samtools_alignment_plot-cnt.pdf",
                "multiqc/broad_peak/multiqc_plots/pdf/samtools_alignment_plot-pct.pdf",
                "multiqc/broad_peak/multiqc_plots/pdf/strand_shift_correlation.pdf",
                "multiqc/broad_peak/multiqc_plots/png",
                "multiqc/broad_peak/multiqc_plots/png/deeptools_fingerprint_plot.png",
                "multiqc/broad_peak/multiqc_plots/png/deseq2_clustering_1.png",
                "multiqc/broad_peak/multiqc_plots/png/deseq2_pca_1.png",
                "multiqc/broad_peak/multiqc_plots/png/fastqc-status-check-heatmap.png",
                "multiqc/broad_peak/multiqc_plots/png/fastqc_adapter_content_plot.png",
                "multiqc/broad_peak/multiqc_plots/png/fastqc_per_base_n_content_plot.png",
                "multiqc/broad_peak/multiqc_plots/png/fastqc_per_base_sequence_quality_plot.png",
                "multiqc/broad_peak/multiqc_plots/png/fastqc_per_sequence_gc_content_plot_Counts.png",
                "multiqc/broad_peak/multiqc_plots/png/fastqc_per_sequence_gc_content_plot_Percentages.png",
                "multiqc/broad_peak/multiqc_plots/png/fastqc_per_sequence_quality_scores_plot.png",
                "multiqc/broad_peak/multiqc_plots/png/fastqc_sequence_counts_plot-cnt.png",
                "multiqc/broad_peak/multiqc_plots/png/fastqc_sequence_counts_plot-pct.png",
                "multiqc/broad_peak/multiqc_plots/png/fastqc_sequence_duplication_levels_plot.png",
                "multiqc/broad_peak/multiqc_plots/png/fastqc_top_overrepresented_sequences_table.png",
                "multiqc/broad_peak/multiqc_plots/png/featureCounts_assignment_plot-cnt.png",
                "multiqc/broad_peak/multiqc_plots/png/featureCounts_assignment_plot-pct.png",
                "multiqc/broad_peak/multiqc_plots/png/frip_score-cnt.png",
                "multiqc/broad_peak/multiqc_plots/png/frip_score-pct.png",
                "multiqc/broad_peak/multiqc_plots/png/nsc_coefficient-cnt.png",
                "multiqc/broad_peak/multiqc_plots/png/nsc_coefficient-pct.png",
                "multiqc/broad_peak/multiqc_plots/png/peak_annotation-cnt.png",
                "multiqc/broad_peak/multiqc_plots/png/peak_annotation-pct.png",
                "multiqc/broad_peak/multiqc_plots/png/peak_count-cnt.png",
                "multiqc/broad_peak/multiqc_plots/png/peak_count-pct.png",
                "multiqc/broad_peak/multiqc_plots/png/picard-1_alignment_readlength_plot.png",
                "multiqc/broad_peak/multiqc_plots/png/picard-1_alignment_summary_Aligned_Bases-cnt.png",
                "multiqc/broad_peak/multiqc_plots/png/picard-1_alignment_summary_Aligned_Bases-pct.png",
                "multiqc/broad_peak/multiqc_plots/png/picard-1_alignment_summary_Aligned_Reads-cnt.png",
                "multiqc/broad_peak/multiqc_plots/png/picard-1_alignment_summary_Aligned_Reads-pct.png",
                "multiqc/broad_peak/multiqc_plots/png/picard-1_insert_size_Counts.png",
                "multiqc/broad_peak/multiqc_plots/png/picard-1_insert_size_Percentages.png",
                "multiqc/broad_peak/multiqc_plots/png/picard-1_quality_by_cycle.png",
                "multiqc/broad_peak/multiqc_plots/png/picard-1_quality_score_distribution.png",
                "multiqc/broad_peak/multiqc_plots/png/picard_base_distribution_by_cycle__Adenine.png",
                "multiqc/broad_peak/multiqc_plots/png/picard_base_distribution_by_cycle__Cytosine.png",
                "multiqc/broad_peak/multiqc_plots/png/picard_base_distribution_by_cycle__Guanine.png",
                "multiqc/broad_peak/multiqc_plots/png/picard_base_distribution_by_cycle__Thymine.png",
                "multiqc/broad_peak/multiqc_plots/png/picard_base_distribution_by_cycle__Undetermined.png",
                "multiqc/broad_peak/multiqc_plots/png/picard_deduplication-cnt.png",
                "multiqc/broad_peak/multiqc_plots/png/picard_deduplication-pct.png",
                "multiqc/broad_peak/multiqc_plots/png/read_distribution_profile.png",
                "multiqc/broad_peak/multiqc_plots/png/rsc_coefficient-cnt.png",
                "multiqc/broad_peak/multiqc_plots/png/rsc_coefficient-pct.png",
                "multiqc/broad_peak/multiqc_plots/png/samtools-flagstat-pct-table.png",
                "multiqc/broad_peak/multiqc_plots/png/samtools-flagstat-table.png",
                "multiqc/broad_peak/multiqc_plots/png/samtools-idxstats-mapped-reads-plot_Normalised_Counts-1-cnt.png",
                "multiqc/broad_peak/multiqc_plots/png/samtools-idxstats-mapped-reads-plot_Normalised_Counts-1-log.png",
                "multiqc/broad_peak/multiqc_plots/png/samtools-idxstats-mapped-reads-plot_Normalised_Counts-2-cnt.png",
                "multiqc/broad_peak/multiqc_plots/png/samtools-idxstats-mapped-reads-plot_Normalised_Counts-2-log.png",
                "multiqc/broad_peak/multiqc_plots/png/samtools-idxstats-mapped-reads-plot_Normalised_Counts-cnt.png",
                "multiqc/broad_peak/multiqc_plots/png/samtools-idxstats-mapped-reads-plot_Normalised_Counts-log.png",
                "multiqc/broad_peak/multiqc_plots/png/samtools-idxstats-mapped-reads-plot_Observed_over_Expected_Counts-1-cnt.png",
                "multiqc/broad_peak/multiqc_plots/png/samtools-idxstats-mapped-reads-plot_Observed_over_Expected_Counts-1-log.png",
                "multiqc/broad_peak/multiqc_plots/png/samtools-idxstats-mapped-reads-plot_Observed_over_Expected_Counts-2-cnt.png",
                "multiqc/broad_peak/multiqc_plots/png/samtools-idxstats-mapped-reads-plot_Observed_over_Expected_Counts-2-log.png",
                "multiqc/broad_peak/multiqc_plots/png/samtools-idxstats-mapped-reads-plot_Observed_over_Expected_Counts-cnt.png",
                "multiqc/broad_peak/multiqc_plots/png/samtools-idxstats-mapped-reads-plot_Observed_over_Expected_Counts-log.png",
                "multiqc/broad_peak/multiqc_plots/png/samtools-idxstats-mapped-reads-plot_Raw_Counts-1-cnt.png",
                "multiqc/broad_peak/multiqc_plots/png/samtools-idxstats-mapped-reads-plot_Raw_Counts-1-log.png",
                "multiqc/broad_peak/multiqc_plots/png/samtools-idxstats-mapped-reads-plot_Raw_Counts-2-cnt.png",
                "multiqc/broad_peak/multiqc_plots/png/samtools-idxstats-mapped-reads-plot_Raw_Counts-2-log.png",
                "multiqc/broad_peak/multiqc_plots/png/samtools-idxstats-mapped-reads-plot_Raw_Counts-cnt.png",
                "multiqc/broad_peak/multiqc_plots/png/samtools-idxstats-mapped-reads-plot_Raw_Counts-log.png",
                "multiqc/broad_peak/multiqc_plots/png/samtools-stats-dp.png",
                "multiqc/broad_peak/multiqc_plots/png/samtools_alignment_plot-cnt.png",
                "multiqc/broad_peak/multiqc_plots/png/samtools_alignment_plot-pct.png",
                "multiqc/broad_peak/multiqc_plots/png/strand_shift_correlation.png",
                "multiqc/broad_peak/multiqc_plots/svg",
                "multiqc/broad_peak/multiqc_plots/svg/deeptools_fingerprint_plot.svg",
                "multiqc/broad_peak/multiqc_plots/svg/deseq2_clustering_1.svg",
                "multiqc/broad_peak/multiqc_plots/svg/deseq2_pca_1.svg",
                "multiqc/broad_peak/multiqc_plots/svg/fastqc-status-check-heatmap.svg",
                "multiqc/broad_peak/multiqc_plots/svg/fastqc_adapter_content_plot.svg",
                "multiqc/broad_peak/multiqc_plots/svg/fastqc_per_base_n_content_plot.svg",
                "multiqc/broad_peak/multiqc_plots/svg/fastqc_per_base_sequence_quality_plot.svg",
                "multiqc/broad_peak/multiqc_plots/svg/fastqc_per_sequence_gc_content_plot_Counts.svg",
                "multiqc/broad_peak/multiqc_plots/svg/fastqc_per_sequence_gc_content_plot_Percentages.svg",
                "multiqc/broad_peak/multiqc_plots/svg/fastqc_per_sequence_quality_scores_plot.svg",
                "multiqc/broad_peak/multiqc_plots/svg/fastqc_sequence_counts_plot-cnt.svg",
                "multiqc/broad_peak/multiqc_plots/svg/fastqc_sequence_counts_plot-pct.svg",
                "multiqc/broad_peak/multiqc_plots/svg/fastqc_sequence_duplication_levels_plot.svg",
                "multiqc/broad_peak/multiqc_plots/svg/fastqc_top_overrepresented_sequences_table.svg",
                "multiqc/broad_peak/multiqc_plots/svg/featureCounts_assignment_plot-cnt.svg",
                "multiqc/broad_peak/multiqc_plots/svg/featureCounts_assignment_plot-pct.svg",
                "multiqc/broad_peak/multiqc_plots/svg/frip_score-cnt.svg",
                "multiqc/broad_peak/multiqc_plots/svg/frip_score-pct.svg",
                "multiqc/broad_peak/multiqc_plots/svg/nsc_coefficient-cnt.svg",
                "multiqc/broad_peak/multiqc_plots/svg/nsc_coefficient-pct.svg",
                "multiqc/broad_peak/multiqc_plots/svg/peak_annotation-cnt.svg",
                "multiqc/broad_peak/multiqc_plots/svg/peak_annotation-pct.svg",
                "multiqc/broad_peak/multiqc_plots/svg/peak_count-cnt.svg",
                "multiqc/broad_peak/multiqc_plots/svg/peak_count-pct.svg",
                "multiqc/broad_peak/multiqc_plots/svg/picard-1_alignment_readlength_plot.svg",
                "multiqc/broad_peak/multiqc_plots/svg/picard-1_alignment_summary_Aligned_Bases-cnt.svg",
                "multiqc/broad_peak/multiqc_plots/svg/picard-1_alignment_summary_Aligned_Bases-pct.svg",
                "multiqc/broad_peak/multiqc_plots/svg/picard-1_alignment_summary_Aligned_Reads-cnt.svg",
                "multiqc/broad_peak/multiqc_plots/svg/picard-1_alignment_summary_Aligned_Reads-pct.svg",
                "multiqc/broad_peak/multiqc_plots/svg/picard-1_insert_size_Counts.svg",
                "multiqc/broad_peak/multiqc_plots/svg/picard-1_insert_size_Percentages.svg",
                "multiqc/broad_peak/multiqc_plots/svg/picard-1_quality_by_cycle.svg",
                "multiqc/broad_peak/multiqc_plots/svg/picard-1_quality_score_distribution.svg",
                "multiqc/broad_peak/multiqc_plots/svg/picard_base_distribution_by_cycle__Adenine.svg",
                "multiqc/broad_peak/multiqc_plots/svg/picard_base_distribution_by_cycle__Cytosine.svg",
                "multiqc/broad_peak/multiqc_plots/svg/picard_base_distribution_by_cycle__Guanine.svg",
                "multiqc/broad_peak/multiqc_plots/svg/picard_base_distribution_by_cycle__Thymine.svg",
                "multiqc/broad_peak/multiqc_plots/svg/picard_base_distribution_by_cycle__Undetermined.svg",
                "multiqc/broad_peak/multiqc_plots/svg/picard_deduplication-cnt.svg",
                "multiqc/broad_peak/multiqc_plots/svg/picard_deduplication-pct.svg",
                "multiqc/broad_peak/multiqc_plots/svg/read_distribution_profile.svg",
                "multiqc/broad_peak/multiqc_plots/svg/rsc_coefficient-cnt.svg",
                "multiqc/broad_peak/multiqc_plots/svg/rsc_coefficient-pct.svg",
                "multiqc/broad_peak/multiqc_plots/svg/samtools-flagstat-pct-table.svg",
                "multiqc/broad_peak/multiqc_plots/svg/samtools-flagstat-table.svg",
                "multiqc/broad_peak/multiqc_plots/svg/samtools-idxstats-mapped-reads-plot_Normalised_Counts-1-cnt.svg",
                "multiqc/broad_peak/multiqc_plots/svg/samtools-idxstats-mapped-reads-plot_Normalised_Counts-1-log.svg",
                "multiqc/broad_peak/multiqc_plots/svg/samtools-idxstats-mapped-reads-plot_Normalised_Counts-2-cnt.svg",
                "multiqc/broad_peak/multiqc_plots/svg/samtools-idxstats-mapped-reads-plot_Normalised_Counts-2-log.svg",
                "multiqc/broad_peak/multiqc_plots/svg/samtools-idxstats-mapped-reads-plot_Normalised_Counts-cnt.svg",
                "multiqc/broad_peak/multiqc_plots/svg/samtools-idxstats-mapped-reads-plot_Normalised_Counts-log.svg",
                "multiqc/broad_peak/multiqc_plots/svg/samtools-idxstats-mapped-reads-plot_Observed_over_Expected_Counts-1-cnt.svg",
                "multiqc/broad_peak/multiqc_plots/svg/samtools-idxstats-mapped-reads-plot_Observed_over_Expected_Counts-1-log.svg",
                "multiqc/broad_peak/multiqc_plots/svg/samtools-idxstats-mapped-reads-plot_Observed_over_Expected_Counts-2-cnt.svg",
                "multiqc/broad_peak/multiqc_plots/svg/samtools-idxstats-mapped-reads-plot_Observed_over_Expected_Counts-2-log.svg",
                "multiqc/broad_peak/multiqc_plots/svg/samtools-idxstats-mapped-reads-plot_Observed_over_Expected_Counts-cnt.svg",
                "multiqc/broad_peak/multiqc_plots/svg/samtools-idxstats-mapped-reads-plot_Observed_over_Expected_Counts-log.svg",
                "multiqc/broad_peak/multiqc_plots/svg/samtools-idxstats-mapped-reads-plot_Raw_Counts-1-cnt.svg",
                "multiqc/broad_peak/multiqc_plots/svg/samtools-idxstats-mapped-reads-plot_Raw_Counts-1-log.svg",
                "multiqc/broad_peak/multiqc_plots/svg/samtools-idxstats-mapped-reads-plot_Raw_Counts-2-cnt.svg",
                "multiqc/broad_peak/multiqc_plots/svg/samtools-idxstats-mapped-reads-plot_Raw_Counts-2-log.svg",
                "multiqc/broad_peak/multiqc_plots/svg/samtools-idxstats-mapped-reads-plot_Raw_Counts-cnt.svg",
                "multiqc/broad_peak/multiqc_plots/svg/samtools-idxstats-mapped-reads-plot_Raw_Counts-log.svg",
                "multiqc/broad_peak/multiqc_plots/svg/samtools-stats-dp.svg",
                "multiqc/broad_peak/multiqc_plots/svg/samtools_alignment_plot-cnt.svg",
                "multiqc/broad_peak/multiqc_plots/svg/samtools_alignment_plot-pct.svg",
                "multiqc/broad_peak/multiqc_plots/svg/strand_shift_correlation.svg",
                "multiqc/broad_peak/multiqc_report.html",
                "pipeline_info",
                "pipeline_info/nf_core_chipseq_software_mqc_versions.yml",
                "pipeline_info/samplesheet.valid.csv"
            ],
            [
                "SPT5_INPUT_REP1.mLb.clN.bedGraph:md5,cd382620d1d0b392cc476acb3ee5b64c",
                "SPT5_INPUT_REP2.mLb.clN.bedGraph:md5,adeb44bad86ea7074ac4900b8d04e1e9",
                "SPT5_T0_REP1.mLb.clN.bedGraph:md5,9169ca9f49eb70a6d282b00d94e8bbb0",
                "SPT5_T0_REP2.mLb.clN.bedGraph:md5,0155d0171022e7cef596facf4d4f12f7",
                "SPT5_T15_REP1.mLb.clN.bedGraph:md5,53acbef45032a4c58766c9d220e1a761",
                "SPT5_T15_REP2.mLb.clN.bedGraph:md5,d2fbf8ad95d452e738f36081d51e4d22",
                "SPT5_T0_REP1_peaks.broadPeak:md5,ddf2e346dd0b80bd433c09312d31cb51",
                "SPT5_T0_REP1_peaks.gappedPeak:md5,38996ca713aeb8069165e347e69bed89",
                "SPT5_T0_REP1_peaks.xls:md5,d68f4b095c466fccb5c65c8807f142a2",
                "SPT5_T0_REP2_peaks.broadPeak:md5,f0cfc61afe6532be3a2e8aa58b219475",
                "SPT5_T0_REP2_peaks.gappedPeak:md5,662544b3eb0698cdac55f5c6de64effa",
                "SPT5_T0_REP2_peaks.xls:md5,0ff7b06ab6705611c8529106074df58f",
                "SPT5_T15_REP1_peaks.broadPeak:md5,c69998af961be40bbfd05de7f64d6082",
                "SPT5_T15_REP1_peaks.gappedPeak:md5,e4743ad8009585d58775152973a4f4b5",
                "SPT5_T15_REP1_peaks.xls:md5,1349a66a5b5ccd00f9cb06dab6cef163",
                "SPT5_T15_REP2_peaks.broadPeak:md5,0d78fad01d7bd0a5afefac4596f30e5d",
                "SPT5_T15_REP2_peaks.gappedPeak:md5,a608b84a516b2ef6397b9cd4510b8a35",
                "SPT5_T15_REP2_peaks.xls:md5,52ba1d0c0eece3b31ae4201641863726",
                "SPT5.consensus_peaks.antibody.txt:md5,8d7549b0cb2e42ffd5c23879e7f54ce9",
                "SPT5.consensus_peaks.bed:md5,9b34dc3d8947445141d5ca5b0eb89783",
                "SPT5.consensus_peaks.boolean.intersect.txt:md5,7116f13c4c424ada6c835332dc3f2c2a",
                "SPT5.consensus_peaks.boolean.txt:md5,286afd8100d04bcc4ba1dbbb29860379",
                "SPT5.consensus_peaks.saf:md5,cddc94704ec90a98277b8b3806f2d430",
                "R_sessionInfo.log:md5,fb0da0d7ad6994ed66a8e68348b19676",
                "SPT5_T0_REP1.txt:md5,d7b5bac4252723ebfb8787f5a98b18c4",
                "SPT5_T0_REP2.txt:md5,0d932c00e2d41c4207a1bab45ae56783",
                "SPT5_T15_REP1.txt:md5,3be69b511ebea43ed5ebf6e9a6db0eb9",
                "SPT5_T15_REP2.txt:md5,6832d403e27cbb8d3846fd44a6afa9a9",
                "SPT5_T0_REP1.FRiP_mqc.tsv:md5,71ba5302aa382467cc8e20b6e784da1f",
                "SPT5_T0_REP1.peak_count_mqc.tsv:md5,4c8c808f8256c29b3ab505b0dd6230e4",
                "SPT5_T0_REP2.FRiP_mqc.tsv:md5,ee04cae92b9a376290bc9206e82cfa3e",
                "SPT5_T0_REP2.peak_count_mqc.tsv:md5,6189a81745e4675e21b4facddf1f107c",
                "SPT5_T15_REP1.FRiP_mqc.tsv:md5,276b224a6de066b7c2ccbeec1f6b7172",
                "SPT5_T15_REP1.peak_count_mqc.tsv:md5,b09a3ab94e85d3950755da82133f0920",
                "SPT5_T15_REP2.FRiP_mqc.tsv:md5,fedde115002f7270d0857a9df170bdcf",
                "SPT5_T15_REP2.peak_count_mqc.tsv:md5,d79e410476850feb03c3c7c6742f59e0",
                "SPT5_INPUT_REP1.mLb.clN.sorted.bam.flagstat:md5,b72640ccdf91428002029db2c63c1b6f",
                "SPT5_INPUT_REP1.mLb.clN.sorted.bam.idxstats:md5,ad58d8f8538233584fd3696b3564e0c9",
                "SPT5_INPUT_REP2.mLb.clN.sorted.bam.flagstat:md5,033709b3864b52884c8634bd7cc1bece",
                "SPT5_INPUT_REP2.mLb.clN.sorted.bam.idxstats:md5,7eaa74b59bf44b7d7cdea4410e6ec108",
                "SPT5_T0_REP1.mLb.clN.sorted.bam.flagstat:md5,17d2b9b48e2cdcb1bf8f6d2cf6534a79",
                "SPT5_T0_REP1.mLb.clN.sorted.bam.idxstats:md5,34dff36730a3d7b9859ceec4a1839629",
                "SPT5_T0_REP2.mLb.clN.sorted.bam.flagstat:md5,9446a8b788af24c6b58cd199830a960c",
                "SPT5_T0_REP2.mLb.clN.sorted.bam.idxstats:md5,3ea2de03ecc1e9a7d40e0745209df4f6",
                "SPT5_T15_REP1.mLb.clN.sorted.bam.flagstat:md5,8cdd16d3ba56563bd5aa6948fd75681f",
                "SPT5_T15_REP1.mLb.clN.sorted.bam.idxstats:md5,01b871e313ba91da05273cf4c2009f8b",
                "SPT5_T15_REP2.mLb.clN.sorted.bam.flagstat:md5,19db2ca7bb1d78ab6dfe446667844f50",
                "SPT5_T15_REP2.mLb.clN.sorted.bam.idxstats:md5,32990e1b7bc7d52fc68f60b5e766c596",
                "genome.fa:md5,4bad9f4b18056156a81f7f952abbe125",
                "genome.fa.fai:md5,6f4c0ce5258e6948135ad006e1f9ee1b",
                "genome.fa.sizes:md5,e122f8021a5ef14104c32785cb9b7adc",
                "fastqc-status-check-heatmap.yaml:md5,1e473e0f9140b718607d8c72cf3c0b45",
                "fastqc_adapter_content_plot.yaml:md5,de00547c4d9e5920e0e5c5b1f47981f7",
                "fastqc_per_base_n_content_plot.yaml:md5,a2ac6f6a3323630922fb494def39b5c1",
                "fastqc_per_base_sequence_quality_plot.yaml:md5,b0a022b4a3db86cc799142779155f9ed",
                "fastqc_per_sequence_gc_content_plot_Counts.yaml:md5,679a374990a8c3b7a87fc55afca4c5f8",
                "fastqc_per_sequence_gc_content_plot_Percentages.yaml:md5,c7a1700b9f6987c5dea327799902204a",
                "fastqc_per_sequence_quality_scores_plot.yaml:md5,d4a8f8ced23faa497edb023ac00d9632",
                "fastqc_sequence_counts_plot.yaml:md5,5522b2b42f0b3753dd359aad1565d7c2",
                "fastqc_sequence_duplication_levels_plot.yaml:md5,e5532eac263c0b33ed3c024eca5fce94",
                "fastqc_top_overrepresented_sequences_table.yaml:md5,443e161371f73cebf63c14f7a9f3580d",
                "featureCounts_assignment_plot.yaml:md5,7d46061ca4ab9c393806d9dc2190d469",
                "multiqc_citations.yaml:md5,fa96797dbe164da76c4006ba9a9aa1e2",
                "multiqc_fastqc.yaml:md5,30fe6d1a5e5c04695dda81294b828ec9",
                "multiqc_featurecounts.yaml:md5,80609145666915fc888987e28628ec87",
                "multiqc_frip_score.yaml:md5,68a0bf27565f380e121d4861fd35ed67",
                "multiqc_nsc_coefficient.yaml:md5,167f8d2ff0b5c54265ef70e727257348",
                "multiqc_peak_annotation.yaml:md5,16fa0c6cd67454ee116fd0db95483b4b",
                "multiqc_peak_count.yaml:md5,812155a102b674566b29d2845b745483",
                "multiqc_phantompeakqualtools.yaml:md5,4acbd2e598839f94376040108a6ff2b7",
                "multiqc_picard-1_AlignmentSummaryMetrics_picard-1.yaml:md5,99a15cd2e0477f4338a2f31713c58681",
                "multiqc_picard-1_insertSize_picard-1.yaml:md5,4468b6ca00b3be89426b1319b309bc62",
                "multiqc_picard-1_quality_by_cycle_picard-1.yaml:md5,5cb2257bf0ad79b5ae628c7cdf9c4e46",
                "multiqc_picard-1_quality_score_distribution_picard-1.yaml:md5,4012d180f127ee70efe233a816cbb97f",
                "multiqc_picard_baseContent_picard-1.yaml:md5,5ad8bb85fe50da94430bed46337305c8",
                "multiqc_picard_dups.yaml:md5,c56ed89e6fca1ddb83d8072c462ae9ff",
                "multiqc_rsc_coefficient.yaml:md5,717c1a82cf31984a5e0ee82e0c01026b",
                "multiqc_samtools_flagstat.yaml:md5,06aa81950bf78bd0bad8099096653560",
                "multiqc_samtools_flagstat_samtools-1.yaml:md5,5e1b0386799c0a3123858e145219615a",
                "multiqc_samtools_flagstat_samtools-2.yaml:md5,61dd8be96d7009afcabe717a7a52d11a",
                "multiqc_samtools_idxstats.yaml:md5,dc6b87d84aeef0439da6077b67501cc3",
                "multiqc_samtools_idxstats_samtools-1.yaml:md5,d7a1a6d14cfb88aa868784024f9b208e",
                "multiqc_samtools_idxstats_samtools-2.yaml:md5,0a34ea933b55ee8ec1882cb22b0a097d",
                "multiqc_samtools_stats.yaml:md5,eefe4770ca5885f4bb4cd83224c4cd11",
                "multiqc_samtools_stats_samtools-1.yaml:md5,74c9138c91053d4cc9cc9bb315427613",
                "multiqc_samtools_stats_samtools-2.yaml:md5,127dad3350641f8a1f8dc2d311947e5f",
                "picard-1_MarkIlluminaAdapters_histogram_picard-1.yaml:md5,8a80554c91d9fca8acb82f023de02f11",
                "picard-1_MeanQualityByCycle_histogram_picard-1.yaml:md5,8a80554c91d9fca8acb82f023de02f11",
                "picard-1_MeanQualityByCycle_histogram_picard-1_1.yaml:md5,5cb2257bf0ad79b5ae628c7cdf9c4e46",
                "picard-1_QualityScoreDistribution_histogram_picard-1.yaml:md5,4012d180f127ee70efe233a816cbb97f",
                "picard-1_alignment_readlength_plot.yaml:md5,cd5131a2c38d9dc8072c39ee191d7e0b",
                "picard-1_alignment_summary_Aligned_Bases.yaml:md5,86717ca1bbeef507046dee670543c763",
                "picard-1_alignment_summary_Aligned_Reads.yaml:md5,c8559ff41529868f4e419cd22c41ba6f",
                "picard-1_insert_size_Counts.yaml:md5,45f4c14ea212a1b7c4a0a1082be0cc6a",
                "picard-1_insert_size_Percentages.yaml:md5,50244bb7b53dbbcb6732cf24eaa77757",
                "picard-1_quality_by_cycle.yaml:md5,1838715577db38e8c3be9615405683f9",
                "picard-1_quality_score_distribution.yaml:md5,799573490cf48ea17c2e0f727875152f",
                "picard_MarkIlluminaAdapters_histogram.yaml:md5,8a80554c91d9fca8acb82f023de02f11",
                "picard_MeanQualityByCycle_histogram.yaml:md5,8a80554c91d9fca8acb82f023de02f11",
                "picard_MeanQualityByCycle_histogram_1.yaml:md5,8a80554c91d9fca8acb82f023de02f11",
                "picard_QualityScoreDistribution_histogram.yaml:md5,8a80554c91d9fca8acb82f023de02f11",
                "picard_base_distribution_by_cycle__Adenine.yaml:md5,84f8ccd787d62847ad25ed8d06c2cbcc",
                "picard_base_distribution_by_cycle__Cytosine.yaml:md5,4b90cd4680fffa4524ec5c692026dbe4",
                "picard_base_distribution_by_cycle__Guanine.yaml:md5,f85075ad0d2e8b5a836a30572a4138e9",
                "picard_base_distribution_by_cycle__Thymine.yaml:md5,bf7bc4fcdb8b7d04c51dc0bcee45125b",
                "picard_base_distribution_by_cycle__Undetermined.yaml:md5,1250c439077870950c015c3420cca8a0",
                "picard_deduplication.yaml:md5,3b3298251d41828d79d76eb75188d368",
                "samtools-flagstat-pct-table.yaml:md5,0c814013444b7866198be9f3a421475d",
                "samtools-flagstat-table.yaml:md5,fb0e11473916f2cd1d7ec502f57f39ff",
                "samtools-idxstats-mapped-reads-plot_Normalised_Counts-1.yaml:md5,87eb19cf6f8d2394b739c6ff371c39a9",
                "samtools-idxstats-mapped-reads-plot_Normalised_Counts-2.yaml:md5,ec4a3930a35575b9099d0bfd4a6b6ec0",
                "samtools-idxstats-mapped-reads-plot_Normalised_Counts.yaml:md5,f25c2b68b2a00eb0b668df0491c564b4",
                "samtools-idxstats-mapped-reads-plot_Observed_over_Expected_Counts-1.yaml:md5,9c4f7c545cc306ebaf6910b2128ab609",
                "samtools-idxstats-mapped-reads-plot_Observed_over_Expected_Counts-2.yaml:md5,ae6817cbbcf8a99e881d6829e21382f9",
                "samtools-idxstats-mapped-reads-plot_Observed_over_Expected_Counts.yaml:md5,5ef7780eff7f0dc70ca782745e41fd3a",
                "samtools-idxstats-mapped-reads-plot_Raw_Counts-1.yaml:md5,3e6f8318e123ee0741735c95a61813ba",
                "samtools-idxstats-mapped-reads-plot_Raw_Counts-2.yaml:md5,77a20ca5d2d63701bda9139cea5b217b",
                "samtools-idxstats-mapped-reads-plot_Raw_Counts.yaml:md5,6e147564ac1255add4fb8f87fbeef984",
                "samtools-stats-dp.yaml:md5,b1858c8488f3c506498726af69965dd6",
                "samtools_alignment_plot.yaml:md5,a33df285c13ab5b360d9eb5282471908",
                "samplesheet.valid.csv:md5,276425084544b3baf533e2f17207a384"
            ]
        ],
        "timestamp": "2026-07-21T13:19:06.842802",
        "meta": {
            "nf-test": "0.9.3",
            "nextflow": "26.04.1"
        },
        "timestamp": "2026-07-15T23:17:15.190122205"
    },
    "skip_trimming with stub": {
        "content": [
            190
        ],
        "timestamp": "2026-07-21T13:23:05.44245",
        "meta": {
            "nf-test": "0.9.5",
            "nextflow": "26.04.0"
        }
    }
}