{
    "skip_consensus_peaks with stub": {
        "content": [
            20
        ],
        "timestamp": "2025-09-04T21:50:26.130655",
        "meta": {
            "nf-test": "0.9.2",
            "nextflow": "25.04.6"
        }
    },
    "skip_consensus_peaks": {
        "content": [
            1,
            {
                "Workflow": {
                    "nf-core/chipseq": "v2.2.0dev"
                }
            },
            [
                "pipeline_info",
                "pipeline_info/nf_core_chipseq_software_mqc_versions.yml",
                "pipeline_info/samplesheet.valid.csv"
            ],
            [
                "samplesheet.valid.csv:md5,276425084544b3baf533e2f17207a384"
            ]
        ],
        "timestamp": "2026-03-14T01:52:00.47116",
        "meta": {
            "nf-test": "0.9.4",
            "nextflow": "25.10.4"
        }
    }
}