{
    "skip_trimming": {
        "content": [
            0,
            {
                "Workflow": {
                    "nf-core/chipseq": "v2.2.0dev"
                }
            },
            [
                "pipeline_info",
                "pipeline_info/nf_core_chipseq_software_mqc_versions.yml"
            ],
            [
                
            ]
        ],
        "meta": {
            "nf-test": "0.9.3",
            "nextflow": "25.10.4"
        },
        "timestamp": "2026-03-14T15:33:56.23730647"
    },
    "skip_trimming with stub": {
        "content": [
            0
        ],
        "meta": {
            "nf-test": "0.9.3",
            "nextflow": "25.10.4"
        },
        "timestamp": "2026-03-14T15:34:18.864740445"
    }
}