{
    "star": {
        "content": [
            35,
            {
                "CUSTOM_GETCHROMSIZES": {
                    "getchromsizes": 1.2
                },
                "FASTQC": {
                    "fastqc": "0.12.1"
                },
                "GENOME_BLACKLIST_REGIONS": {
                    "bedtools": "2.30.0"
                },
                "GTF2BED": {
                    "perl": "5.26.2"
                },
                "SAMTOOLS_INDEX": {
                    "samtools": 1.2
                },
                "SAMTOOLS_SORT": {
                    "samtools": 1.2
                },
                "STAR_ALIGN": {
                    "star": "2.6.1d"
                },
                "STAR_GENOMEGENERATE": {
                    "star": "2.6.1d"
                },
                "TRIMGALORE": {
                    "cutadapt": 3.4,
                    "trimgalore": "0.6.7"
                },
                "Workflow": {
                    "nf-core/chipseq": "v2.2.0dev"
                }
            },
            [
                "fastqc",
                "fastqc/SPT5_INPUT_rep1_1_fastqc.html",
                "fastqc/SPT5_INPUT_rep1_2_fastqc.html",
                "fastqc/SPT5_T0_rep1_1_fastqc.html",
                "fastqc/SPT5_T0_rep1_2_fastqc.html",
                "fastqc/SPT5_T15_rep1_1_fastqc.html",
                "fastqc/SPT5_T15_rep1_2_fastqc.html",
                "fastqc/zips",
                "fastqc/zips/SPT5_INPUT_rep1_1_fastqc.zip",
                "fastqc/zips/SPT5_INPUT_rep1_2_fastqc.zip",
                "fastqc/zips/SPT5_T0_rep1_1_fastqc.zip",
                "fastqc/zips/SPT5_T0_rep1_2_fastqc.zip",
                "fastqc/zips/SPT5_T15_rep1_1_fastqc.zip",
                "fastqc/zips/SPT5_T15_rep1_2_fastqc.zip",
                "genome",
                "genome/genome.fa.fai",
                "genome/genome.fa.sizes",
                "pipeline_info",
                "pipeline_info/nf_core_chipseq_software_mqc_versions.yml",
                "star",
                "star/library",
                "star/library/log",
                "star/library/log/SPT5_INPUT_rep1.Log.final.out",
                "star/library/log/SPT5_INPUT_rep1.Log.out",
                "star/library/log/SPT5_INPUT_rep1.Log.progress.out",
                "star/library/log/SPT5_INPUT_rep1.SJ.out.tab",
                "star/library/log/SPT5_T0_rep1.Log.final.out",
                "star/library/log/SPT5_T0_rep1.Log.out",
                "star/library/log/SPT5_T0_rep1.Log.progress.out",
                "star/library/log/SPT5_T0_rep1.SJ.out.tab",
                "star/library/log/SPT5_T15_rep1.Log.final.out",
                "star/library/log/SPT5_T15_rep1.Log.out",
                "star/library/log/SPT5_T15_rep1.Log.progress.out",
                "star/library/log/SPT5_T15_rep1.SJ.out.tab",
                "trimgalore",
                "trimgalore/fastqc",
                "trimgalore/fastqc/SPT5_INPUT_rep1_1_val_1_fastqc.html",
                "trimgalore/fastqc/SPT5_INPUT_rep1_2_val_2_fastqc.html",
                "trimgalore/fastqc/SPT5_T0_rep1_1_val_1_fastqc.html",
                "trimgalore/fastqc/SPT5_T0_rep1_2_val_2_fastqc.html",
                "trimgalore/fastqc/SPT5_T15_rep1_1_val_1_fastqc.html",
                "trimgalore/fastqc/SPT5_T15_rep1_2_val_2_fastqc.html",
                "trimgalore/fastqc/zips",
                "trimgalore/fastqc/zips/SPT5_INPUT_rep1_1_val_1_fastqc.zip",
                "trimgalore/fastqc/zips/SPT5_INPUT_rep1_2_val_2_fastqc.zip",
                "trimgalore/fastqc/zips/SPT5_T0_rep1_1_val_1_fastqc.zip",
                "trimgalore/fastqc/zips/SPT5_T0_rep1_2_val_2_fastqc.zip",
                "trimgalore/fastqc/zips/SPT5_T15_rep1_1_val_1_fastqc.zip",
                "trimgalore/fastqc/zips/SPT5_T15_rep1_2_val_2_fastqc.zip",
                "trimgalore/logs",
                "trimgalore/logs/SPT5_INPUT_rep1_1.fastq.gz_trimming_report.txt",
                "trimgalore/logs/SPT5_INPUT_rep1_2.fastq.gz_trimming_report.txt",
                "trimgalore/logs/SPT5_T0_rep1_1.fastq.gz_trimming_report.txt",
                "trimgalore/logs/SPT5_T0_rep1_2.fastq.gz_trimming_report.txt",
                "trimgalore/logs/SPT5_T15_rep1_1.fastq.gz_trimming_report.txt",
                "trimgalore/logs/SPT5_T15_rep1_2.fastq.gz_trimming_report.txt"
            ],
            [
                "genome.fa.fai:md5,6f4c0ce5258e6948135ad006e1f9ee1b",
                "genome.fa.sizes:md5,e122f8021a5ef14104c32785cb9b7adc",
                "SPT5_INPUT_rep1.SJ.out.tab:md5,d41d8cd98f00b204e9800998ecf8427e",
                "SPT5_T0_rep1.SJ.out.tab:md5,d41d8cd98f00b204e9800998ecf8427e",
                "SPT5_T15_rep1.SJ.out.tab:md5,d41d8cd98f00b204e9800998ecf8427e"
            ]
        ],
        "meta": {
            "nf-test": "0.9.2",
            "nextflow": "25.04.6"
        },
        "timestamp": "2025-09-18T13:22:04.217269"
    },
    "star with stub": {
        "content": [
            18
        ],
        "meta": {
            "nf-test": "0.9.2",
            "nextflow": "25.04.6"
        },
        "timestamp": "2025-09-18T13:22:29.737589"
    }
}