{
    "star": {
        "content": [
            215,
            {
                "ANNOTATE_BOOLEAN_PEAKS": {
                    "sed": 4.7
                },
                "BAMTOOLS_FILTER": {
                    "bamtools": "2.5.3",
                    "samtools": 1.23
                },
                "BAM_REMOVE_ORPHANS": {
                    "samtools": 1.23
                },
                "BEDTOOLS_GENOMECOV": {
                    "bedtools": "2.31.1"
                },
                "DEEPTOOLS_COMPUTEMATRIX": {
                    "deeptools": "3.5.6"
                },
                "DEEPTOOLS_PLOTFINGERPRINT": {
                    "deeptools": "3.5.6"
                },
                "DEEPTOOLS_PLOTHEATMAP": {
                    "deeptools": "3.5.6"
                },
                "DEEPTOOLS_PLOTPROFILE": {
                    "deeptools": "3.5.6"
                },
                "DESEQ2_QC": {
                    "DESeq2": "1.28.0",
                    "R": "4.0.3"
                },
                "FASTQC": {
                    "fastqc": "0.12.1"
                },
                "FRIP_SCORE": {
                    "bedtools": "2.31.1",
                    "samtools": 1.23
                },
                "GENOME_BLACKLIST_REGIONS": {
                    "bedtools": "2.31.1"
                },
                "GTF2BED": {
                    "perl": "5.26.2"
                },
                "IGV": {
                    "python": "3.12.12"
                },
                "MACS3_CALLPEAK": {
                    "macs3": "3.0.4"
                },
                "MACS3_CONSENSUS": {
                    "R": "4.1.3",
                    "python": "3.14.0"
                },
                "MULTIQC_CUSTOM_PEAKS": {
                    "sed": 4.7
                },
                "MULTIQC_CUSTOM_PHANTOMPEAKQUALTOOLS": {
                    "R": "4.5.3"
                },
                "PICARD_COLLECTMULTIPLEMETRICS": {
                    "picard": "3.4.0"
                },
                "PICARD_MARKDUPLICATES": {
                    "picard": "3.4.0"
                },
                "PICARD_MERGESAMFILES": {
                    "picard": "3.4.0"
                },
                "PLOT_HOMER_ANNOTATEPEAKS": {
                    "R": "4.5.3"
                },
                "PLOT_MACS3_QC": {
                    "R": "4.5.3"
                },
                "SAMPLESHEET_CHECK": {
                    "python": "3.12.12"
                },
                "SAMTOOLS_FAIDX": {
                    "samtools": "1.22.1"
                },
                "SAMTOOLS_FLAGSTAT": {
                    "samtools": "1.23.1"
                },
                "SAMTOOLS_IDXSTATS": {
                    "samtools": "1.23.1"
                },
                "SAMTOOLS_INDEX": {
                    "samtools": "1.23.1"
                },
                "SAMTOOLS_SORT": {
                    "samtools": "1.23.1"
                },
                "SAMTOOLS_STATS": {
                    "samtools": "1.23.1"
                },
                "STAR_ALIGN": {
                    "star": "2.7.11b"
                },
                "STAR_GENOMEGENERATE": {
                    "samtools": 1.2,
                    "star": "2.7.11b"
                },
                "SUBREAD_FEATURECOUNTS": {
                    "subread": "2.1.1"
                },
                "TRIMGALORE": {
                    "trimgalore": "0.6.10"
                },
                "UCSC_BEDGRAPHTOBIGWIG": {
                    "ucsc": 482
                },
                "Workflow": {
                    "nf-core/chipseq": "v2.2.0dev"
                }
            },
            [
                "fastqc",
                "fastqc/SPT5_INPUT_REP1_T1_1_fastqc.html",
                "fastqc/SPT5_INPUT_REP1_T1_2_fastqc.html",
                "fastqc/SPT5_INPUT_REP2_T1_1_fastqc.html",
                "fastqc/SPT5_INPUT_REP2_T1_2_fastqc.html",
                "fastqc/SPT5_T0_REP1_T1_1_fastqc.html",
                "fastqc/SPT5_T0_REP1_T1_2_fastqc.html",
                "fastqc/SPT5_T0_REP2_T1_1_fastqc.html",
                "fastqc/SPT5_T0_REP2_T1_2_fastqc.html",
                "fastqc/SPT5_T15_REP1_T1_1_fastqc.html",
                "fastqc/SPT5_T15_REP1_T1_2_fastqc.html",
                "fastqc/SPT5_T15_REP2_T1_1_fastqc.html",
                "fastqc/SPT5_T15_REP2_T1_2_fastqc.html",
                "fastqc/zips",
                "fastqc/zips/SPT5_INPUT_REP1_T1_1_fastqc.zip",
                "fastqc/zips/SPT5_INPUT_REP1_T1_2_fastqc.zip",
                "fastqc/zips/SPT5_INPUT_REP2_T1_1_fastqc.zip",
                "fastqc/zips/SPT5_INPUT_REP2_T1_2_fastqc.zip",
                "fastqc/zips/SPT5_T0_REP1_T1_1_fastqc.zip",
                "fastqc/zips/SPT5_T0_REP1_T1_2_fastqc.zip",
                "fastqc/zips/SPT5_T0_REP2_T1_1_fastqc.zip",
                "fastqc/zips/SPT5_T0_REP2_T1_2_fastqc.zip",
                "fastqc/zips/SPT5_T15_REP1_T1_1_fastqc.zip",
                "fastqc/zips/SPT5_T15_REP1_T1_2_fastqc.zip",
                "fastqc/zips/SPT5_T15_REP2_T1_1_fastqc.zip",
                "fastqc/zips/SPT5_T15_REP2_T1_2_fastqc.zip",
                "genome",
                "genome/genome.fa",
                "genome/genome.fa.fai",
                "genome/genome.fa.sizes",
                "igv",
                "igv/broad_peak",
                "igv/broad_peak/igv_files.txt",
                "igv/broad_peak/igv_session.xml",
                "multiqc",
                "multiqc/broad_peak",
                "multiqc/broad_peak/multiqc_data",
                "multiqc/broad_peak/multiqc_data/cutadapt_filtered_reads_plot.yaml",
                "multiqc/broad_peak/multiqc_data/cutadapt_trimmed_sequences_plot_3_Counts.yaml",
                "multiqc/broad_peak/multiqc_data/cutadapt_trimmed_sequences_plot_3_Obs_Exp.yaml",
                "multiqc/broad_peak/multiqc_data/deeptools_fingerprint_plot.yaml",
                "multiqc/broad_peak/multiqc_data/deeptools_plot_fingerprint_counts_mlib_deeptools.yaml",
                "multiqc/broad_peak/multiqc_data/deeptools_plot_profile_mlib_deeptools.yaml",
                "multiqc/broad_peak/multiqc_data/fastqc-1-status-check-heatmap.yaml",
                "multiqc/broad_peak/multiqc_data/fastqc-1_adapter_content_plot.yaml",
                "multiqc/broad_peak/multiqc_data/fastqc-1_per_base_n_content_plot.yaml",
                "multiqc/broad_peak/multiqc_data/fastqc-1_per_base_sequence_quality_plot.yaml",
                "multiqc/broad_peak/multiqc_data/fastqc-1_per_sequence_gc_content_plot_Counts.yaml",
                "multiqc/broad_peak/multiqc_data/fastqc-1_per_sequence_gc_content_plot_Percentages.yaml",
                "multiqc/broad_peak/multiqc_data/fastqc-1_per_sequence_quality_scores_plot.yaml",
                "multiqc/broad_peak/multiqc_data/fastqc-1_sequence_counts_plot.yaml",
                "multiqc/broad_peak/multiqc_data/fastqc-1_sequence_duplication_levels_plot.yaml",
                "multiqc/broad_peak/multiqc_data/fastqc-1_top_overrepresented_sequences_table.yaml",
                "multiqc/broad_peak/multiqc_data/fastqc-status-check-heatmap.yaml",
                "multiqc/broad_peak/multiqc_data/fastqc_adapter_content_plot.yaml",
                "multiqc/broad_peak/multiqc_data/fastqc_per_base_n_content_plot.yaml",
                "multiqc/broad_peak/multiqc_data/fastqc_per_base_sequence_quality_plot.yaml",
                "multiqc/broad_peak/multiqc_data/fastqc_per_sequence_gc_content_plot_Counts.yaml",
                "multiqc/broad_peak/multiqc_data/fastqc_per_sequence_gc_content_plot_Percentages.yaml",
                "multiqc/broad_peak/multiqc_data/fastqc_per_sequence_quality_scores_plot.yaml",
                "multiqc/broad_peak/multiqc_data/fastqc_sequence_counts_plot.yaml",
                "multiqc/broad_peak/multiqc_data/fastqc_sequence_duplication_levels_plot.yaml",
                "multiqc/broad_peak/multiqc_data/fastqc_sequence_length_distribution_plot.yaml",
                "multiqc/broad_peak/multiqc_data/fastqc_top_overrepresented_sequences_table.yaml",
                "multiqc/broad_peak/multiqc_data/featureCounts_assignment_plot.yaml",
                "multiqc/broad_peak/multiqc_data/llms-full.txt",
                "multiqc/broad_peak/multiqc_data/multiqc.log",
                "multiqc/broad_peak/multiqc_data/multiqc.parquet",
                "multiqc/broad_peak/multiqc_data/multiqc_citations.yaml",
                "multiqc/broad_peak/multiqc_data/multiqc_cutadapt.yaml",
                "multiqc/broad_peak/multiqc_data/multiqc_data.json",
                "multiqc/broad_peak/multiqc_data/multiqc_deseq2_clustering_1.yaml",
                "multiqc/broad_peak/multiqc_data/multiqc_deseq2_pca_1.yaml",
                "multiqc/broad_peak/multiqc_data/multiqc_fastqc.yaml",
                "multiqc/broad_peak/multiqc_data/multiqc_fastqc_fastqc-1.yaml",
                "multiqc/broad_peak/multiqc_data/multiqc_featurecounts.yaml",
                "multiqc/broad_peak/multiqc_data/multiqc_frip_score.yaml",
                "multiqc/broad_peak/multiqc_data/multiqc_nsc_coefficient.yaml",
                "multiqc/broad_peak/multiqc_data/multiqc_peak_annotation.yaml",
                "multiqc/broad_peak/multiqc_data/multiqc_peak_count.yaml",
                "multiqc/broad_peak/multiqc_data/multiqc_phantompeakqualtools.yaml",
                "multiqc/broad_peak/multiqc_data/multiqc_picard-1_AlignmentSummaryMetrics_picard-1.yaml",
                "multiqc/broad_peak/multiqc_data/multiqc_picard-1_insertSize_picard-1.yaml",
                "multiqc/broad_peak/multiqc_data/multiqc_picard-1_quality_by_cycle_picard-1.yaml",
                "multiqc/broad_peak/multiqc_data/multiqc_picard-1_quality_score_distribution_picard-1.yaml",
                "multiqc/broad_peak/multiqc_data/multiqc_picard_baseContent_picard-1.yaml",
                "multiqc/broad_peak/multiqc_data/multiqc_picard_dups.yaml",
                "multiqc/broad_peak/multiqc_data/multiqc_rsc_coefficient.yaml",
                "multiqc/broad_peak/multiqc_data/multiqc_samtools_flagstat.yaml",
                "multiqc/broad_peak/multiqc_data/multiqc_samtools_flagstat_samtools-1.yaml",
                "multiqc/broad_peak/multiqc_data/multiqc_samtools_flagstat_samtools-2.yaml",
                "multiqc/broad_peak/multiqc_data/multiqc_samtools_idxstats.yaml",
                "multiqc/broad_peak/multiqc_data/multiqc_samtools_idxstats_samtools-1.yaml",
                "multiqc/broad_peak/multiqc_data/multiqc_samtools_idxstats_samtools-2.yaml",
                "multiqc/broad_peak/multiqc_data/multiqc_samtools_stats.yaml",
                "multiqc/broad_peak/multiqc_data/multiqc_samtools_stats_samtools-1.yaml",
                "multiqc/broad_peak/multiqc_data/multiqc_samtools_stats_samtools-2.yaml",
                "multiqc/broad_peak/multiqc_data/multiqc_software_versions.yaml",
                "multiqc/broad_peak/multiqc_data/multiqc_sources.yaml",
                "multiqc/broad_peak/multiqc_data/multiqc_strand_shift_correlation.yaml",
                "multiqc/broad_peak/multiqc_data/picard-1_MarkIlluminaAdapters_histogram_picard-1.yaml",
                "multiqc/broad_peak/multiqc_data/picard-1_MeanQualityByCycle_histogram_picard-1.yaml",
                "multiqc/broad_peak/multiqc_data/picard-1_MeanQualityByCycle_histogram_picard-1_1.yaml",
                "multiqc/broad_peak/multiqc_data/picard-1_QualityScoreDistribution_histogram_picard-1.yaml",
                "multiqc/broad_peak/multiqc_data/picard-1_alignment_readlength_plot.yaml",
                "multiqc/broad_peak/multiqc_data/picard-1_alignment_summary_Aligned_Bases.yaml",
                "multiqc/broad_peak/multiqc_data/picard-1_alignment_summary_Aligned_Reads.yaml",
                "multiqc/broad_peak/multiqc_data/picard-1_insert_size_Counts.yaml",
                "multiqc/broad_peak/multiqc_data/picard-1_insert_size_Percentages.yaml",
                "multiqc/broad_peak/multiqc_data/picard-1_quality_by_cycle.yaml",
                "multiqc/broad_peak/multiqc_data/picard-1_quality_score_distribution.yaml",
                "multiqc/broad_peak/multiqc_data/picard_MarkIlluminaAdapters_histogram.yaml",
                "multiqc/broad_peak/multiqc_data/picard_MeanQualityByCycle_histogram.yaml",
                "multiqc/broad_peak/multiqc_data/picard_MeanQualityByCycle_histogram_1.yaml",
                "multiqc/broad_peak/multiqc_data/picard_QualityScoreDistribution_histogram.yaml",
                "multiqc/broad_peak/multiqc_data/picard_base_distribution_by_cycle__Adenine.yaml",
                "multiqc/broad_peak/multiqc_data/picard_base_distribution_by_cycle__Cytosine.yaml",
                "multiqc/broad_peak/multiqc_data/picard_base_distribution_by_cycle__Guanine.yaml",
                "multiqc/broad_peak/multiqc_data/picard_base_distribution_by_cycle__Thymine.yaml",
                "multiqc/broad_peak/multiqc_data/picard_base_distribution_by_cycle__Undetermined.yaml",
                "multiqc/broad_peak/multiqc_data/picard_deduplication.yaml",
                "multiqc/broad_peak/multiqc_data/read_distribution_profile.yaml",
                "multiqc/broad_peak/multiqc_data/samtools-flagstat-pct-table.yaml",
                "multiqc/broad_peak/multiqc_data/samtools-flagstat-table.yaml",
                "multiqc/broad_peak/multiqc_data/samtools-idxstats-mapped-reads-plot_Normalised_Counts-1.yaml",
                "multiqc/broad_peak/multiqc_data/samtools-idxstats-mapped-reads-plot_Normalised_Counts-2.yaml",
                "multiqc/broad_peak/multiqc_data/samtools-idxstats-mapped-reads-plot_Normalised_Counts.yaml",
                "multiqc/broad_peak/multiqc_data/samtools-idxstats-mapped-reads-plot_Observed_over_Expected_Counts-1.yaml",
                "multiqc/broad_peak/multiqc_data/samtools-idxstats-mapped-reads-plot_Observed_over_Expected_Counts-2.yaml",
                "multiqc/broad_peak/multiqc_data/samtools-idxstats-mapped-reads-plot_Observed_over_Expected_Counts.yaml",
                "multiqc/broad_peak/multiqc_data/samtools-idxstats-mapped-reads-plot_Raw_Counts-1.yaml",
                "multiqc/broad_peak/multiqc_data/samtools-idxstats-mapped-reads-plot_Raw_Counts-2.yaml",
                "multiqc/broad_peak/multiqc_data/samtools-idxstats-mapped-reads-plot_Raw_Counts.yaml",
                "multiqc/broad_peak/multiqc_data/samtools-stats-dp.yaml",
                "multiqc/broad_peak/multiqc_data/samtools_alignment_plot.yaml",
                "multiqc/broad_peak/multiqc_plots",
                "multiqc/broad_peak/multiqc_plots/pdf",
                "multiqc/broad_peak/multiqc_plots/pdf/cutadapt_filtered_reads_plot-cnt.pdf",
                "multiqc/broad_peak/multiqc_plots/pdf/cutadapt_filtered_reads_plot-pct.pdf",
                "multiqc/broad_peak/multiqc_plots/pdf/cutadapt_trimmed_sequences_plot_3_Counts.pdf",
                "multiqc/broad_peak/multiqc_plots/pdf/cutadapt_trimmed_sequences_plot_3_Obs_Exp.pdf",
                "multiqc/broad_peak/multiqc_plots/pdf/deeptools_fingerprint_plot.pdf",
                "multiqc/broad_peak/multiqc_plots/pdf/deseq2_clustering_1.pdf",
                "multiqc/broad_peak/multiqc_plots/pdf/deseq2_pca_1.pdf",
                "multiqc/broad_peak/multiqc_plots/pdf/fastqc-1-status-check-heatmap.pdf",
                "multiqc/broad_peak/multiqc_plots/pdf/fastqc-1_adapter_content_plot.pdf",
                "multiqc/broad_peak/multiqc_plots/pdf/fastqc-1_per_base_n_content_plot.pdf",
                "multiqc/broad_peak/multiqc_plots/pdf/fastqc-1_per_base_sequence_quality_plot.pdf",
                "multiqc/broad_peak/multiqc_plots/pdf/fastqc-1_per_sequence_gc_content_plot_Counts.pdf",
                "multiqc/broad_peak/multiqc_plots/pdf/fastqc-1_per_sequence_gc_content_plot_Percentages.pdf",
                "multiqc/broad_peak/multiqc_plots/pdf/fastqc-1_per_sequence_quality_scores_plot.pdf",
                "multiqc/broad_peak/multiqc_plots/pdf/fastqc-1_sequence_counts_plot-cnt.pdf",
                "multiqc/broad_peak/multiqc_plots/pdf/fastqc-1_sequence_counts_plot-pct.pdf",
                "multiqc/broad_peak/multiqc_plots/pdf/fastqc-1_sequence_duplication_levels_plot.pdf",
                "multiqc/broad_peak/multiqc_plots/pdf/fastqc-1_top_overrepresented_sequences_table.pdf",
                "multiqc/broad_peak/multiqc_plots/pdf/fastqc-status-check-heatmap.pdf",
                "multiqc/broad_peak/multiqc_plots/pdf/fastqc_adapter_content_plot.pdf",
                "multiqc/broad_peak/multiqc_plots/pdf/fastqc_per_base_n_content_plot.pdf",
                "multiqc/broad_peak/multiqc_plots/pdf/fastqc_per_base_sequence_quality_plot.pdf",
                "multiqc/broad_peak/multiqc_plots/pdf/fastqc_per_sequence_gc_content_plot_Counts.pdf",
                "multiqc/broad_peak/multiqc_plots/pdf/fastqc_per_sequence_gc_content_plot_Percentages.pdf",
                "multiqc/broad_peak/multiqc_plots/pdf/fastqc_per_sequence_quality_scores_plot.pdf",
                "multiqc/broad_peak/multiqc_plots/pdf/fastqc_sequence_counts_plot-cnt.pdf",
                "multiqc/broad_peak/multiqc_plots/pdf/fastqc_sequence_counts_plot-pct.pdf",
                "multiqc/broad_peak/multiqc_plots/pdf/fastqc_sequence_duplication_levels_plot.pdf",
                "multiqc/broad_peak/multiqc_plots/pdf/fastqc_sequence_length_distribution_plot.pdf",
                "multiqc/broad_peak/multiqc_plots/pdf/fastqc_top_overrepresented_sequences_table.pdf",
                "multiqc/broad_peak/multiqc_plots/pdf/featureCounts_assignment_plot-cnt.pdf",
                "multiqc/broad_peak/multiqc_plots/pdf/featureCounts_assignment_plot-pct.pdf",
                "multiqc/broad_peak/multiqc_plots/pdf/frip_score-cnt.pdf",
                "multiqc/broad_peak/multiqc_plots/pdf/frip_score-pct.pdf",
                "multiqc/broad_peak/multiqc_plots/pdf/nsc_coefficient-cnt.pdf",
                "multiqc/broad_peak/multiqc_plots/pdf/nsc_coefficient-pct.pdf",
                "multiqc/broad_peak/multiqc_plots/pdf/peak_annotation-cnt.pdf",
                "multiqc/broad_peak/multiqc_plots/pdf/peak_annotation-pct.pdf",
                "multiqc/broad_peak/multiqc_plots/pdf/peak_count-cnt.pdf",
                "multiqc/broad_peak/multiqc_plots/pdf/peak_count-pct.pdf",
                "multiqc/broad_peak/multiqc_plots/pdf/picard-1_alignment_readlength_plot.pdf",
                "multiqc/broad_peak/multiqc_plots/pdf/picard-1_alignment_summary_Aligned_Bases-cnt.pdf",
                "multiqc/broad_peak/multiqc_plots/pdf/picard-1_alignment_summary_Aligned_Bases-pct.pdf",
                "multiqc/broad_peak/multiqc_plots/pdf/picard-1_alignment_summary_Aligned_Reads-cnt.pdf",
                "multiqc/broad_peak/multiqc_plots/pdf/picard-1_alignment_summary_Aligned_Reads-pct.pdf",
                "multiqc/broad_peak/multiqc_plots/pdf/picard-1_insert_size_Counts.pdf",
                "multiqc/broad_peak/multiqc_plots/pdf/picard-1_insert_size_Percentages.pdf",
                "multiqc/broad_peak/multiqc_plots/pdf/picard-1_quality_by_cycle.pdf",
                "multiqc/broad_peak/multiqc_plots/pdf/picard-1_quality_score_distribution.pdf",
                "multiqc/broad_peak/multiqc_plots/pdf/picard_base_distribution_by_cycle__Adenine.pdf",
                "multiqc/broad_peak/multiqc_plots/pdf/picard_base_distribution_by_cycle__Cytosine.pdf",
                "multiqc/broad_peak/multiqc_plots/pdf/picard_base_distribution_by_cycle__Guanine.pdf",
                "multiqc/broad_peak/multiqc_plots/pdf/picard_base_distribution_by_cycle__Thymine.pdf",
                "multiqc/broad_peak/multiqc_plots/pdf/picard_base_distribution_by_cycle__Undetermined.pdf",
                "multiqc/broad_peak/multiqc_plots/pdf/picard_deduplication-cnt.pdf",
                "multiqc/broad_peak/multiqc_plots/pdf/picard_deduplication-pct.pdf",
                "multiqc/broad_peak/multiqc_plots/pdf/read_distribution_profile.pdf",
                "multiqc/broad_peak/multiqc_plots/pdf/rsc_coefficient-cnt.pdf",
                "multiqc/broad_peak/multiqc_plots/pdf/rsc_coefficient-pct.pdf",
                "multiqc/broad_peak/multiqc_plots/pdf/samtools-flagstat-pct-table.pdf",
                "multiqc/broad_peak/multiqc_plots/pdf/samtools-flagstat-table.pdf",
                "multiqc/broad_peak/multiqc_plots/pdf/samtools-idxstats-mapped-reads-plot_Normalised_Counts-1-cnt.pdf",
                "multiqc/broad_peak/multiqc_plots/pdf/samtools-idxstats-mapped-reads-plot_Normalised_Counts-1-log.pdf",
                "multiqc/broad_peak/multiqc_plots/pdf/samtools-idxstats-mapped-reads-plot_Normalised_Counts-2-cnt.pdf",
                "multiqc/broad_peak/multiqc_plots/pdf/samtools-idxstats-mapped-reads-plot_Normalised_Counts-2-log.pdf",
                "multiqc/broad_peak/multiqc_plots/pdf/samtools-idxstats-mapped-reads-plot_Normalised_Counts-cnt.pdf",
                "multiqc/broad_peak/multiqc_plots/pdf/samtools-idxstats-mapped-reads-plot_Normalised_Counts-log.pdf",
                "multiqc/broad_peak/multiqc_plots/pdf/samtools-idxstats-mapped-reads-plot_Observed_over_Expected_Counts-1-cnt.pdf",
                "multiqc/broad_peak/multiqc_plots/pdf/samtools-idxstats-mapped-reads-plot_Observed_over_Expected_Counts-1-log.pdf",
                "multiqc/broad_peak/multiqc_plots/pdf/samtools-idxstats-mapped-reads-plot_Observed_over_Expected_Counts-2-cnt.pdf",
                "multiqc/broad_peak/multiqc_plots/pdf/samtools-idxstats-mapped-reads-plot_Observed_over_Expected_Counts-2-log.pdf",
                "multiqc/broad_peak/multiqc_plots/pdf/samtools-idxstats-mapped-reads-plot_Observed_over_Expected_Counts-cnt.pdf",
                "multiqc/broad_peak/multiqc_plots/pdf/samtools-idxstats-mapped-reads-plot_Observed_over_Expected_Counts-log.pdf",
                "multiqc/broad_peak/multiqc_plots/pdf/samtools-idxstats-mapped-reads-plot_Raw_Counts-1-cnt.pdf",
                "multiqc/broad_peak/multiqc_plots/pdf/samtools-idxstats-mapped-reads-plot_Raw_Counts-1-log.pdf",
                "multiqc/broad_peak/multiqc_plots/pdf/samtools-idxstats-mapped-reads-plot_Raw_Counts-2-cnt.pdf",
                "multiqc/broad_peak/multiqc_plots/pdf/samtools-idxstats-mapped-reads-plot_Raw_Counts-2-log.pdf",
                "multiqc/broad_peak/multiqc_plots/pdf/samtools-idxstats-mapped-reads-plot_Raw_Counts-cnt.pdf",
                "multiqc/broad_peak/multiqc_plots/pdf/samtools-idxstats-mapped-reads-plot_Raw_Counts-log.pdf",
                "multiqc/broad_peak/multiqc_plots/pdf/samtools-stats-dp.pdf",
                "multiqc/broad_peak/multiqc_plots/pdf/samtools_alignment_plot-cnt.pdf",
                "multiqc/broad_peak/multiqc_plots/pdf/samtools_alignment_plot-pct.pdf",
                "multiqc/broad_peak/multiqc_plots/pdf/strand_shift_correlation.pdf",
                "multiqc/broad_peak/multiqc_plots/png",
                "multiqc/broad_peak/multiqc_plots/png/cutadapt_filtered_reads_plot-cnt.png",
                "multiqc/broad_peak/multiqc_plots/png/cutadapt_filtered_reads_plot-pct.png",
                "multiqc/broad_peak/multiqc_plots/png/cutadapt_trimmed_sequences_plot_3_Counts.png",
                "multiqc/broad_peak/multiqc_plots/png/cutadapt_trimmed_sequences_plot_3_Obs_Exp.png",
                "multiqc/broad_peak/multiqc_plots/png/deeptools_fingerprint_plot.png",
                "multiqc/broad_peak/multiqc_plots/png/deseq2_clustering_1.png",
                "multiqc/broad_peak/multiqc_plots/png/deseq2_pca_1.png",
                "multiqc/broad_peak/multiqc_plots/png/fastqc-1-status-check-heatmap.png",
                "multiqc/broad_peak/multiqc_plots/png/fastqc-1_adapter_content_plot.png",
                "multiqc/broad_peak/multiqc_plots/png/fastqc-1_per_base_n_content_plot.png",
                "multiqc/broad_peak/multiqc_plots/png/fastqc-1_per_base_sequence_quality_plot.png",
                "multiqc/broad_peak/multiqc_plots/png/fastqc-1_per_sequence_gc_content_plot_Counts.png",
                "multiqc/broad_peak/multiqc_plots/png/fastqc-1_per_sequence_gc_content_plot_Percentages.png",
                "multiqc/broad_peak/multiqc_plots/png/fastqc-1_per_sequence_quality_scores_plot.png",
                "multiqc/broad_peak/multiqc_plots/png/fastqc-1_sequence_counts_plot-cnt.png",
                "multiqc/broad_peak/multiqc_plots/png/fastqc-1_sequence_counts_plot-pct.png",
                "multiqc/broad_peak/multiqc_plots/png/fastqc-1_sequence_duplication_levels_plot.png",
                "multiqc/broad_peak/multiqc_plots/png/fastqc-1_top_overrepresented_sequences_table.png",
                "multiqc/broad_peak/multiqc_plots/png/fastqc-status-check-heatmap.png",
                "multiqc/broad_peak/multiqc_plots/png/fastqc_adapter_content_plot.png",
                "multiqc/broad_peak/multiqc_plots/png/fastqc_per_base_n_content_plot.png",
                "multiqc/broad_peak/multiqc_plots/png/fastqc_per_base_sequence_quality_plot.png",
                "multiqc/broad_peak/multiqc_plots/png/fastqc_per_sequence_gc_content_plot_Counts.png",
                "multiqc/broad_peak/multiqc_plots/png/fastqc_per_sequence_gc_content_plot_Percentages.png",
                "multiqc/broad_peak/multiqc_plots/png/fastqc_per_sequence_quality_scores_plot.png",
                "multiqc/broad_peak/multiqc_plots/png/fastqc_sequence_counts_plot-cnt.png",
                "multiqc/broad_peak/multiqc_plots/png/fastqc_sequence_counts_plot-pct.png",
                "multiqc/broad_peak/multiqc_plots/png/fastqc_sequence_duplication_levels_plot.png",
                "multiqc/broad_peak/multiqc_plots/png/fastqc_sequence_length_distribution_plot.png",
                "multiqc/broad_peak/multiqc_plots/png/fastqc_top_overrepresented_sequences_table.png",
                "multiqc/broad_peak/multiqc_plots/png/featureCounts_assignment_plot-cnt.png",
                "multiqc/broad_peak/multiqc_plots/png/featureCounts_assignment_plot-pct.png",
                "multiqc/broad_peak/multiqc_plots/png/frip_score-cnt.png",
                "multiqc/broad_peak/multiqc_plots/png/frip_score-pct.png",
                "multiqc/broad_peak/multiqc_plots/png/nsc_coefficient-cnt.png",
                "multiqc/broad_peak/multiqc_plots/png/nsc_coefficient-pct.png",
                "multiqc/broad_peak/multiqc_plots/png/peak_annotation-cnt.png",
                "multiqc/broad_peak/multiqc_plots/png/peak_annotation-pct.png",
                "multiqc/broad_peak/multiqc_plots/png/peak_count-cnt.png",
                "multiqc/broad_peak/multiqc_plots/png/peak_count-pct.png",
                "multiqc/broad_peak/multiqc_plots/png/picard-1_alignment_readlength_plot.png",
                "multiqc/broad_peak/multiqc_plots/png/picard-1_alignment_summary_Aligned_Bases-cnt.png",
                "multiqc/broad_peak/multiqc_plots/png/picard-1_alignment_summary_Aligned_Bases-pct.png",
                "multiqc/broad_peak/multiqc_plots/png/picard-1_alignment_summary_Aligned_Reads-cnt.png",
                "multiqc/broad_peak/multiqc_plots/png/picard-1_alignment_summary_Aligned_Reads-pct.png",
                "multiqc/broad_peak/multiqc_plots/png/picard-1_insert_size_Counts.png",
                "multiqc/broad_peak/multiqc_plots/png/picard-1_insert_size_Percentages.png",
                "multiqc/broad_peak/multiqc_plots/png/picard-1_quality_by_cycle.png",
                "multiqc/broad_peak/multiqc_plots/png/picard-1_quality_score_distribution.png",
                "multiqc/broad_peak/multiqc_plots/png/picard_base_distribution_by_cycle__Adenine.png",
                "multiqc/broad_peak/multiqc_plots/png/picard_base_distribution_by_cycle__Cytosine.png",
                "multiqc/broad_peak/multiqc_plots/png/picard_base_distribution_by_cycle__Guanine.png",
                "multiqc/broad_peak/multiqc_plots/png/picard_base_distribution_by_cycle__Thymine.png",
                "multiqc/broad_peak/multiqc_plots/png/picard_base_distribution_by_cycle__Undetermined.png",
                "multiqc/broad_peak/multiqc_plots/png/picard_deduplication-cnt.png",
                "multiqc/broad_peak/multiqc_plots/png/picard_deduplication-pct.png",
                "multiqc/broad_peak/multiqc_plots/png/read_distribution_profile.png",
                "multiqc/broad_peak/multiqc_plots/png/rsc_coefficient-cnt.png",
                "multiqc/broad_peak/multiqc_plots/png/rsc_coefficient-pct.png",
                "multiqc/broad_peak/multiqc_plots/png/samtools-flagstat-pct-table.png",
                "multiqc/broad_peak/multiqc_plots/png/samtools-flagstat-table.png",
                "multiqc/broad_peak/multiqc_plots/png/samtools-idxstats-mapped-reads-plot_Normalised_Counts-1-cnt.png",
                "multiqc/broad_peak/multiqc_plots/png/samtools-idxstats-mapped-reads-plot_Normalised_Counts-1-log.png",
                "multiqc/broad_peak/multiqc_plots/png/samtools-idxstats-mapped-reads-plot_Normalised_Counts-2-cnt.png",
                "multiqc/broad_peak/multiqc_plots/png/samtools-idxstats-mapped-reads-plot_Normalised_Counts-2-log.png",
                "multiqc/broad_peak/multiqc_plots/png/samtools-idxstats-mapped-reads-plot_Normalised_Counts-cnt.png",
                "multiqc/broad_peak/multiqc_plots/png/samtools-idxstats-mapped-reads-plot_Normalised_Counts-log.png",
                "multiqc/broad_peak/multiqc_plots/png/samtools-idxstats-mapped-reads-plot_Observed_over_Expected_Counts-1-cnt.png",
                "multiqc/broad_peak/multiqc_plots/png/samtools-idxstats-mapped-reads-plot_Observed_over_Expected_Counts-1-log.png",
                "multiqc/broad_peak/multiqc_plots/png/samtools-idxstats-mapped-reads-plot_Observed_over_Expected_Counts-2-cnt.png",
                "multiqc/broad_peak/multiqc_plots/png/samtools-idxstats-mapped-reads-plot_Observed_over_Expected_Counts-2-log.png",
                "multiqc/broad_peak/multiqc_plots/png/samtools-idxstats-mapped-reads-plot_Observed_over_Expected_Counts-cnt.png",
                "multiqc/broad_peak/multiqc_plots/png/samtools-idxstats-mapped-reads-plot_Observed_over_Expected_Counts-log.png",
                "multiqc/broad_peak/multiqc_plots/png/samtools-idxstats-mapped-reads-plot_Raw_Counts-1-cnt.png",
                "multiqc/broad_peak/multiqc_plots/png/samtools-idxstats-mapped-reads-plot_Raw_Counts-1-log.png",
                "multiqc/broad_peak/multiqc_plots/png/samtools-idxstats-mapped-reads-plot_Raw_Counts-2-cnt.png",
                "multiqc/broad_peak/multiqc_plots/png/samtools-idxstats-mapped-reads-plot_Raw_Counts-2-log.png",
                "multiqc/broad_peak/multiqc_plots/png/samtools-idxstats-mapped-reads-plot_Raw_Counts-cnt.png",
                "multiqc/broad_peak/multiqc_plots/png/samtools-idxstats-mapped-reads-plot_Raw_Counts-log.png",
                "multiqc/broad_peak/multiqc_plots/png/samtools-stats-dp.png",
                "multiqc/broad_peak/multiqc_plots/png/samtools_alignment_plot-cnt.png",
                "multiqc/broad_peak/multiqc_plots/png/samtools_alignment_plot-pct.png",
                "multiqc/broad_peak/multiqc_plots/png/strand_shift_correlation.png",
                "multiqc/broad_peak/multiqc_plots/svg",
                "multiqc/broad_peak/multiqc_plots/svg/cutadapt_filtered_reads_plot-cnt.svg",
                "multiqc/broad_peak/multiqc_plots/svg/cutadapt_filtered_reads_plot-pct.svg",
                "multiqc/broad_peak/multiqc_plots/svg/cutadapt_trimmed_sequences_plot_3_Counts.svg",
                "multiqc/broad_peak/multiqc_plots/svg/cutadapt_trimmed_sequences_plot_3_Obs_Exp.svg",
                "multiqc/broad_peak/multiqc_plots/svg/deeptools_fingerprint_plot.svg",
                "multiqc/broad_peak/multiqc_plots/svg/deseq2_clustering_1.svg",
                "multiqc/broad_peak/multiqc_plots/svg/deseq2_pca_1.svg",
                "multiqc/broad_peak/multiqc_plots/svg/fastqc-1-status-check-heatmap.svg",
                "multiqc/broad_peak/multiqc_plots/svg/fastqc-1_adapter_content_plot.svg",
                "multiqc/broad_peak/multiqc_plots/svg/fastqc-1_per_base_n_content_plot.svg",
                "multiqc/broad_peak/multiqc_plots/svg/fastqc-1_per_base_sequence_quality_plot.svg",
                "multiqc/broad_peak/multiqc_plots/svg/fastqc-1_per_sequence_gc_content_plot_Counts.svg",
                "multiqc/broad_peak/multiqc_plots/svg/fastqc-1_per_sequence_gc_content_plot_Percentages.svg",
                "multiqc/broad_peak/multiqc_plots/svg/fastqc-1_per_sequence_quality_scores_plot.svg",
                "multiqc/broad_peak/multiqc_plots/svg/fastqc-1_sequence_counts_plot-cnt.svg",
                "multiqc/broad_peak/multiqc_plots/svg/fastqc-1_sequence_counts_plot-pct.svg",
                "multiqc/broad_peak/multiqc_plots/svg/fastqc-1_sequence_duplication_levels_plot.svg",
                "multiqc/broad_peak/multiqc_plots/svg/fastqc-1_top_overrepresented_sequences_table.svg",
                "multiqc/broad_peak/multiqc_plots/svg/fastqc-status-check-heatmap.svg",
                "multiqc/broad_peak/multiqc_plots/svg/fastqc_adapter_content_plot.svg",
                "multiqc/broad_peak/multiqc_plots/svg/fastqc_per_base_n_content_plot.svg",
                "multiqc/broad_peak/multiqc_plots/svg/fastqc_per_base_sequence_quality_plot.svg",
                "multiqc/broad_peak/multiqc_plots/svg/fastqc_per_sequence_gc_content_plot_Counts.svg",
                "multiqc/broad_peak/multiqc_plots/svg/fastqc_per_sequence_gc_content_plot_Percentages.svg",
                "multiqc/broad_peak/multiqc_plots/svg/fastqc_per_sequence_quality_scores_plot.svg",
                "multiqc/broad_peak/multiqc_plots/svg/fastqc_sequence_counts_plot-cnt.svg",
                "multiqc/broad_peak/multiqc_plots/svg/fastqc_sequence_counts_plot-pct.svg",
                "multiqc/broad_peak/multiqc_plots/svg/fastqc_sequence_duplication_levels_plot.svg",
                "multiqc/broad_peak/multiqc_plots/svg/fastqc_sequence_length_distribution_plot.svg",
                "multiqc/broad_peak/multiqc_plots/svg/fastqc_top_overrepresented_sequences_table.svg",
                "multiqc/broad_peak/multiqc_plots/svg/featureCounts_assignment_plot-cnt.svg",
                "multiqc/broad_peak/multiqc_plots/svg/featureCounts_assignment_plot-pct.svg",
                "multiqc/broad_peak/multiqc_plots/svg/frip_score-cnt.svg",
                "multiqc/broad_peak/multiqc_plots/svg/frip_score-pct.svg",
                "multiqc/broad_peak/multiqc_plots/svg/nsc_coefficient-cnt.svg",
                "multiqc/broad_peak/multiqc_plots/svg/nsc_coefficient-pct.svg",
                "multiqc/broad_peak/multiqc_plots/svg/peak_annotation-cnt.svg",
                "multiqc/broad_peak/multiqc_plots/svg/peak_annotation-pct.svg",
                "multiqc/broad_peak/multiqc_plots/svg/peak_count-cnt.svg",
                "multiqc/broad_peak/multiqc_plots/svg/peak_count-pct.svg",
                "multiqc/broad_peak/multiqc_plots/svg/picard-1_alignment_readlength_plot.svg",
                "multiqc/broad_peak/multiqc_plots/svg/picard-1_alignment_summary_Aligned_Bases-cnt.svg",
                "multiqc/broad_peak/multiqc_plots/svg/picard-1_alignment_summary_Aligned_Bases-pct.svg",
                "multiqc/broad_peak/multiqc_plots/svg/picard-1_alignment_summary_Aligned_Reads-cnt.svg",
                "multiqc/broad_peak/multiqc_plots/svg/picard-1_alignment_summary_Aligned_Reads-pct.svg",
                "multiqc/broad_peak/multiqc_plots/svg/picard-1_insert_size_Counts.svg",
                "multiqc/broad_peak/multiqc_plots/svg/picard-1_insert_size_Percentages.svg",
                "multiqc/broad_peak/multiqc_plots/svg/picard-1_quality_by_cycle.svg",
                "multiqc/broad_peak/multiqc_plots/svg/picard-1_quality_score_distribution.svg",
                "multiqc/broad_peak/multiqc_plots/svg/picard_base_distribution_by_cycle__Adenine.svg",
                "multiqc/broad_peak/multiqc_plots/svg/picard_base_distribution_by_cycle__Cytosine.svg",
                "multiqc/broad_peak/multiqc_plots/svg/picard_base_distribution_by_cycle__Guanine.svg",
                "multiqc/broad_peak/multiqc_plots/svg/picard_base_distribution_by_cycle__Thymine.svg",
                "multiqc/broad_peak/multiqc_plots/svg/picard_base_distribution_by_cycle__Undetermined.svg",
                "multiqc/broad_peak/multiqc_plots/svg/picard_deduplication-cnt.svg",
                "multiqc/broad_peak/multiqc_plots/svg/picard_deduplication-pct.svg",
                "multiqc/broad_peak/multiqc_plots/svg/read_distribution_profile.svg",
                "multiqc/broad_peak/multiqc_plots/svg/rsc_coefficient-cnt.svg",
                "multiqc/broad_peak/multiqc_plots/svg/rsc_coefficient-pct.svg",
                "multiqc/broad_peak/multiqc_plots/svg/samtools-flagstat-pct-table.svg",
                "multiqc/broad_peak/multiqc_plots/svg/samtools-flagstat-table.svg",
                "multiqc/broad_peak/multiqc_plots/svg/samtools-idxstats-mapped-reads-plot_Normalised_Counts-1-cnt.svg",
                "multiqc/broad_peak/multiqc_plots/svg/samtools-idxstats-mapped-reads-plot_Normalised_Counts-1-log.svg",
                "multiqc/broad_peak/multiqc_plots/svg/samtools-idxstats-mapped-reads-plot_Normalised_Counts-2-cnt.svg",
                "multiqc/broad_peak/multiqc_plots/svg/samtools-idxstats-mapped-reads-plot_Normalised_Counts-2-log.svg",
                "multiqc/broad_peak/multiqc_plots/svg/samtools-idxstats-mapped-reads-plot_Normalised_Counts-cnt.svg",
                "multiqc/broad_peak/multiqc_plots/svg/samtools-idxstats-mapped-reads-plot_Normalised_Counts-log.svg",
                "multiqc/broad_peak/multiqc_plots/svg/samtools-idxstats-mapped-reads-plot_Observed_over_Expected_Counts-1-cnt.svg",
                "multiqc/broad_peak/multiqc_plots/svg/samtools-idxstats-mapped-reads-plot_Observed_over_Expected_Counts-1-log.svg",
                "multiqc/broad_peak/multiqc_plots/svg/samtools-idxstats-mapped-reads-plot_Observed_over_Expected_Counts-2-cnt.svg",
                "multiqc/broad_peak/multiqc_plots/svg/samtools-idxstats-mapped-reads-plot_Observed_over_Expected_Counts-2-log.svg",
                "multiqc/broad_peak/multiqc_plots/svg/samtools-idxstats-mapped-reads-plot_Observed_over_Expected_Counts-cnt.svg",
                "multiqc/broad_peak/multiqc_plots/svg/samtools-idxstats-mapped-reads-plot_Observed_over_Expected_Counts-log.svg",
                "multiqc/broad_peak/multiqc_plots/svg/samtools-idxstats-mapped-reads-plot_Raw_Counts-1-cnt.svg",
                "multiqc/broad_peak/multiqc_plots/svg/samtools-idxstats-mapped-reads-plot_Raw_Counts-1-log.svg",
                "multiqc/broad_peak/multiqc_plots/svg/samtools-idxstats-mapped-reads-plot_Raw_Counts-2-cnt.svg",
                "multiqc/broad_peak/multiqc_plots/svg/samtools-idxstats-mapped-reads-plot_Raw_Counts-2-log.svg",
                "multiqc/broad_peak/multiqc_plots/svg/samtools-idxstats-mapped-reads-plot_Raw_Counts-cnt.svg",
                "multiqc/broad_peak/multiqc_plots/svg/samtools-idxstats-mapped-reads-plot_Raw_Counts-log.svg",
                "multiqc/broad_peak/multiqc_plots/svg/samtools-stats-dp.svg",
                "multiqc/broad_peak/multiqc_plots/svg/samtools_alignment_plot-cnt.svg",
                "multiqc/broad_peak/multiqc_plots/svg/samtools_alignment_plot-pct.svg",
                "multiqc/broad_peak/multiqc_plots/svg/strand_shift_correlation.svg",
                "multiqc/broad_peak/multiqc_report.html",
                "pipeline_info",
                "pipeline_info/nf_core_chipseq_software_mqc_versions.yml",
                "pipeline_info/samplesheet.valid.csv",
                "star",
                "star/library",
                "star/library/log",
                "star/library/log/SPT5_INPUT_REP1_T1.Log.final.out",
                "star/library/log/SPT5_INPUT_REP1_T1.Log.out",
                "star/library/log/SPT5_INPUT_REP1_T1.Log.progress.out",
                "star/library/log/SPT5_INPUT_REP1_T1.SJ.out.tab",
                "star/library/log/SPT5_INPUT_REP2_T1.Log.final.out",
                "star/library/log/SPT5_INPUT_REP2_T1.Log.out",
                "star/library/log/SPT5_INPUT_REP2_T1.Log.progress.out",
                "star/library/log/SPT5_INPUT_REP2_T1.SJ.out.tab",
                "star/library/log/SPT5_T0_REP1_T1.Log.final.out",
                "star/library/log/SPT5_T0_REP1_T1.Log.out",
                "star/library/log/SPT5_T0_REP1_T1.Log.progress.out",
                "star/library/log/SPT5_T0_REP1_T1.SJ.out.tab",
                "star/library/log/SPT5_T0_REP2_T1.Log.final.out",
                "star/library/log/SPT5_T0_REP2_T1.Log.out",
                "star/library/log/SPT5_T0_REP2_T1.Log.progress.out",
                "star/library/log/SPT5_T0_REP2_T1.SJ.out.tab",
                "star/library/log/SPT5_T15_REP1_T1.Log.final.out",
                "star/library/log/SPT5_T15_REP1_T1.Log.out",
                "star/library/log/SPT5_T15_REP1_T1.Log.progress.out",
                "star/library/log/SPT5_T15_REP1_T1.SJ.out.tab",
                "star/library/log/SPT5_T15_REP2_T1.Log.final.out",
                "star/library/log/SPT5_T15_REP2_T1.Log.out",
                "star/library/log/SPT5_T15_REP2_T1.Log.progress.out",
                "star/library/log/SPT5_T15_REP2_T1.SJ.out.tab",
                "star/merged_library",
                "star/merged_library/SPT5_INPUT_REP1.mLb.clN.sorted.bam",
                "star/merged_library/SPT5_INPUT_REP1.mLb.clN.sorted.bam.bai",
                "star/merged_library/SPT5_INPUT_REP2.mLb.clN.sorted.bam",
                "star/merged_library/SPT5_INPUT_REP2.mLb.clN.sorted.bam.bai",
                "star/merged_library/SPT5_T0_REP1.mLb.clN.sorted.bam",
                "star/merged_library/SPT5_T0_REP1.mLb.clN.sorted.bam.bai",
                "star/merged_library/SPT5_T0_REP2.mLb.clN.sorted.bam",
                "star/merged_library/SPT5_T0_REP2.mLb.clN.sorted.bam.bai",
                "star/merged_library/SPT5_T15_REP1.mLb.clN.sorted.bam",
                "star/merged_library/SPT5_T15_REP1.mLb.clN.sorted.bam.bai",
                "star/merged_library/SPT5_T15_REP2.mLb.clN.sorted.bam",
                "star/merged_library/SPT5_T15_REP2.mLb.clN.sorted.bam.bai",
                "star/merged_library/bigwig",
                "star/merged_library/bigwig/SPT5_INPUT_REP1.mLb.clN.bedGraph",
                "star/merged_library/bigwig/SPT5_INPUT_REP1.mLb.clN.bigWig",
                "star/merged_library/bigwig/SPT5_INPUT_REP2.mLb.clN.bedGraph",
                "star/merged_library/bigwig/SPT5_INPUT_REP2.mLb.clN.bigWig",
                "star/merged_library/bigwig/SPT5_T0_REP1.mLb.clN.bedGraph",
                "star/merged_library/bigwig/SPT5_T0_REP1.mLb.clN.bigWig",
                "star/merged_library/bigwig/SPT5_T0_REP2.mLb.clN.bedGraph",
                "star/merged_library/bigwig/SPT5_T0_REP2.mLb.clN.bigWig",
                "star/merged_library/bigwig/SPT5_T15_REP1.mLb.clN.bedGraph",
                "star/merged_library/bigwig/SPT5_T15_REP1.mLb.clN.bigWig",
                "star/merged_library/bigwig/SPT5_T15_REP2.mLb.clN.bedGraph",
                "star/merged_library/bigwig/SPT5_T15_REP2.mLb.clN.bigWig",
                "star/merged_library/deepTools",
                "star/merged_library/deepTools/plotFingerprint",
                "star/merged_library/deepTools/plotFingerprint/SPT5_T0_REP1.mLb.clN.plotFingerprint.pdf",
                "star/merged_library/deepTools/plotFingerprint/SPT5_T0_REP1.mLb.clN.plotFingerprint.qcmetrics.txt",
                "star/merged_library/deepTools/plotFingerprint/SPT5_T0_REP1.mLb.clN.plotFingerprint.raw.txt",
                "star/merged_library/deepTools/plotFingerprint/SPT5_T0_REP2.mLb.clN.plotFingerprint.pdf",
                "star/merged_library/deepTools/plotFingerprint/SPT5_T0_REP2.mLb.clN.plotFingerprint.qcmetrics.txt",
                "star/merged_library/deepTools/plotFingerprint/SPT5_T0_REP2.mLb.clN.plotFingerprint.raw.txt",
                "star/merged_library/deepTools/plotFingerprint/SPT5_T15_REP1.mLb.clN.plotFingerprint.pdf",
                "star/merged_library/deepTools/plotFingerprint/SPT5_T15_REP1.mLb.clN.plotFingerprint.qcmetrics.txt",
                "star/merged_library/deepTools/plotFingerprint/SPT5_T15_REP1.mLb.clN.plotFingerprint.raw.txt",
                "star/merged_library/deepTools/plotFingerprint/SPT5_T15_REP2.mLb.clN.plotFingerprint.pdf",
                "star/merged_library/deepTools/plotFingerprint/SPT5_T15_REP2.mLb.clN.plotFingerprint.qcmetrics.txt",
                "star/merged_library/deepTools/plotFingerprint/SPT5_T15_REP2.mLb.clN.plotFingerprint.raw.txt",
                "star/merged_library/deepTools/plotProfile",
                "star/merged_library/deepTools/plotProfile/SPT5_INPUT_REP1.mLb.clN.computeMatrix.mat.gz",
                "star/merged_library/deepTools/plotProfile/SPT5_INPUT_REP1.mLb.clN.computeMatrix.vals.mat.tab",
                "star/merged_library/deepTools/plotProfile/SPT5_INPUT_REP1.mLb.clN.plotHeatmap.mat.tab",
                "star/merged_library/deepTools/plotProfile/SPT5_INPUT_REP1.mLb.clN.plotHeatmap.pdf",
                "star/merged_library/deepTools/plotProfile/SPT5_INPUT_REP1.mLb.clN.plotProfile.pdf",
                "star/merged_library/deepTools/plotProfile/SPT5_INPUT_REP1.mLb.clN.plotProfile.tab",
                "star/merged_library/deepTools/plotProfile/SPT5_INPUT_REP2.mLb.clN.computeMatrix.mat.gz",
                "star/merged_library/deepTools/plotProfile/SPT5_INPUT_REP2.mLb.clN.computeMatrix.vals.mat.tab",
                "star/merged_library/deepTools/plotProfile/SPT5_INPUT_REP2.mLb.clN.plotHeatmap.mat.tab",
                "star/merged_library/deepTools/plotProfile/SPT5_INPUT_REP2.mLb.clN.plotHeatmap.pdf",
                "star/merged_library/deepTools/plotProfile/SPT5_INPUT_REP2.mLb.clN.plotProfile.pdf",
                "star/merged_library/deepTools/plotProfile/SPT5_INPUT_REP2.mLb.clN.plotProfile.tab",
                "star/merged_library/deepTools/plotProfile/SPT5_T0_REP1.mLb.clN.computeMatrix.mat.gz",
                "star/merged_library/deepTools/plotProfile/SPT5_T0_REP1.mLb.clN.computeMatrix.vals.mat.tab",
                "star/merged_library/deepTools/plotProfile/SPT5_T0_REP1.mLb.clN.plotHeatmap.mat.tab",
                "star/merged_library/deepTools/plotProfile/SPT5_T0_REP1.mLb.clN.plotHeatmap.pdf",
                "star/merged_library/deepTools/plotProfile/SPT5_T0_REP1.mLb.clN.plotProfile.pdf",
                "star/merged_library/deepTools/plotProfile/SPT5_T0_REP1.mLb.clN.plotProfile.tab",
                "star/merged_library/deepTools/plotProfile/SPT5_T0_REP2.mLb.clN.computeMatrix.mat.gz",
                "star/merged_library/deepTools/plotProfile/SPT5_T0_REP2.mLb.clN.computeMatrix.vals.mat.tab",
                "star/merged_library/deepTools/plotProfile/SPT5_T0_REP2.mLb.clN.plotHeatmap.mat.tab",
                "star/merged_library/deepTools/plotProfile/SPT5_T0_REP2.mLb.clN.plotHeatmap.pdf",
                "star/merged_library/deepTools/plotProfile/SPT5_T0_REP2.mLb.clN.plotProfile.pdf",
                "star/merged_library/deepTools/plotProfile/SPT5_T0_REP2.mLb.clN.plotProfile.tab",
                "star/merged_library/deepTools/plotProfile/SPT5_T15_REP1.mLb.clN.computeMatrix.mat.gz",
                "star/merged_library/deepTools/plotProfile/SPT5_T15_REP1.mLb.clN.computeMatrix.vals.mat.tab",
                "star/merged_library/deepTools/plotProfile/SPT5_T15_REP1.mLb.clN.plotHeatmap.mat.tab",
                "star/merged_library/deepTools/plotProfile/SPT5_T15_REP1.mLb.clN.plotHeatmap.pdf",
                "star/merged_library/deepTools/plotProfile/SPT5_T15_REP1.mLb.clN.plotProfile.pdf",
                "star/merged_library/deepTools/plotProfile/SPT5_T15_REP1.mLb.clN.plotProfile.tab",
                "star/merged_library/deepTools/plotProfile/SPT5_T15_REP2.mLb.clN.computeMatrix.mat.gz",
                "star/merged_library/deepTools/plotProfile/SPT5_T15_REP2.mLb.clN.computeMatrix.vals.mat.tab",
                "star/merged_library/deepTools/plotProfile/SPT5_T15_REP2.mLb.clN.plotHeatmap.mat.tab",
                "star/merged_library/deepTools/plotProfile/SPT5_T15_REP2.mLb.clN.plotHeatmap.pdf",
                "star/merged_library/deepTools/plotProfile/SPT5_T15_REP2.mLb.clN.plotProfile.pdf",
                "star/merged_library/deepTools/plotProfile/SPT5_T15_REP2.mLb.clN.plotProfile.tab",
                "star/merged_library/macs3",
                "star/merged_library/macs3/broad_peak",
                "star/merged_library/macs3/broad_peak/SPT5_T0_REP1_peaks.annotatePeaks.txt",
                "star/merged_library/macs3/broad_peak/SPT5_T0_REP1_peaks.broadPeak",
                "star/merged_library/macs3/broad_peak/SPT5_T0_REP1_peaks.gappedPeak",
                "star/merged_library/macs3/broad_peak/SPT5_T0_REP1_peaks.xls",
                "star/merged_library/macs3/broad_peak/SPT5_T0_REP2_peaks.annotatePeaks.txt",
                "star/merged_library/macs3/broad_peak/SPT5_T0_REP2_peaks.broadPeak",
                "star/merged_library/macs3/broad_peak/SPT5_T0_REP2_peaks.gappedPeak",
                "star/merged_library/macs3/broad_peak/SPT5_T0_REP2_peaks.xls",
                "star/merged_library/macs3/broad_peak/SPT5_T15_REP1_peaks.annotatePeaks.txt",
                "star/merged_library/macs3/broad_peak/SPT5_T15_REP1_peaks.broadPeak",
                "star/merged_library/macs3/broad_peak/SPT5_T15_REP1_peaks.gappedPeak",
                "star/merged_library/macs3/broad_peak/SPT5_T15_REP1_peaks.xls",
                "star/merged_library/macs3/broad_peak/SPT5_T15_REP2_peaks.annotatePeaks.txt",
                "star/merged_library/macs3/broad_peak/SPT5_T15_REP2_peaks.broadPeak",
                "star/merged_library/macs3/broad_peak/SPT5_T15_REP2_peaks.gappedPeak",
                "star/merged_library/macs3/broad_peak/SPT5_T15_REP2_peaks.xls",
                "star/merged_library/macs3/broad_peak/consensus",
                "star/merged_library/macs3/broad_peak/consensus/SPT5",
                "star/merged_library/macs3/broad_peak/consensus/SPT5/SPT5.consensus_peaks.annotatePeaks.txt",
                "star/merged_library/macs3/broad_peak/consensus/SPT5/SPT5.consensus_peaks.antibody.txt",
                "star/merged_library/macs3/broad_peak/consensus/SPT5/SPT5.consensus_peaks.bed",
                "star/merged_library/macs3/broad_peak/consensus/SPT5/SPT5.consensus_peaks.boolean.annotatePeaks.txt",
                "star/merged_library/macs3/broad_peak/consensus/SPT5/SPT5.consensus_peaks.boolean.intersect.plot.pdf",
                "star/merged_library/macs3/broad_peak/consensus/SPT5/SPT5.consensus_peaks.boolean.intersect.txt",
                "star/merged_library/macs3/broad_peak/consensus/SPT5/SPT5.consensus_peaks.boolean.txt",
                "star/merged_library/macs3/broad_peak/consensus/SPT5/SPT5.consensus_peaks.featureCounts.tsv",
                "star/merged_library/macs3/broad_peak/consensus/SPT5/SPT5.consensus_peaks.featureCounts.tsv.summary",
                "star/merged_library/macs3/broad_peak/consensus/SPT5/SPT5.consensus_peaks.saf",
                "star/merged_library/macs3/broad_peak/consensus/SPT5/deseq2",
                "star/merged_library/macs3/broad_peak/consensus/SPT5/deseq2/R_sessionInfo.log",
                "star/merged_library/macs3/broad_peak/consensus/SPT5/deseq2/SPT5.consensus_peaks.dds.RData",
                "star/merged_library/macs3/broad_peak/consensus/SPT5/deseq2/SPT5.consensus_peaks.pca.vals.txt",
                "star/merged_library/macs3/broad_peak/consensus/SPT5/deseq2/SPT5.consensus_peaks.pca.vals_mqc.tsv",
                "star/merged_library/macs3/broad_peak/consensus/SPT5/deseq2/SPT5.consensus_peaks.plots.pdf",
                "star/merged_library/macs3/broad_peak/consensus/SPT5/deseq2/SPT5.consensus_peaks.rds",
                "star/merged_library/macs3/broad_peak/consensus/SPT5/deseq2/SPT5.consensus_peaks.sample.dists.txt",
                "star/merged_library/macs3/broad_peak/consensus/SPT5/deseq2/SPT5.consensus_peaks.sample.dists_mqc.tsv",
                "star/merged_library/macs3/broad_peak/consensus/SPT5/deseq2/size_factors",
                "star/merged_library/macs3/broad_peak/consensus/SPT5/deseq2/size_factors/SPT5.consensus_peaks.size_factors.RData",
                "star/merged_library/macs3/broad_peak/consensus/SPT5/deseq2/size_factors/SPT5_T0_REP1.txt",
                "star/merged_library/macs3/broad_peak/consensus/SPT5/deseq2/size_factors/SPT5_T0_REP2.txt",
                "star/merged_library/macs3/broad_peak/consensus/SPT5/deseq2/size_factors/SPT5_T15_REP1.txt",
                "star/merged_library/macs3/broad_peak/consensus/SPT5/deseq2/size_factors/SPT5_T15_REP2.txt",
                "star/merged_library/macs3/broad_peak/qc",
                "star/merged_library/macs3/broad_peak/qc/SPT5_T0_REP1.FRiP_mqc.tsv",
                "star/merged_library/macs3/broad_peak/qc/SPT5_T0_REP1.peak_count_mqc.tsv",
                "star/merged_library/macs3/broad_peak/qc/SPT5_T0_REP2.FRiP_mqc.tsv",
                "star/merged_library/macs3/broad_peak/qc/SPT5_T0_REP2.peak_count_mqc.tsv",
                "star/merged_library/macs3/broad_peak/qc/SPT5_T15_REP1.FRiP_mqc.tsv",
                "star/merged_library/macs3/broad_peak/qc/SPT5_T15_REP1.peak_count_mqc.tsv",
                "star/merged_library/macs3/broad_peak/qc/SPT5_T15_REP2.FRiP_mqc.tsv",
                "star/merged_library/macs3/broad_peak/qc/SPT5_T15_REP2.peak_count_mqc.tsv",
                "star/merged_library/macs3/broad_peak/qc/macs3_annotatePeaks.plots.pdf",
                "star/merged_library/macs3/broad_peak/qc/macs3_annotatePeaks.summary.txt",
                "star/merged_library/macs3/broad_peak/qc/macs3_annotatePeaks.summary_mqc.tsv",
                "star/merged_library/macs3/broad_peak/qc/macs3_peak.plots.pdf",
                "star/merged_library/macs3/broad_peak/qc/macs3_peak.summary.txt",
                "star/merged_library/phantompeakqualtools",
                "star/merged_library/phantompeakqualtools/SPT5_INPUT_REP1.spp.out",
                "star/merged_library/phantompeakqualtools/SPT5_INPUT_REP1.spp.pdf",
                "star/merged_library/phantompeakqualtools/SPT5_INPUT_REP1.spp_correlation_mqc.tsv",
                "star/merged_library/phantompeakqualtools/SPT5_INPUT_REP1.spp_nsc_mqc.tsv",
                "star/merged_library/phantompeakqualtools/SPT5_INPUT_REP1.spp_rsc_mqc.tsv",
                "star/merged_library/phantompeakqualtools/SPT5_INPUT_REP2.spp.out",
                "star/merged_library/phantompeakqualtools/SPT5_INPUT_REP2.spp.pdf",
                "star/merged_library/phantompeakqualtools/SPT5_INPUT_REP2.spp_correlation_mqc.tsv",
                "star/merged_library/phantompeakqualtools/SPT5_INPUT_REP2.spp_nsc_mqc.tsv",
                "star/merged_library/phantompeakqualtools/SPT5_INPUT_REP2.spp_rsc_mqc.tsv",
                "star/merged_library/phantompeakqualtools/SPT5_T0_REP1.spp.out",
                "star/merged_library/phantompeakqualtools/SPT5_T0_REP1.spp.pdf",
                "star/merged_library/phantompeakqualtools/SPT5_T0_REP1.spp_correlation_mqc.tsv",
                "star/merged_library/phantompeakqualtools/SPT5_T0_REP1.spp_nsc_mqc.tsv",
                "star/merged_library/phantompeakqualtools/SPT5_T0_REP1.spp_rsc_mqc.tsv",
                "star/merged_library/phantompeakqualtools/SPT5_T0_REP2.spp.out",
                "star/merged_library/phantompeakqualtools/SPT5_T0_REP2.spp.pdf",
                "star/merged_library/phantompeakqualtools/SPT5_T0_REP2.spp_correlation_mqc.tsv",
                "star/merged_library/phantompeakqualtools/SPT5_T0_REP2.spp_nsc_mqc.tsv",
                "star/merged_library/phantompeakqualtools/SPT5_T0_REP2.spp_rsc_mqc.tsv",
                "star/merged_library/phantompeakqualtools/SPT5_T15_REP1.spp.out",
                "star/merged_library/phantompeakqualtools/SPT5_T15_REP1.spp.pdf",
                "star/merged_library/phantompeakqualtools/SPT5_T15_REP1.spp_correlation_mqc.tsv",
                "star/merged_library/phantompeakqualtools/SPT5_T15_REP1.spp_nsc_mqc.tsv",
                "star/merged_library/phantompeakqualtools/SPT5_T15_REP1.spp_rsc_mqc.tsv",
                "star/merged_library/phantompeakqualtools/SPT5_T15_REP2.spp.out",
                "star/merged_library/phantompeakqualtools/SPT5_T15_REP2.spp.pdf",
                "star/merged_library/phantompeakqualtools/SPT5_T15_REP2.spp_correlation_mqc.tsv",
                "star/merged_library/phantompeakqualtools/SPT5_T15_REP2.spp_nsc_mqc.tsv",
                "star/merged_library/phantompeakqualtools/SPT5_T15_REP2.spp_rsc_mqc.tsv",
                "star/merged_library/picard_metrics",
                "star/merged_library/picard_metrics/SPT5_INPUT_REP1.mLb.clN.sorted.CollectMultipleMetrics.alignment_summary_metrics",
                "star/merged_library/picard_metrics/SPT5_INPUT_REP1.mLb.clN.sorted.CollectMultipleMetrics.base_distribution_by_cycle_metrics",
                "star/merged_library/picard_metrics/SPT5_INPUT_REP1.mLb.clN.sorted.CollectMultipleMetrics.insert_size_metrics",
                "star/merged_library/picard_metrics/SPT5_INPUT_REP1.mLb.clN.sorted.CollectMultipleMetrics.quality_by_cycle_metrics",
                "star/merged_library/picard_metrics/SPT5_INPUT_REP1.mLb.clN.sorted.CollectMultipleMetrics.quality_distribution_metrics",
                "star/merged_library/picard_metrics/SPT5_INPUT_REP1.mLb.mkD.sorted.metrics.txt",
                "star/merged_library/picard_metrics/SPT5_INPUT_REP2.mLb.clN.sorted.CollectMultipleMetrics.alignment_summary_metrics",
                "star/merged_library/picard_metrics/SPT5_INPUT_REP2.mLb.clN.sorted.CollectMultipleMetrics.base_distribution_by_cycle_metrics",
                "star/merged_library/picard_metrics/SPT5_INPUT_REP2.mLb.clN.sorted.CollectMultipleMetrics.insert_size_metrics",
                "star/merged_library/picard_metrics/SPT5_INPUT_REP2.mLb.clN.sorted.CollectMultipleMetrics.quality_by_cycle_metrics",
                "star/merged_library/picard_metrics/SPT5_INPUT_REP2.mLb.clN.sorted.CollectMultipleMetrics.quality_distribution_metrics",
                "star/merged_library/picard_metrics/SPT5_INPUT_REP2.mLb.mkD.sorted.metrics.txt",
                "star/merged_library/picard_metrics/SPT5_T0_REP1.mLb.clN.sorted.CollectMultipleMetrics.alignment_summary_metrics",
                "star/merged_library/picard_metrics/SPT5_T0_REP1.mLb.clN.sorted.CollectMultipleMetrics.base_distribution_by_cycle_metrics",
                "star/merged_library/picard_metrics/SPT5_T0_REP1.mLb.clN.sorted.CollectMultipleMetrics.insert_size_metrics",
                "star/merged_library/picard_metrics/SPT5_T0_REP1.mLb.clN.sorted.CollectMultipleMetrics.quality_by_cycle_metrics",
                "star/merged_library/picard_metrics/SPT5_T0_REP1.mLb.clN.sorted.CollectMultipleMetrics.quality_distribution_metrics",
                "star/merged_library/picard_metrics/SPT5_T0_REP1.mLb.mkD.sorted.metrics.txt",
                "star/merged_library/picard_metrics/SPT5_T0_REP2.mLb.clN.sorted.CollectMultipleMetrics.alignment_summary_metrics",
                "star/merged_library/picard_metrics/SPT5_T0_REP2.mLb.clN.sorted.CollectMultipleMetrics.base_distribution_by_cycle_metrics",
                "star/merged_library/picard_metrics/SPT5_T0_REP2.mLb.clN.sorted.CollectMultipleMetrics.insert_size_metrics",
                "star/merged_library/picard_metrics/SPT5_T0_REP2.mLb.clN.sorted.CollectMultipleMetrics.quality_by_cycle_metrics",
                "star/merged_library/picard_metrics/SPT5_T0_REP2.mLb.clN.sorted.CollectMultipleMetrics.quality_distribution_metrics",
                "star/merged_library/picard_metrics/SPT5_T0_REP2.mLb.mkD.sorted.metrics.txt",
                "star/merged_library/picard_metrics/SPT5_T15_REP1.mLb.clN.sorted.CollectMultipleMetrics.alignment_summary_metrics",
                "star/merged_library/picard_metrics/SPT5_T15_REP1.mLb.clN.sorted.CollectMultipleMetrics.base_distribution_by_cycle_metrics",
                "star/merged_library/picard_metrics/SPT5_T15_REP1.mLb.clN.sorted.CollectMultipleMetrics.insert_size_metrics",
                "star/merged_library/picard_metrics/SPT5_T15_REP1.mLb.clN.sorted.CollectMultipleMetrics.quality_by_cycle_metrics",
                "star/merged_library/picard_metrics/SPT5_T15_REP1.mLb.clN.sorted.CollectMultipleMetrics.quality_distribution_metrics",
                "star/merged_library/picard_metrics/SPT5_T15_REP1.mLb.mkD.sorted.metrics.txt",
                "star/merged_library/picard_metrics/SPT5_T15_REP2.mLb.clN.sorted.CollectMultipleMetrics.alignment_summary_metrics",
                "star/merged_library/picard_metrics/SPT5_T15_REP2.mLb.clN.sorted.CollectMultipleMetrics.base_distribution_by_cycle_metrics",
                "star/merged_library/picard_metrics/SPT5_T15_REP2.mLb.clN.sorted.CollectMultipleMetrics.insert_size_metrics",
                "star/merged_library/picard_metrics/SPT5_T15_REP2.mLb.clN.sorted.CollectMultipleMetrics.quality_by_cycle_metrics",
                "star/merged_library/picard_metrics/SPT5_T15_REP2.mLb.clN.sorted.CollectMultipleMetrics.quality_distribution_metrics",
                "star/merged_library/picard_metrics/SPT5_T15_REP2.mLb.mkD.sorted.metrics.txt",
                "star/merged_library/picard_metrics/pdf",
                "star/merged_library/picard_metrics/pdf/SPT5_INPUT_REP1.mLb.clN.sorted.CollectMultipleMetrics.base_distribution_by_cycle.pdf",
                "star/merged_library/picard_metrics/pdf/SPT5_INPUT_REP1.mLb.clN.sorted.CollectMultipleMetrics.insert_size_histogram.pdf",
                "star/merged_library/picard_metrics/pdf/SPT5_INPUT_REP1.mLb.clN.sorted.CollectMultipleMetrics.quality_by_cycle.pdf",
                "star/merged_library/picard_metrics/pdf/SPT5_INPUT_REP1.mLb.clN.sorted.CollectMultipleMetrics.quality_distribution.pdf",
                "star/merged_library/picard_metrics/pdf/SPT5_INPUT_REP1.mLb.clN.sorted.CollectMultipleMetrics.read_length_histogram.pdf",
                "star/merged_library/picard_metrics/pdf/SPT5_INPUT_REP2.mLb.clN.sorted.CollectMultipleMetrics.base_distribution_by_cycle.pdf",
                "star/merged_library/picard_metrics/pdf/SPT5_INPUT_REP2.mLb.clN.sorted.CollectMultipleMetrics.insert_size_histogram.pdf",
                "star/merged_library/picard_metrics/pdf/SPT5_INPUT_REP2.mLb.clN.sorted.CollectMultipleMetrics.quality_by_cycle.pdf",
                "star/merged_library/picard_metrics/pdf/SPT5_INPUT_REP2.mLb.clN.sorted.CollectMultipleMetrics.quality_distribution.pdf",
                "star/merged_library/picard_metrics/pdf/SPT5_INPUT_REP2.mLb.clN.sorted.CollectMultipleMetrics.read_length_histogram.pdf",
                "star/merged_library/picard_metrics/pdf/SPT5_T0_REP1.mLb.clN.sorted.CollectMultipleMetrics.base_distribution_by_cycle.pdf",
                "star/merged_library/picard_metrics/pdf/SPT5_T0_REP1.mLb.clN.sorted.CollectMultipleMetrics.insert_size_histogram.pdf",
                "star/merged_library/picard_metrics/pdf/SPT5_T0_REP1.mLb.clN.sorted.CollectMultipleMetrics.quality_by_cycle.pdf",
                "star/merged_library/picard_metrics/pdf/SPT5_T0_REP1.mLb.clN.sorted.CollectMultipleMetrics.quality_distribution.pdf",
                "star/merged_library/picard_metrics/pdf/SPT5_T0_REP1.mLb.clN.sorted.CollectMultipleMetrics.read_length_histogram.pdf",
                "star/merged_library/picard_metrics/pdf/SPT5_T0_REP2.mLb.clN.sorted.CollectMultipleMetrics.base_distribution_by_cycle.pdf",
                "star/merged_library/picard_metrics/pdf/SPT5_T0_REP2.mLb.clN.sorted.CollectMultipleMetrics.insert_size_histogram.pdf",
                "star/merged_library/picard_metrics/pdf/SPT5_T0_REP2.mLb.clN.sorted.CollectMultipleMetrics.quality_by_cycle.pdf",
                "star/merged_library/picard_metrics/pdf/SPT5_T0_REP2.mLb.clN.sorted.CollectMultipleMetrics.quality_distribution.pdf",
                "star/merged_library/picard_metrics/pdf/SPT5_T0_REP2.mLb.clN.sorted.CollectMultipleMetrics.read_length_histogram.pdf",
                "star/merged_library/picard_metrics/pdf/SPT5_T15_REP1.mLb.clN.sorted.CollectMultipleMetrics.base_distribution_by_cycle.pdf",
                "star/merged_library/picard_metrics/pdf/SPT5_T15_REP1.mLb.clN.sorted.CollectMultipleMetrics.insert_size_histogram.pdf",
                "star/merged_library/picard_metrics/pdf/SPT5_T15_REP1.mLb.clN.sorted.CollectMultipleMetrics.quality_by_cycle.pdf",
                "star/merged_library/picard_metrics/pdf/SPT5_T15_REP1.mLb.clN.sorted.CollectMultipleMetrics.quality_distribution.pdf",
                "star/merged_library/picard_metrics/pdf/SPT5_T15_REP1.mLb.clN.sorted.CollectMultipleMetrics.read_length_histogram.pdf",
                "star/merged_library/picard_metrics/pdf/SPT5_T15_REP2.mLb.clN.sorted.CollectMultipleMetrics.base_distribution_by_cycle.pdf",
                "star/merged_library/picard_metrics/pdf/SPT5_T15_REP2.mLb.clN.sorted.CollectMultipleMetrics.insert_size_histogram.pdf",
                "star/merged_library/picard_metrics/pdf/SPT5_T15_REP2.mLb.clN.sorted.CollectMultipleMetrics.quality_by_cycle.pdf",
                "star/merged_library/picard_metrics/pdf/SPT5_T15_REP2.mLb.clN.sorted.CollectMultipleMetrics.quality_distribution.pdf",
                "star/merged_library/picard_metrics/pdf/SPT5_T15_REP2.mLb.clN.sorted.CollectMultipleMetrics.read_length_histogram.pdf",
                "star/merged_library/samtools_stats",
                "star/merged_library/samtools_stats/SPT5_INPUT_REP1.mLb.clN.sorted.bam.flagstat",
                "star/merged_library/samtools_stats/SPT5_INPUT_REP1.mLb.clN.sorted.bam.idxstats",
                "star/merged_library/samtools_stats/SPT5_INPUT_REP1.mLb.clN.sorted.bam.stats",
                "star/merged_library/samtools_stats/SPT5_INPUT_REP2.mLb.clN.sorted.bam.flagstat",
                "star/merged_library/samtools_stats/SPT5_INPUT_REP2.mLb.clN.sorted.bam.idxstats",
                "star/merged_library/samtools_stats/SPT5_INPUT_REP2.mLb.clN.sorted.bam.stats",
                "star/merged_library/samtools_stats/SPT5_T0_REP1.mLb.clN.sorted.bam.flagstat",
                "star/merged_library/samtools_stats/SPT5_T0_REP1.mLb.clN.sorted.bam.idxstats",
                "star/merged_library/samtools_stats/SPT5_T0_REP1.mLb.clN.sorted.bam.stats",
                "star/merged_library/samtools_stats/SPT5_T0_REP2.mLb.clN.sorted.bam.flagstat",
                "star/merged_library/samtools_stats/SPT5_T0_REP2.mLb.clN.sorted.bam.idxstats",
                "star/merged_library/samtools_stats/SPT5_T0_REP2.mLb.clN.sorted.bam.stats",
                "star/merged_library/samtools_stats/SPT5_T15_REP1.mLb.clN.sorted.bam.flagstat",
                "star/merged_library/samtools_stats/SPT5_T15_REP1.mLb.clN.sorted.bam.idxstats",
                "star/merged_library/samtools_stats/SPT5_T15_REP1.mLb.clN.sorted.bam.stats",
                "star/merged_library/samtools_stats/SPT5_T15_REP2.mLb.clN.sorted.bam.flagstat",
                "star/merged_library/samtools_stats/SPT5_T15_REP2.mLb.clN.sorted.bam.idxstats",
                "star/merged_library/samtools_stats/SPT5_T15_REP2.mLb.clN.sorted.bam.stats",
                "trimgalore",
                "trimgalore/fastqc",
                "trimgalore/fastqc/SPT5_INPUT_REP1_T1_1_val_1_fastqc.html",
                "trimgalore/fastqc/SPT5_INPUT_REP1_T1_2_val_2_fastqc.html",
                "trimgalore/fastqc/SPT5_INPUT_REP2_T1_1_val_1_fastqc.html",
                "trimgalore/fastqc/SPT5_INPUT_REP2_T1_2_val_2_fastqc.html",
                "trimgalore/fastqc/SPT5_T0_REP1_T1_1_val_1_fastqc.html",
                "trimgalore/fastqc/SPT5_T0_REP1_T1_2_val_2_fastqc.html",
                "trimgalore/fastqc/SPT5_T0_REP2_T1_1_val_1_fastqc.html",
                "trimgalore/fastqc/SPT5_T0_REP2_T1_2_val_2_fastqc.html",
                "trimgalore/fastqc/SPT5_T15_REP1_T1_1_val_1_fastqc.html",
                "trimgalore/fastqc/SPT5_T15_REP1_T1_2_val_2_fastqc.html",
                "trimgalore/fastqc/SPT5_T15_REP2_T1_1_val_1_fastqc.html",
                "trimgalore/fastqc/SPT5_T15_REP2_T1_2_val_2_fastqc.html",
                "trimgalore/fastqc/zips",
                "trimgalore/fastqc/zips/SPT5_INPUT_REP1_T1_1_val_1_fastqc.zip",
                "trimgalore/fastqc/zips/SPT5_INPUT_REP1_T1_2_val_2_fastqc.zip",
                "trimgalore/fastqc/zips/SPT5_INPUT_REP2_T1_1_val_1_fastqc.zip",
                "trimgalore/fastqc/zips/SPT5_INPUT_REP2_T1_2_val_2_fastqc.zip",
                "trimgalore/fastqc/zips/SPT5_T0_REP1_T1_1_val_1_fastqc.zip",
                "trimgalore/fastqc/zips/SPT5_T0_REP1_T1_2_val_2_fastqc.zip",
                "trimgalore/fastqc/zips/SPT5_T0_REP2_T1_1_val_1_fastqc.zip",
                "trimgalore/fastqc/zips/SPT5_T0_REP2_T1_2_val_2_fastqc.zip",
                "trimgalore/fastqc/zips/SPT5_T15_REP1_T1_1_val_1_fastqc.zip",
                "trimgalore/fastqc/zips/SPT5_T15_REP1_T1_2_val_2_fastqc.zip",
                "trimgalore/fastqc/zips/SPT5_T15_REP2_T1_1_val_1_fastqc.zip",
                "trimgalore/fastqc/zips/SPT5_T15_REP2_T1_2_val_2_fastqc.zip",
                "trimgalore/logs",
                "trimgalore/logs/SPT5_INPUT_REP1_T1_1.fastq.gz_trimming_report.txt",
                "trimgalore/logs/SPT5_INPUT_REP1_T1_2.fastq.gz_trimming_report.txt",
                "trimgalore/logs/SPT5_INPUT_REP2_T1_1.fastq.gz_trimming_report.txt",
                "trimgalore/logs/SPT5_INPUT_REP2_T1_2.fastq.gz_trimming_report.txt",
                "trimgalore/logs/SPT5_T0_REP1_T1_1.fastq.gz_trimming_report.txt",
                "trimgalore/logs/SPT5_T0_REP1_T1_2.fastq.gz_trimming_report.txt",
                "trimgalore/logs/SPT5_T0_REP2_T1_1.fastq.gz_trimming_report.txt",
                "trimgalore/logs/SPT5_T0_REP2_T1_2.fastq.gz_trimming_report.txt",
                "trimgalore/logs/SPT5_T15_REP1_T1_1.fastq.gz_trimming_report.txt",
                "trimgalore/logs/SPT5_T15_REP1_T1_2.fastq.gz_trimming_report.txt",
                "trimgalore/logs/SPT5_T15_REP2_T1_1.fastq.gz_trimming_report.txt",
                "trimgalore/logs/SPT5_T15_REP2_T1_2.fastq.gz_trimming_report.txt"
            ],
            [
                "genome.fa:md5,4bad9f4b18056156a81f7f952abbe125",
                "genome.fa.fai:md5,6f4c0ce5258e6948135ad006e1f9ee1b",
                "genome.fa.sizes:md5,e122f8021a5ef14104c32785cb9b7adc",
                "cutadapt_filtered_reads_plot.yaml:md5,976fdb8049d847c977195863418e3655",
                "cutadapt_trimmed_sequences_plot_3_Counts.yaml:md5,1dba61b1d90518e1f020b71c4cfa04c4",
                "cutadapt_trimmed_sequences_plot_3_Obs_Exp.yaml:md5,42335c2990d3a991e2bd0716f80b0515",
                "fastqc-1-status-check-heatmap.yaml:md5,6c6e1591b5ff248c85446f9728a3dad4",
                "fastqc-1_adapter_content_plot.yaml:md5,8acbcb9c6f3b5e42b19a7ab4bd1d607b",
                "fastqc-1_per_base_n_content_plot.yaml:md5,24c7a2b7d290d797e7757adfd7b67175",
                "fastqc-1_per_base_sequence_quality_plot.yaml:md5,ddaf5d8d0dad842c9e00a9cdde2a82c7",
                "fastqc-1_per_sequence_gc_content_plot_Counts.yaml:md5,191d3d72a05700fa5b69854ff47b6e66",
                "fastqc-1_per_sequence_gc_content_plot_Percentages.yaml:md5,f9cc6e0466e1791e9b3bd765ab3b9a57",
                "fastqc-1_per_sequence_quality_scores_plot.yaml:md5,6bfed2114551676b4c60e897f12c6e12",
                "fastqc-1_sequence_counts_plot.yaml:md5,6ca3a8cf8d258777e29b8e8731157d90",
                "fastqc-1_sequence_duplication_levels_plot.yaml:md5,fa8e5813c72d6366bf50d99c0eb20f56",
                "fastqc-1_top_overrepresented_sequences_table.yaml:md5,a333a02f5313876cf1713d7b0168d5f3",
                "fastqc-status-check-heatmap.yaml:md5,1e473e0f9140b718607d8c72cf3c0b45",
                "fastqc_adapter_content_plot.yaml:md5,de00547c4d9e5920e0e5c5b1f47981f7",
                "fastqc_per_base_n_content_plot.yaml:md5,a2ac6f6a3323630922fb494def39b5c1",
                "fastqc_per_base_sequence_quality_plot.yaml:md5,b0a022b4a3db86cc799142779155f9ed",
                "fastqc_per_sequence_gc_content_plot_Counts.yaml:md5,679a374990a8c3b7a87fc55afca4c5f8",
                "fastqc_per_sequence_gc_content_plot_Percentages.yaml:md5,c7a1700b9f6987c5dea327799902204a",
                "fastqc_per_sequence_quality_scores_plot.yaml:md5,d4a8f8ced23faa497edb023ac00d9632",
                "fastqc_sequence_counts_plot.yaml:md5,5522b2b42f0b3753dd359aad1565d7c2",
                "fastqc_sequence_duplication_levels_plot.yaml:md5,e5532eac263c0b33ed3c024eca5fce94",
                "fastqc_sequence_length_distribution_plot.yaml:md5,e701cb601de4693ab09473b849e4f110",
                "fastqc_top_overrepresented_sequences_table.yaml:md5,443e161371f73cebf63c14f7a9f3580d",
                "featureCounts_assignment_plot.yaml:md5,af828a63e428826fc5d3ff32647ce0c0",
                "multiqc_citations.yaml:md5,fca5dc7cb20162434c714d26b11161f3",
                "multiqc_fastqc.yaml:md5,30fe6d1a5e5c04695dda81294b828ec9",
                "multiqc_fastqc_fastqc-1.yaml:md5,cd4a85c27c3cf85f1d0612afce793186",
                "multiqc_featurecounts.yaml:md5,f69f606ff89c226af76a314ef8d5c570",
                "multiqc_frip_score.yaml:md5,36436376e2c9a22a938134a7622f1329",
                "multiqc_nsc_coefficient.yaml:md5,db4bf467647aaa58aa24f9c2a84baeed",
                "multiqc_peak_annotation.yaml:md5,9fcdf450e744f8e9939eefbc3328addc",
                "multiqc_peak_count.yaml:md5,36fff5b98ab269eaf389ba9e92e90720",
                "multiqc_phantompeakqualtools.yaml:md5,41ee3c7cb346e8edd6bfa1840dbb3148",
                "multiqc_picard-1_AlignmentSummaryMetrics_picard-1.yaml:md5,a08a48e002fbc010d987f067bccf9d21",
                "multiqc_picard-1_insertSize_picard-1.yaml:md5,d5752d2971e46bdb039b26e13975e0a8",
                "multiqc_picard-1_quality_by_cycle_picard-1.yaml:md5,274510d9d5ebd92855c91575d689f23c",
                "multiqc_picard-1_quality_score_distribution_picard-1.yaml:md5,7181c6520952202b6f6c4c59a79e2f9f",
                "multiqc_picard_baseContent_picard-1.yaml:md5,afeae1015f2202d6860a463f74f2dfb2",
                "multiqc_picard_dups.yaml:md5,12a480fb4ec36fadd7de6b79d6646f77",
                "multiqc_rsc_coefficient.yaml:md5,fd55f3f1c4324f4fcfa5222d846b894a",
                "multiqc_samtools_flagstat.yaml:md5,052425f0d7c1b6b685ff13eddd1f7c3d",
                "multiqc_samtools_flagstat_samtools-1.yaml:md5,68cc882c81e39977e7ee7e11f480c7a3",
                "multiqc_samtools_flagstat_samtools-2.yaml:md5,24b7467f1c4958f748fbef7b5cb90b2e",
                "multiqc_samtools_idxstats.yaml:md5,161755a5da0e2f64d009b29db7caf3ee",
                "multiqc_samtools_idxstats_samtools-1.yaml:md5,46ecc1660878d96d3c8ec4a5d7241032",
                "multiqc_samtools_idxstats_samtools-2.yaml:md5,aee859edcc202e01934b40ca15c1e4f7",
                "multiqc_samtools_stats.yaml:md5,54cd4858dcc218d7a863fa4cd6011b5b",
                "multiqc_samtools_stats_samtools-1.yaml:md5,1c9ab92b301b6d0128eb73defdbf5979",
                "multiqc_samtools_stats_samtools-2.yaml:md5,f0d498cb924131664569a56c90c389c4",
                "picard-1_MarkIlluminaAdapters_histogram_picard-1.yaml:md5,8a80554c91d9fca8acb82f023de02f11",
                "picard-1_MeanQualityByCycle_histogram_picard-1.yaml:md5,8a80554c91d9fca8acb82f023de02f11",
                "picard-1_MeanQualityByCycle_histogram_picard-1_1.yaml:md5,274510d9d5ebd92855c91575d689f23c",
                "picard-1_QualityScoreDistribution_histogram_picard-1.yaml:md5,7181c6520952202b6f6c4c59a79e2f9f",
                "picard-1_alignment_readlength_plot.yaml:md5,43006423c38f9dacc54308a545ce27d6",
                "picard-1_alignment_summary_Aligned_Bases.yaml:md5,1bfcb93e21b3630f3dba984a190b5c67",
                "picard-1_alignment_summary_Aligned_Reads.yaml:md5,364411d722c2569b232d8d1f306270f6",
                "picard-1_insert_size_Counts.yaml:md5,80a275af8db5394c70cee179aee54667",
                "picard-1_insert_size_Percentages.yaml:md5,0a34c1f50d67f6ffc9b87641fcbf67a3",
                "picard-1_quality_by_cycle.yaml:md5,61d735699fb066ec16341ee84a0b7b0a",
                "picard-1_quality_score_distribution.yaml:md5,f9fa9aea9ebe0b26ab3dccb14da54d48",
                "picard_MarkIlluminaAdapters_histogram.yaml:md5,8a80554c91d9fca8acb82f023de02f11",
                "picard_MeanQualityByCycle_histogram.yaml:md5,8a80554c91d9fca8acb82f023de02f11",
                "picard_MeanQualityByCycle_histogram_1.yaml:md5,8a80554c91d9fca8acb82f023de02f11",
                "picard_QualityScoreDistribution_histogram.yaml:md5,8a80554c91d9fca8acb82f023de02f11",
                "picard_base_distribution_by_cycle__Adenine.yaml:md5,c987ceed3cfaa9d9bf483c1e38aae674",
                "picard_base_distribution_by_cycle__Cytosine.yaml:md5,edf33d12cbae5b8aa218f0102f2f80ec",
                "picard_base_distribution_by_cycle__Guanine.yaml:md5,bce2a947fe124c078a1b28bf5367658a",
                "picard_base_distribution_by_cycle__Thymine.yaml:md5,344abd38aa71f1c83d6279c44f2c36cd",
                "picard_base_distribution_by_cycle__Undetermined.yaml:md5,80f34d5f6817fd82ad33b2c9c8d85a3c",
                "picard_deduplication.yaml:md5,2e601aca787c042f3217006177626c54",
                "samtools-flagstat-pct-table.yaml:md5,1a17e60308156cb05bacdc4450aeb373",
                "samtools-flagstat-table.yaml:md5,84527e9fcc6cd9af3a5a1b04a90e3f99",
                "samtools-idxstats-mapped-reads-plot_Normalised_Counts-1.yaml:md5,e4482329fe0cc9a766ff77da5364edbb",
                "samtools-idxstats-mapped-reads-plot_Normalised_Counts-2.yaml:md5,7a74c5b9073cf1f5ecf8121e227b60f3",
                "samtools-idxstats-mapped-reads-plot_Normalised_Counts.yaml:md5,f97f198e1eccd9de2fd6ded1f3cccfcb",
                "samtools-idxstats-mapped-reads-plot_Observed_over_Expected_Counts-1.yaml:md5,97ed83a1bcc418a5ed85e3127fd3e122",
                "samtools-idxstats-mapped-reads-plot_Observed_over_Expected_Counts-2.yaml:md5,6cdd0622ae66e61630fa2dcd26575961",
                "samtools-idxstats-mapped-reads-plot_Observed_over_Expected_Counts.yaml:md5,6761453407279a97cb9cc3ca1137c97f",
                "samtools-idxstats-mapped-reads-plot_Raw_Counts-1.yaml:md5,d180edd0ff8240b3e185b600478ac562",
                "samtools-idxstats-mapped-reads-plot_Raw_Counts-2.yaml:md5,29cc7b62046ca2a50b552060d76bbf2c",
                "samtools-idxstats-mapped-reads-plot_Raw_Counts.yaml:md5,928f43f5e3249d4fa62672d82fc8f7b3",
                "samtools-stats-dp.yaml:md5,3334c53a05a1f70ee4bd06226479a1a5",
                "samtools_alignment_plot.yaml:md5,e78658bf88e7d795367a1c1323d96b62",
                "samplesheet.valid.csv:md5,276425084544b3baf533e2f17207a384",
                "SPT5_INPUT_REP1_T1.SJ.out.tab:md5,d41d8cd98f00b204e9800998ecf8427e",
                "SPT5_INPUT_REP2_T1.SJ.out.tab:md5,a9622ab87264c0ebeafce71db1307c8d",
                "SPT5_T0_REP1_T1.SJ.out.tab:md5,d41d8cd98f00b204e9800998ecf8427e",
                "SPT5_T0_REP2_T1.SJ.out.tab:md5,d41d8cd98f00b204e9800998ecf8427e",
                "SPT5_T15_REP1_T1.SJ.out.tab:md5,d41d8cd98f00b204e9800998ecf8427e",
                "SPT5_T15_REP2_T1.SJ.out.tab:md5,d41d8cd98f00b204e9800998ecf8427e",
                "SPT5_INPUT_REP1.mLb.clN.bedGraph:md5,27ec9b3ea78e51a6747f10e87fb28e75",
                "SPT5_INPUT_REP2.mLb.clN.bedGraph:md5,0f5eaf0b37296d9a39240163d428d3da",
                "SPT5_T0_REP1.mLb.clN.bedGraph:md5,16be7d838c6ccb52a7205d6affe4856a",
                "SPT5_T0_REP2.mLb.clN.bedGraph:md5,7fe898c6cdf6d00ff90144ba391bb9df",
                "SPT5_T15_REP1.mLb.clN.bedGraph:md5,2ab1546e5cf69c46f0340054a8f78efd",
                "SPT5_T15_REP2.mLb.clN.bedGraph:md5,04a755253939b714f9fe92667ceecad2",
                "SPT5_T0_REP1_peaks.broadPeak:md5,5c48f4161896e2e5b19524737643ad95",
                "SPT5_T0_REP1_peaks.gappedPeak:md5,15e0b902c54e444514e555a096468ed6",
                "SPT5_T0_REP1_peaks.xls:md5,713e133e92dc3f9829be9f560667b399",
                "SPT5_T0_REP2_peaks.broadPeak:md5,79103c79030c78fc1325e4cbafc95e5c",
                "SPT5_T0_REP2_peaks.gappedPeak:md5,51521b317d347c44e6cd22f1d199a674",
                "SPT5_T0_REP2_peaks.xls:md5,092dc89f9153cc1d548f612894420a87",
                "SPT5_T15_REP1_peaks.broadPeak:md5,4604a39c23ae9bc13e841e692067f8b5",
                "SPT5_T15_REP1_peaks.gappedPeak:md5,b0df674e7aaab8416fb6e28a8c7e19ec",
                "SPT5_T15_REP1_peaks.xls:md5,14fdfd61c5e2cd9e585b14d3644e5e77",
                "SPT5_T15_REP2_peaks.broadPeak:md5,35dddf1de1ca8d71b23dbce7fd71b2bf",
                "SPT5_T15_REP2_peaks.gappedPeak:md5,4cb902c720f6b7fe3c805f01297f8fc3",
                "SPT5_T15_REP2_peaks.xls:md5,9e0c806473ac230751c34633faf4505f",
                "SPT5.consensus_peaks.antibody.txt:md5,8d7549b0cb2e42ffd5c23879e7f54ce9",
                "SPT5.consensus_peaks.bed:md5,d4b24e01db0c16067e8664b09ac82727",
                "SPT5.consensus_peaks.boolean.intersect.txt:md5,139332a4ef8cc9bb579b59a89a2733d9",
                "SPT5.consensus_peaks.boolean.txt:md5,64ff738adf7975f9b1dd7856097aa937",
                "SPT5.consensus_peaks.saf:md5,a683c45f94a5657267b85079ee255c47",
                "R_sessionInfo.log:md5,fb0da0d7ad6994ed66a8e68348b19676",
                "SPT5_T0_REP1.txt:md5,a347c6ec9b54de883eb50c91392b0058",
                "SPT5_T0_REP2.txt:md5,713fcd986e25427f46dcbb0bc84e1cac",
                "SPT5_T15_REP1.txt:md5,4486de2a4215767549c5cb1ce00e4627",
                "SPT5_T15_REP2.txt:md5,dff02d73c5e86137f11f4352d1c42c8d",
                "SPT5_T0_REP1.FRiP_mqc.tsv:md5,18b703b4e72845d8666f6629159ac53c",
                "SPT5_T0_REP1.peak_count_mqc.tsv:md5,216c166c0ad3b74cae18a73f5e466bca",
                "SPT5_T0_REP2.FRiP_mqc.tsv:md5,cfe37873afe8572b7e1a3a229517f88d",
                "SPT5_T0_REP2.peak_count_mqc.tsv:md5,b66e4517b062acf30970ddfe9bf01ee3",
                "SPT5_T15_REP1.FRiP_mqc.tsv:md5,136de5ea6fd969d4b020e72cc787553f",
                "SPT5_T15_REP1.peak_count_mqc.tsv:md5,a410be995115d5395bddad58356c9317",
                "SPT5_T15_REP2.FRiP_mqc.tsv:md5,375dc140735e345ba2e69ae9d7548487",
                "SPT5_T15_REP2.peak_count_mqc.tsv:md5,7cf04251bb45fa69667e008221cf9574",
                "SPT5_INPUT_REP1.mLb.clN.sorted.bam.flagstat:md5,eab2d557e005abce4fca95f1393d6821",
                "SPT5_INPUT_REP1.mLb.clN.sorted.bam.idxstats:md5,c35a726fcffa4b526325847aab379cc5",
                "SPT5_INPUT_REP2.mLb.clN.sorted.bam.flagstat:md5,a0559f289e9e537c0ea7aff0dc4e747f",
                "SPT5_INPUT_REP2.mLb.clN.sorted.bam.idxstats:md5,c58de994b339515b810056873cf07d01",
                "SPT5_T0_REP1.mLb.clN.sorted.bam.flagstat:md5,c88393f02eaea9cbdf5b615ac4616982",
                "SPT5_T0_REP1.mLb.clN.sorted.bam.idxstats:md5,60eee697e117738370bb9716feb0d227",
                "SPT5_T0_REP2.mLb.clN.sorted.bam.flagstat:md5,1667c5ae25ead83bdda8e001d255f2fb",
                "SPT5_T0_REP2.mLb.clN.sorted.bam.idxstats:md5,cd2cac16f93a1c607957f4dee7a0ad49",
                "SPT5_T15_REP1.mLb.clN.sorted.bam.flagstat:md5,96f50b2e37e68b5d3ae7dffb64475875",
                "SPT5_T15_REP1.mLb.clN.sorted.bam.idxstats:md5,e64affaf9ed80b35b0bbee53a8031168",
                "SPT5_T15_REP2.mLb.clN.sorted.bam.flagstat:md5,ef103582d03109c664e11fe368ea3d4d",
                "SPT5_T15_REP2.mLb.clN.sorted.bam.idxstats:md5,aa2db2bcb3aa876cfbfe24b49d98aabd"
            ]
        ],
        "timestamp": "2026-07-15T12:28:14.404035",
        "meta": {
            "nf-test": "0.9.5",
            "nextflow": "26.04.0"
        }
    },
    "star with stub": {
        "content": [
            20
        ],
        "timestamp": "2026-07-15T12:28:44.226288",
        "meta": {
            "nf-test": "0.9.5",
            "nextflow": "26.04.0"
        }
    }
}